08:13:36 **** Clean-only build of configuration Debug for project lib_small_printf_m3 ****
make clean 
rm -rf  ./src/small_printf_float.o ./src/small_printf_nofloat.o ./src/small_printf_support.o ./src/small_utils.o  ./src/small_printf_float.d ./src/small_printf_nofloat.d ./src/small_printf_support.d ./src/small_utils.d  liblib_small_printf_m3.a
 
08:13:37 **** Build of configuration Debug for project lib_small_printf_m3 ****
make all 
Building file: ../src/small_printf_float.c
Invoking: MCU C Compiler
arm-none-eabi-gcc -D__REDLIB__ -DDEBUG -D__CODE_RED -D__USE_CMSIS=CMSISv2p00_LPC11xx -I"C:\Users\RISBURT\Desktop\final_code\lib_small_printf_m3\inc" -I"C:\Users\RISBURT\Desktop\final_code\CMSISv2p00_LPC17xx\inc" -O0 -g3 -Wall -c -fmessage-length=0 -fno-builtin -ffunction-sections -fdata-sections -mcpu=cortex-m3 -mthumb -MMD -MP -MF"src/small_printf_float.d" -MT"src/small_printf_float.d" -o "src/small_printf_float.o" "../src/small_printf_float.c"
Finished building: ../src/small_printf_float.c
 
Building file: ../src/small_printf_nofloat.c
Invoking: MCU C Compiler
arm-none-eabi-gcc -D__REDLIB__ -DDEBUG -D__CODE_RED -D__USE_CMSIS=CMSISv2p00_LPC11xx -I"C:\Users\RISBURT\Desktop\final_code\lib_small_printf_m3\inc" -I"C:\Users\RISBURT\Desktop\final_code\CMSISv2p00_LPC17xx\inc" -O0 -g3 -Wall -c -fmessage-length=0 -fno-builtin -ffunction-sections -fdata-sections -mcpu=cortex-m3 -mthumb -MMD -MP -MF"src/small_printf_nofloat.d" -MT"src/small_printf_nofloat.d" -o "src/small_printf_nofloat.o" "../src/small_printf_nofloat.c"
Finished building: ../src/small_printf_nofloat.c
 
Building file: ../src/small_printf_support.c
Invoking: MCU C Compiler
arm-none-eabi-gcc -D__REDLIB__ -DDEBUG -D__CODE_RED -D__USE_CMSIS=CMSISv2p00_LPC11xx -I"C:\Users\RISBURT\Desktop\final_code\lib_small_printf_m3\inc" -I"C:\Users\RISBURT\Desktop\final_code\CMSISv2p00_LPC17xx\inc" -O0 -g3 -Wall -c -fmessage-length=0 -fno-builtin -ffunction-sections -fdata-sections -mcpu=cortex-m3 -mthumb -MMD -MP -MF"src/small_printf_support.d" -MT"src/small_printf_support.d" -o "src/small_printf_support.o" "../src/small_printf_support.c"
Finished building: ../src/small_printf_support.c
 
Building file: ../src/small_utils.c
Invoking: MCU C Compiler
arm-none-eabi-gcc -D__REDLIB__ -DDEBUG -D__CODE_RED -D__USE_CMSIS=CMSISv2p00_LPC11xx -I"C:\Users\RISBURT\Desktop\final_code\lib_small_printf_m3\inc" -I"C:\Users\RISBURT\Desktop\final_code\CMSISv2p00_LPC17xx\inc" -O0 -g3 -Wall -c -fmessage-length=0 -fno-builtin -ffunction-sections -fdata-sections -mcpu=cortex-m3 -mthumb -MMD -MP -MF"src/small_utils.d" -MT"src/small_utils.d" -o "src/small_utils.o" "../src/small_utils.c"
Finished building: ../src/small_utils.c
 
Building target: liblib_small_printf_m3.a
Invoking: MCU Archiver
arm-none-eabi-ar -r  "liblib_small_printf_m3.a"  ./src/small_printf_float.o ./src/small_printf_nofloat.o ./src/small_printf_support.o ./src/small_utils.o   
c:\nxp\LPCXpresso_6.1.4_194\lpcxpresso\tools\bin\arm-none-eabi-ar.exe: creating liblib_small_printf_m3.a
Finished building target: liblib_small_printf_m3.a
 
make --no-print-directory post-build
Performing post-build steps
arm-none-eabi-size "liblib_small_printf_m3.a" ; # arm-none-eabi-objdump -h -S "liblib_small_printf_m3.a" >"liblib_small_printf_m3.lss"
   text	   data	    bss	    dec	    hex	filename
   1856	      0	     84	   1940	    794	small_printf_float.o (ex liblib_small_printf_m3.a)
   1056	      0	      0	   1056	    420	small_printf_nofloat.o (ex liblib_small_printf_m3.a)
    644	      0	     12	    656	    290	small_printf_support.o (ex liblib_small_printf_m3.a)
    696	      0	      0	    696	    2b8	small_utils.o (ex liblib_small_printf_m3.a)
 
08:13:39 **** Clean-only build of configuration Debug for project CMSISv2p00_LPC17xx ****
make clean 
rm -rf  ./src/core_cm3.o ./src/system_LPC17xx.o  ./src/core_cm3.d ./src/system_LPC17xx.d  libCMSISv2p00_LPC17xx.a
 
08:13:39 **** Build of configuration Debug for project CMSISv2p00_LPC17xx ****
make all 
Building file: ../src/core_cm3.c
Invoking: MCU C Compiler
arm-none-eabi-gcc -D__REDLIB__ -DDEBUG -D__CODE_RED -I../inc -O0 -Os -g3 -Wall -c -fmessage-length=0 -fno-builtin -ffunction-sections -fdata-sections -mcpu=cortex-m3 -mthumb -MMD -MP -MF"src/core_cm3.d" -MT"src/core_cm3.d" -o "src/core_cm3.o" "../src/core_cm3.c"
Finished building: ../src/core_cm3.c
 
Building file: ../src/system_LPC17xx.c
Invoking: MCU C Compiler
arm-none-eabi-gcc -D__REDLIB__ -DDEBUG -D__CODE_RED -I../inc -O0 -Os -g3 -Wall -c -fmessage-length=0 -fno-builtin -ffunction-sections -fdata-sections -mcpu=cortex-m3 -mthumb -MMD -MP -MF"src/system_LPC17xx.d" -MT"src/system_LPC17xx.d" -o "src/system_LPC17xx.o" "../src/system_LPC17xx.c"
Finished building: ../src/system_LPC17xx.c
 
Building target: libCMSISv2p00_LPC17xx.a
Invoking: MCU Archiver
arm-none-eabi-ar -r  "libCMSISv2p00_LPC17xx.a"  ./src/core_cm3.o ./src/system_LPC17xx.o   
c:\nxp\LPCXpresso_6.1.4_194\lpcxpresso\tools\bin\arm-none-eabi-ar.exe: creating libCMSISv2p00_LPC17xx.a
Finished building target: libCMSISv2p00_LPC17xx.a
 
make --no-print-directory post-build
Performing post-build steps
arm-none-eabi-size libCMSISv2p00_LPC17xx.a ; # arm-none-eabi-objdump -h -S libCMSISv2p00_LPC17xx.a >libCMSISv2p00_LPC17xx.lss
   text	   data	    bss	    dec	    hex	filename
      0	      0	      0	      0	      0	core_cm3.o (ex libCMSISv2p00_LPC17xx.a)
    432	      4	      0	    436	    1b4	system_LPC17xx.o (ex libCMSISv2p00_LPC17xx.a)
 
08:13:40 **** Clean-only build of configuration Debug for project FreeRTOS-IO_Demo ****
make clean 
rm -rf  ./src/TEST_WDT.o ./src/cr_startup_lpc17.o ./src/debug.o ./src/main.o  ./FreeRTOS/src/croutine.o ./FreeRTOS/src/list.o ./FreeRTOS/src/queue.o ./FreeRTOS/src/tasks.o  ./FreeRTOS/port/memmang/heap_2.o  ./FreeRTOS/port/lpcxpresso/m3/port.o  ./FreeRTOS-IO/Device/LPC17xx/FreeRTOS_LPC17xx_DriverInterface.o ./FreeRTOS-IO/Device/LPC17xx/FreeRTOS_LPC17xx_wdt.o ./FreeRTOS-IO/Device/LPC17xx/WDTManage.o  ./FreeRTOS-IO/Common/FreeRTOS_DriverInterface.o  ./src/TEST_WDT.d ./src/cr_startup_lpc17.d ./src/debug.d ./src/main.d  ./FreeRTOS/src/croutine.d ./FreeRTOS/src/list.d ./FreeRTOS/src/queue.d ./FreeRTOS/src/tasks.d  ./FreeRTOS/port/memmang/heap_2.d  ./FreeRTOS/port/lpcxpresso/m3/port.d  ./FreeRTOS-IO/Device/LPC17xx/FreeRTOS_LPC17xx_DriverInterface.d ./FreeRTOS-IO/Device/LPC17xx/FreeRTOS_LPC17xx_wdt.d ./FreeRTOS-IO/Device/LPC17xx/WDTManage.d  ./FreeRTOS-IO/Common/FreeRTOS_DriverInterface.d  FreeRTOS-IO_Demo.axf
 
08:13:42 **** Incremental Build of configuration Debug for project FreeRTOS-IO_Demo ****
make all 
Building file: ../src/TEST_WDT.c
Invoking: MCU C Compiler
arm-none-eabi-gcc -D__REDLIB__ -D__CODE_RED -D__USE_CMSIS=CMSISv2p00_LPC17xx -I"C:\Users\RISBURT\Desktop\final_code\CMSISv2p00_LPC17xx" -I"C:\Users\RISBURT\Desktop\final_code\17xx.Firmware" -I"C:\Users\RISBURT\Desktop\final_code\lib_small_printf_m3\inc" -I"C:\Users\RISBURT\Desktop\final_code\17xx.Firmware\src" -I"C:\Users\RISBURT\Desktop\final_code\FreeRTOS-IO_Demo\FreeRTOS-IO\Device\LPC17xx\SupportedBoards" -I"C:\Users\RISBURT\Desktop\final_code\FreeRTOS-IO_Demo\FreeRTOS-IO\Include" -I"C:\Users\RISBURT\Desktop\final_code\17xx.Firmware\inc" -I"C:\Users\RISBURT\Desktop\final_code\FreeRTOS-IO_Demo\src" -I"C:\Users\RISBURT\Desktop\final_code\FreeRTOS-IO_Demo\FreeRTOS\inc" -I"C:\Users\RISBURT\Desktop\final_code\FreeRTOS-IO_Demo\FreeRTOS\port\lpcxpresso\m3" -I"C:\Users\RISBURT\Desktop\final_code\CMSISv2p00_LPC17xx\inc" -O0 -g3 -Wall -c -fmessage-length=0 -fno-builtin -ffunction-sections -fdata-sections -mcpu=cortex-m3 -mthumb -MMD -MP -MF"src/TEST_WDT.d" -MT"src/TEST_WDT.d" -o "src/TEST_WDT.o" "../src/TEST_WDT.c"
Finished building: ../src/TEST_WDT.c
 
Building file: ../src/cr_startup_lpc17.c
Invoking: MCU C Compiler
arm-none-eabi-gcc -D__REDLIB__ -D__CODE_RED -D__USE_CMSIS=CMSISv2p00_LPC17xx -I"C:\Users\RISBURT\Desktop\final_code\CMSISv2p00_LPC17xx" -I"C:\Users\RISBURT\Desktop\final_code\17xx.Firmware" -I"C:\Users\RISBURT\Desktop\final_code\lib_small_printf_m3\inc" -I"C:\Users\RISBURT\Desktop\final_code\17xx.Firmware\src" -I"C:\Users\RISBURT\Desktop\final_code\FreeRTOS-IO_Demo\FreeRTOS-IO\Device\LPC17xx\SupportedBoards" -I"C:\Users\RISBURT\Desktop\final_code\FreeRTOS-IO_Demo\FreeRTOS-IO\Include" -I"C:\Users\RISBURT\Desktop\final_code\17xx.Firmware\inc" -I"C:\Users\RISBURT\Desktop\final_code\FreeRTOS-IO_Demo\src" -I"C:\Users\RISBURT\Desktop\final_code\FreeRTOS-IO_Demo\FreeRTOS\inc" -I"C:\Users\RISBURT\Desktop\final_code\FreeRTOS-IO_Demo\FreeRTOS\port\lpcxpresso\m3" -I"C:\Users\RISBURT\Desktop\final_code\CMSISv2p00_LPC17xx\inc" -Os -g3 -Wall -c -fmessage-length=0 -fno-builtin -ffunction-sections -fdata-sections -mcpu=cortex-m3 -mthumb -MMD -MP -MF"src/cr_startup_lpc17.d" -MT"src/cr_startup_lpc17.d" -o "src/cr_startup_lpc17.o" "../src/cr_startup_lpc17.c"
Finished building: ../src/cr_startup_lpc17.c
 
Building file: ../src/debug.c
Invoking: MCU C Compiler
arm-none-eabi-gcc -D__REDLIB__ -D__CODE_RED -D__USE_CMSIS=CMSISv2p00_LPC17xx -I"C:\Users\RISBURT\Desktop\final_code\CMSISv2p00_LPC17xx" -I"C:\Users\RISBURT\Desktop\final_code\17xx.Firmware" -I"C:\Users\RISBURT\Desktop\final_code\lib_small_printf_m3\inc" -I"C:\Users\RISBURT\Desktop\final_code\17xx.Firmware\src" -I"C:\Users\RISBURT\Desktop\final_code\FreeRTOS-IO_Demo\FreeRTOS-IO\Device\LPC17xx\SupportedBoards" -I"C:\Users\RISBURT\Desktop\final_code\FreeRTOS-IO_Demo\FreeRTOS-IO\Include" -I"C:\Users\RISBURT\Desktop\final_code\17xx.Firmware\inc" -I"C:\Users\RISBURT\Desktop\final_code\FreeRTOS-IO_Demo\src" -I"C:\Users\RISBURT\Desktop\final_code\FreeRTOS-IO_Demo\FreeRTOS\inc" -I"C:\Users\RISBURT\Desktop\final_code\FreeRTOS-IO_Demo\FreeRTOS\port\lpcxpresso\m3" -I"C:\Users\RISBURT\Desktop\final_code\CMSISv2p00_LPC17xx\inc" -O0 -g3 -Wall -c -fmessage-length=0 -fno-builtin -ffunction-sections -fdata-sections -mcpu=cortex-m3 -mthumb -MMD -MP -MF"src/debug.d" -MT"src/debug.d" -o "src/debug.o" "../src/debug.c"
Finished building: ../src/debug.c
 
Building file: ../src/main.c
Invoking: MCU C Compiler
arm-none-eabi-gcc -D__REDLIB__ -D__CODE_RED -D__USE_CMSIS=CMSISv2p00_LPC17xx -I"C:\Users\RISBURT\Desktop\final_code\CMSISv2p00_LPC17xx" -I"C:\Users\RISBURT\Desktop\final_code\17xx.Firmware" -I"C:\Users\RISBURT\Desktop\final_code\lib_small_printf_m3\inc" -I"C:\Users\RISBURT\Desktop\final_code\17xx.Firmware\src" -I"C:\Users\RISBURT\Desktop\final_code\FreeRTOS-IO_Demo\FreeRTOS-IO\Device\LPC17xx\SupportedBoards" -I"C:\Users\RISBURT\Desktop\final_code\FreeRTOS-IO_Demo\FreeRTOS-IO\Include" -I"C:\Users\RISBURT\Desktop\final_code\17xx.Firmware\inc" -I"C:\Users\RISBURT\Desktop\final_code\FreeRTOS-IO_Demo\src" -I"C:\Users\RISBURT\Desktop\final_code\FreeRTOS-IO_Demo\FreeRTOS\inc" -I"C:\Users\RISBURT\Desktop\final_code\FreeRTOS-IO_Demo\FreeRTOS\port\lpcxpresso\m3" -I"C:\Users\RISBURT\Desktop\final_code\CMSISv2p00_LPC17xx\inc" -O0 -g3 -Wall -c -fmessage-length=0 -fno-builtin -ffunction-sections -fdata-sections -mcpu=cortex-m3 -mthumb -MMD -MP -MF"src/main.d" -MT"src/main.d" -o "src/main.o" "../src/main.c"
Finished building: ../src/main.c
 
Building file: ../FreeRTOS/src/croutine.c
Invoking: MCU C Compiler
arm-none-eabi-gcc -D__REDLIB__ -D__CODE_RED -D__USE_CMSIS=CMSISv2p00_LPC17xx -I"C:\Users\RISBURT\Desktop\final_code\CMSISv2p00_LPC17xx" -I"C:\Users\RISBURT\Desktop\final_code\17xx.Firmware" -I"C:\Users\RISBURT\Desktop\final_code\lib_small_printf_m3\inc" -I"C:\Users\RISBURT\Desktop\final_code\17xx.Firmware\src" -I"C:\Users\RISBURT\Desktop\final_code\FreeRTOS-IO_Demo\FreeRTOS-IO\Device\LPC17xx\SupportedBoards" -I"C:\Users\RISBURT\Desktop\final_code\FreeRTOS-IO_Demo\FreeRTOS-IO\Include" -I"C:\Users\RISBURT\Desktop\final_code\17xx.Firmware\inc" -I"C:\Users\RISBURT\Desktop\final_code\FreeRTOS-IO_Demo\src" -I"C:\Users\RISBURT\Desktop\final_code\FreeRTOS-IO_Demo\FreeRTOS\inc" -I"C:\Users\RISBURT\Desktop\final_code\FreeRTOS-IO_Demo\FreeRTOS\port\lpcxpresso\m3" -I"C:\Users\RISBURT\Desktop\final_code\CMSISv2p00_LPC17xx\inc" -O0 -g3 -Wall -c -fmessage-length=0 -fno-builtin -ffunction-sections -fdata-sections -mcpu=cortex-m3 -mthumb -MMD -MP -MF"FreeRTOS/src/croutine.d" -MT"FreeRTOS/src/croutine.d" -o "FreeRTOS/src/croutine.o" "../FreeRTOS/src/croutine.c"
Finished building: ../FreeRTOS/src/croutine.c
 
Building file: ../FreeRTOS/src/list.c
Invoking: MCU C Compiler
arm-none-eabi-gcc -D__REDLIB__ -D__CODE_RED -D__USE_CMSIS=CMSISv2p00_LPC17xx -I"C:\Users\RISBURT\Desktop\final_code\CMSISv2p00_LPC17xx" -I"C:\Users\RISBURT\Desktop\final_code\17xx.Firmware" -I"C:\Users\RISBURT\Desktop\final_code\lib_small_printf_m3\inc" -I"C:\Users\RISBURT\Desktop\final_code\17xx.Firmware\src" -I"C:\Users\RISBURT\Desktop\final_code\FreeRTOS-IO_Demo\FreeRTOS-IO\Device\LPC17xx\SupportedBoards" -I"C:\Users\RISBURT\Desktop\final_code\FreeRTOS-IO_Demo\FreeRTOS-IO\Include" -I"C:\Users\RISBURT\Desktop\final_code\17xx.Firmware\inc" -I"C:\Users\RISBURT\Desktop\final_code\FreeRTOS-IO_Demo\src" -I"C:\Users\RISBURT\Desktop\final_code\FreeRTOS-IO_Demo\FreeRTOS\inc" -I"C:\Users\RISBURT\Desktop\final_code\FreeRTOS-IO_Demo\FreeRTOS\port\lpcxpresso\m3" -I"C:\Users\RISBURT\Desktop\final_code\CMSISv2p00_LPC17xx\inc" -O0 -g3 -Wall -c -fmessage-length=0 -fno-builtin -ffunction-sections -fdata-sections -mcpu=cortex-m3 -mthumb -MMD -MP -MF"FreeRTOS/src/list.d" -MT"FreeRTOS/src/list.d" -o "FreeRTOS/src/list.o" "../FreeRTOS/src/list.c"
Finished building: ../FreeRTOS/src/list.c
 
Building file: ../FreeRTOS/src/queue.c
Invoking: MCU C Compiler
arm-none-eabi-gcc -D__REDLIB__ -D__CODE_RED -D__USE_CMSIS=CMSISv2p00_LPC17xx -I"C:\Users\RISBURT\Desktop\final_code\CMSISv2p00_LPC17xx" -I"C:\Users\RISBURT\Desktop\final_code\17xx.Firmware" -I"C:\Users\RISBURT\Desktop\final_code\lib_small_printf_m3\inc" -I"C:\Users\RISBURT\Desktop\final_code\17xx.Firmware\src" -I"C:\Users\RISBURT\Desktop\final_code\FreeRTOS-IO_Demo\FreeRTOS-IO\Device\LPC17xx\SupportedBoards" -I"C:\Users\RISBURT\Desktop\final_code\FreeRTOS-IO_Demo\FreeRTOS-IO\Include" -I"C:\Users\RISBURT\Desktop\final_code\17xx.Firmware\inc" -I"C:\Users\RISBURT\Desktop\final_code\FreeRTOS-IO_Demo\src" -I"C:\Users\RISBURT\Desktop\final_code\FreeRTOS-IO_Demo\FreeRTOS\inc" -I"C:\Users\RISBURT\Desktop\final_code\FreeRTOS-IO_Demo\FreeRTOS\port\lpcxpresso\m3" -I"C:\Users\RISBURT\Desktop\final_code\CMSISv2p00_LPC17xx\inc" -O0 -g3 -Wall -c -fmessage-length=0 -fno-builtin -ffunction-sections -fdata-sections -mcpu=cortex-m3 -mthumb -MMD -MP -MF"FreeRTOS/src/queue.d" -MT"FreeRTOS/src/queue.d" -o "FreeRTOS/src/queue.o" "../FreeRTOS/src/queue.c"
Finished building: ../FreeRTOS/src/queue.c
 
Building file: ../FreeRTOS/src/tasks.c
Invoking: MCU C Compiler
arm-none-eabi-gcc -D__REDLIB__ -D__CODE_RED -D__USE_CMSIS=CMSISv2p00_LPC17xx -I"C:\Users\RISBURT\Desktop\final_code\CMSISv2p00_LPC17xx" -I"C:\Users\RISBURT\Desktop\final_code\17xx.Firmware" -I"C:\Users\RISBURT\Desktop\final_code\lib_small_printf_m3\inc" -I"C:\Users\RISBURT\Desktop\final_code\17xx.Firmware\src" -I"C:\Users\RISBURT\Desktop\final_code\FreeRTOS-IO_Demo\FreeRTOS-IO\Device\LPC17xx\SupportedBoards" -I"C:\Users\RISBURT\Desktop\final_code\FreeRTOS-IO_Demo\FreeRTOS-IO\Include" -I"C:\Users\RISBURT\Desktop\final_code\17xx.Firmware\inc" -I"C:\Users\RISBURT\Desktop\final_code\FreeRTOS-IO_Demo\src" -I"C:\Users\RISBURT\Desktop\final_code\FreeRTOS-IO_Demo\FreeRTOS\inc" -I"C:\Users\RISBURT\Desktop\final_code\FreeRTOS-IO_Demo\FreeRTOS\port\lpcxpresso\m3" -I"C:\Users\RISBURT\Desktop\final_code\CMSISv2p00_LPC17xx\inc" -O0 -g3 -Wall -c -fmessage-length=0 -fno-builtin -ffunction-sections -fdata-sections -mcpu=cortex-m3 -mthumb -MMD -MP -MF"FreeRTOS/src/tasks.d" -MT"FreeRTOS/src/tasks.d" -o "FreeRTOS/src/tasks.o" "../FreeRTOS/src/tasks.c"
Finished building: ../FreeRTOS/src/tasks.c
 
Building file: ../FreeRTOS/port/memmang/heap_2.c
Invoking: MCU C Compiler
arm-none-eabi-gcc -D__REDLIB__ -D__CODE_RED -D__USE_CMSIS=CMSISv2p00_LPC17xx -I"C:\Users\RISBURT\Desktop\final_code\CMSISv2p00_LPC17xx" -I"C:\Users\RISBURT\Desktop\final_code\17xx.Firmware" -I"C:\Users\RISBURT\Desktop\final_code\lib_small_printf_m3\inc" -I"C:\Users\RISBURT\Desktop\final_code\17xx.Firmware\src" -I"C:\Users\RISBURT\Desktop\final_code\FreeRTOS-IO_Demo\FreeRTOS-IO\Device\LPC17xx\SupportedBoards" -I"C:\Users\RISBURT\Desktop\final_code\FreeRTOS-IO_Demo\FreeRTOS-IO\Include" -I"C:\Users\RISBURT\Desktop\final_code\17xx.Firmware\inc" -I"C:\Users\RISBURT\Desktop\final_code\FreeRTOS-IO_Demo\src" -I"C:\Users\RISBURT\Desktop\final_code\FreeRTOS-IO_Demo\FreeRTOS\inc" -I"C:\Users\RISBURT\Desktop\final_code\FreeRTOS-IO_Demo\FreeRTOS\port\lpcxpresso\m3" -I"C:\Users\RISBURT\Desktop\final_code\CMSISv2p00_LPC17xx\inc" -O0 -g3 -Wall -c -fmessage-length=0 -fno-builtin -ffunction-sections -fdata-sections -mcpu=cortex-m3 -mthumb -MMD -MP -MF"FreeRTOS/port/memmang/heap_2.d" -MT"FreeRTOS/port/memmang/heap_2.d" -o "FreeRTOS/port/memmang/heap_2.o" "../FreeRTOS/port/memmang/heap_2.c"
Finished building: ../FreeRTOS/port/memmang/heap_2.c
 
Building file: ../FreeRTOS/port/lpcxpresso/m3/port.c
Invoking: MCU C Compiler
arm-none-eabi-gcc -D__REDLIB__ -D__CODE_RED -D__USE_CMSIS=CMSISv2p00_LPC17xx -I"C:\Users\RISBURT\Desktop\final_code\CMSISv2p00_LPC17xx" -I"C:\Users\RISBURT\Desktop\final_code\17xx.Firmware" -I"C:\Users\RISBURT\Desktop\final_code\lib_small_printf_m3\inc" -I"C:\Users\RISBURT\Desktop\final_code\17xx.Firmware\src" -I"C:\Users\RISBURT\Desktop\final_code\FreeRTOS-IO_Demo\FreeRTOS-IO\Device\LPC17xx\SupportedBoards" -I"C:\Users\RISBURT\Desktop\final_code\FreeRTOS-IO_Demo\FreeRTOS-IO\Include" -I"C:\Users\RISBURT\Desktop\final_code\17xx.Firmware\inc" -I"C:\Users\RISBURT\Desktop\final_code\FreeRTOS-IO_Demo\src" -I"C:\Users\RISBURT\Desktop\final_code\FreeRTOS-IO_Demo\FreeRTOS\inc" -I"C:\Users\RISBURT\Desktop\final_code\FreeRTOS-IO_Demo\FreeRTOS\port\lpcxpresso\m3" -I"C:\Users\RISBURT\Desktop\final_code\CMSISv2p00_LPC17xx\inc" -O0 -g3 -Wall -c -fmessage-length=0 -fno-builtin -ffunction-sections -fdata-sections -mcpu=cortex-m3 -mthumb -MMD -MP -MF"FreeRTOS/port/lpcxpresso/m3/port.d" -MT"FreeRTOS/port/lpcxpresso/m3/port.d" -o "FreeRTOS/port/lpcxpresso/m3/port.o" "../FreeRTOS/port/lpcxpresso/m3/port.c"
Finished building: ../FreeRTOS/port/lpcxpresso/m3/port.c
 
Building file: ../FreeRTOS-IO/Device/LPC17xx/FreeRTOS_LPC17xx_DriverInterface.c
Invoking: MCU C Compiler
arm-none-eabi-gcc -D__REDLIB__ -D__CODE_RED -D__USE_CMSIS=CMSISv2p00_LPC17xx -I"C:\Users\RISBURT\Desktop\final_code\CMSISv2p00_LPC17xx" -I"C:\Users\RISBURT\Desktop\final_code\17xx.Firmware" -I"C:\Users\RISBURT\Desktop\final_code\lib_small_printf_m3\inc" -I"C:\Users\RISBURT\Desktop\final_code\17xx.Firmware\src" -I"C:\Users\RISBURT\Desktop\final_code\FreeRTOS-IO_Demo\FreeRTOS-IO\Device\LPC17xx\SupportedBoards" -I"C:\Users\RISBURT\Desktop\final_code\FreeRTOS-IO_Demo\FreeRTOS-IO\Include" -I"C:\Users\RISBURT\Desktop\final_code\17xx.Firmware\inc" -I"C:\Users\RISBURT\Desktop\final_code\FreeRTOS-IO_Demo\src" -I"C:\Users\RISBURT\Desktop\final_code\FreeRTOS-IO_Demo\FreeRTOS\inc" -I"C:\Users\RISBURT\Desktop\final_code\FreeRTOS-IO_Demo\FreeRTOS\port\lpcxpresso\m3" -I"C:\Users\RISBURT\Desktop\final_code\CMSISv2p00_LPC17xx\inc" -O0 -g3 -Wall -c -fmessage-length=0 -fno-builtin -ffunction-sections -fdata-sections -mcpu=cortex-m3 -mthumb -MMD -MP -MF"FreeRTOS-IO/Device/LPC17xx/FreeRTOS_LPC17xx_DriverInterface.d" -MT"FreeRTOS-IO/Device/LPC17xx/FreeRTOS_LPC17xx_DriverInterface.d" -o "FreeRTOS-IO/Device/LPC17xx/FreeRTOS_LPC17xx_DriverInterface.o" "../FreeRTOS-IO/Device/LPC17xx/FreeRTOS_LPC17xx_DriverInterface.c"
Finished building: ../FreeRTOS-IO/Device/LPC17xx/FreeRTOS_LPC17xx_DriverInterface.c
 
Building file: ../FreeRTOS-IO/Device/LPC17xx/FreeRTOS_LPC17xx_wdt.c
Invoking: MCU C Compiler
arm-none-eabi-gcc -D__REDLIB__ -D__CODE_RED -D__USE_CMSIS=CMSISv2p00_LPC17xx -I"C:\Users\RISBURT\Desktop\final_code\CMSISv2p00_LPC17xx" -I"C:\Users\RISBURT\Desktop\final_code\17xx.Firmware" -I"C:\Users\RISBURT\Desktop\final_code\lib_small_printf_m3\inc" -I"C:\Users\RISBURT\Desktop\final_code\17xx.Firmware\src" -I"C:\Users\RISBURT\Desktop\final_code\FreeRTOS-IO_Demo\FreeRTOS-IO\Device\LPC17xx\SupportedBoards" -I"C:\Users\RISBURT\Desktop\final_code\FreeRTOS-IO_Demo\FreeRTOS-IO\Include" -I"C:\Users\RISBURT\Desktop\final_code\17xx.Firmware\inc" -I"C:\Users\RISBURT\Desktop\final_code\FreeRTOS-IO_Demo\src" -I"C:\Users\RISBURT\Desktop\final_code\FreeRTOS-IO_Demo\FreeRTOS\inc" -I"C:\Users\RISBURT\Desktop\final_code\FreeRTOS-IO_Demo\FreeRTOS\port\lpcxpresso\m3" -I"C:\Users\RISBURT\Desktop\final_code\CMSISv2p00_LPC17xx\inc" -O0 -g3 -Wall -c -fmessage-length=0 -fno-builtin -ffunction-sections -fdata-sections -mcpu=cortex-m3 -mthumb -MMD -MP -MF"FreeRTOS-IO/Device/LPC17xx/FreeRTOS_LPC17xx_wdt.d" -MT"FreeRTOS-IO/Device/LPC17xx/FreeRTOS_LPC17xx_wdt.d" -o "FreeRTOS-IO/Device/LPC17xx/FreeRTOS_LPC17xx_wdt.o" "../FreeRTOS-IO/Device/LPC17xx/FreeRTOS_LPC17xx_wdt.c"
Finished building: ../FreeRTOS-IO/Device/LPC17xx/FreeRTOS_LPC17xx_wdt.c
 
Building file: ../FreeRTOS-IO/Device/LPC17xx/WDTManage.c
Invoking: MCU C Compiler
arm-none-eabi-gcc -D__REDLIB__ -D__CODE_RED -D__USE_CMSIS=CMSISv2p00_LPC17xx -I"C:\Users\RISBURT\Desktop\final_code\CMSISv2p00_LPC17xx" -I"C:\Users\RISBURT\Desktop\final_code\17xx.Firmware" -I"C:\Users\RISBURT\Desktop\final_code\lib_small_printf_m3\inc" -I"C:\Users\RISBURT\Desktop\final_code\17xx.Firmware\src" -I"C:\Users\RISBURT\Desktop\final_code\FreeRTOS-IO_Demo\FreeRTOS-IO\Device\LPC17xx\SupportedBoards" -I"C:\Users\RISBURT\Desktop\final_code\FreeRTOS-IO_Demo\FreeRTOS-IO\Include" -I"C:\Users\RISBURT\Desktop\final_code\17xx.Firmware\inc" -I"C:\Users\RISBURT\Desktop\final_code\FreeRTOS-IO_Demo\src" -I"C:\Users\RISBURT\Desktop\final_code\FreeRTOS-IO_Demo\FreeRTOS\inc" -I"C:\Users\RISBURT\Desktop\final_code\FreeRTOS-IO_Demo\FreeRTOS\port\lpcxpresso\m3" -I"C:\Users\RISBURT\Desktop\final_code\CMSISv2p00_LPC17xx\inc" -O0 -g3 -Wall -c -fmessage-length=0 -fno-builtin -ffunction-sections -fdata-sections -mcpu=cortex-m3 -mthumb -MMD -MP -MF"FreeRTOS-IO/Device/LPC17xx/WDTManage.d" -MT"FreeRTOS-IO/Device/LPC17xx/WDTManage.d" -o "FreeRTOS-IO/Device/LPC17xx/WDTManage.o" "../FreeRTOS-IO/Device/LPC17xx/WDTManage.c"
Finished building: ../FreeRTOS-IO/Device/LPC17xx/WDTManage.c
 
Building file: ../FreeRTOS-IO/Common/FreeRTOS_DriverInterface.c
Invoking: MCU C Compiler
arm-none-eabi-gcc -D__REDLIB__ -D__CODE_RED -D__USE_CMSIS=CMSISv2p00_LPC17xx -I"C:\Users\RISBURT\Desktop\final_code\CMSISv2p00_LPC17xx" -I"C:\Users\RISBURT\Desktop\final_code\17xx.Firmware" -I"C:\Users\RISBURT\Desktop\final_code\lib_small_printf_m3\inc" -I"C:\Users\RISBURT\Desktop\final_code\17xx.Firmware\src" -I"C:\Users\RISBURT\Desktop\final_code\FreeRTOS-IO_Demo\FreeRTOS-IO\Device\LPC17xx\SupportedBoards" -I"C:\Users\RISBURT\Desktop\final_code\FreeRTOS-IO_Demo\FreeRTOS-IO\Include" -I"C:\Users\RISBURT\Desktop\final_code\17xx.Firmware\inc" -I"C:\Users\RISBURT\Desktop\final_code\FreeRTOS-IO_Demo\src" -I"C:\Users\RISBURT\Desktop\final_code\FreeRTOS-IO_Demo\FreeRTOS\inc" -I"C:\Users\RISBURT\Desktop\final_code\FreeRTOS-IO_Demo\FreeRTOS\port\lpcxpresso\m3" -I"C:\Users\RISBURT\Desktop\final_code\CMSISv2p00_LPC17xx\inc" -O0 -g3 -Wall -c -fmessage-length=0 -fno-builtin -ffunction-sections -fdata-sections -mcpu=cortex-m3 -mthumb -MMD -MP -MF"FreeRTOS-IO/Common/FreeRTOS_DriverInterface.d" -MT"FreeRTOS-IO/Common/FreeRTOS_DriverInterface.d" -o "FreeRTOS-IO/Common/FreeRTOS_DriverInterface.o" "../FreeRTOS-IO/Common/FreeRTOS_DriverInterface.c"
Finished building: ../FreeRTOS-IO/Common/FreeRTOS_DriverInterface.c
 
Building target: FreeRTOS-IO_Demo.axf
Invoking: MCU Linker
arm-none-eabi-gcc -nostdlib -L"C:\Users\RISBURT\Desktop\final_code\CMSISv2p00_LPC17xx\Debug" -L"C:\Users\RISBURT\Desktop\final_code\17xx.Firmware\Debug" -L"C:\Users\RISBURT\Desktop\final_code\lib_small_printf_m3\Debug" -Xlinker -Map="FreeRTOS-IO_Demo.map" -Xlinker --gc-sections -mcpu=cortex-m3 -mthumb -T "FreeRTOS-IO_Demo_Debug.ld" -o "FreeRTOS-IO_Demo.axf"  ./src/TEST_WDT.o ./src/cr_startup_lpc17.o ./src/debug.o ./src/main.o  ./FreeRTOS/src/croutine.o ./FreeRTOS/src/list.o ./FreeRTOS/src/queue.o ./FreeRTOS/src/tasks.o  ./FreeRTOS/port/memmang/heap_2.o  ./FreeRTOS/port/lpcxpresso/m3/port.o  ./FreeRTOS-IO/Device/LPC17xx/FreeRTOS_LPC17xx_DriverInterface.o ./FreeRTOS-IO/Device/LPC17xx/FreeRTOS_LPC17xx_wdt.o ./FreeRTOS-IO/Device/LPC17xx/WDTManage.o  ./FreeRTOS-IO/Common/FreeRTOS_DriverInterface.o   -lCMSISv2p00_LPC17xx -l17xx.Firmware -llib_small_printf_m3
Finished building target: FreeRTOS-IO_Demo.axf
 
make --no-print-directory post-build
Performing post-build steps
arm-none-eabi-size "FreeRTOS-IO_Demo.axf"; # arm-none-eabi-objcopy -O binary "FreeRTOS-IO_Demo.axf" "FreeRTOS-IO_Demo.bin" ; checksum -p LPC1768 -d "FreeRTOS-IO_Demo.bin";
   text	   data	    bss	    dec	    hex	filename
  19616	      8	   2688	  22312	   5728	FreeRTOS-IO_Demo.axf
 
08:13:46 **** Clean-only build of configuration Release for project 17xx.Firmware ****
make clean 
rm -rf  ./src/lpc17xx_clkpwr.o ./src/lpc17xx_gpio.o ./src/lpc17xx_libcfg_default.o ./src/lpc17xx_pinsel.o ./src/lpc17xx_wdt.o  ./src/lpc17xx_clkpwr.d ./src/lpc17xx_gpio.d ./src/lpc17xx_libcfg_default.d ./src/lpc17xx_pinsel.d ./src/lpc17xx_wdt.d  lib17xx.Firmware.a
 
08:13:46 **** Incremental Build of configuration Release for project 17xx.Firmware ****
make all 
Building file: ../src/lpc17xx_clkpwr.c
Invoking: MCU C Compiler
arm-none-eabi-gcc -D__REDLIB__ -DNDEBUG -D__CODE_RED -DCORE_M3 -D__USE_CMSIS=CMSISv2p00_LPC17xx -DCR_INTEGER_PRINTF -D__LPC17XX__ -I"C:\Users\RISBURT\Desktop\final_code\17xx.Firmware\inc" -I"C:\Users\RISBURT\Desktop\final_code\CMSISv2p00_LPC17xx\inc" -Os -g -Wall -c -fmessage-length=0 -fno-builtin -ffunction-sections -fdata-sections -mcpu=cortex-m3 -mthumb -MMD -MP -MF"src/lpc17xx_clkpwr.d" -MT"src/lpc17xx_clkpwr.d" -o "src/lpc17xx_clkpwr.o" "../src/lpc17xx_clkpwr.c"
Finished building: ../src/lpc17xx_clkpwr.c
 
Building file: ../src/lpc17xx_gpio.c
Invoking: MCU C Compiler
arm-none-eabi-gcc -D__REDLIB__ -DNDEBUG -D__CODE_RED -DCORE_M3 -D__USE_CMSIS=CMSISv2p00_LPC17xx -DCR_INTEGER_PRINTF -D__LPC17XX__ -I"C:\Users\RISBURT\Desktop\final_code\17xx.Firmware\inc" -I"C:\Users\RISBURT\Desktop\final_code\CMSISv2p00_LPC17xx\inc" -Os -g -Wall -c -fmessage-length=0 -fno-builtin -ffunction-sections -fdata-sections -mcpu=cortex-m3 -mthumb -MMD -MP -MF"src/lpc17xx_gpio.d" -MT"src/lpc17xx_gpio.d" -o "src/lpc17xx_gpio.o" "../src/lpc17xx_gpio.c"
In file included from C:\Users\RISBURT\Desktop\final_code\17xx.Firmware\inc/lpc17xx_libcfg_default.h:31:0,
                 from ../src/lpc17xx_gpio.c:36:
C:\Users\RISBURT\Desktop\final_code\17xx.Firmware\inc/FreeRTOSDefs.h:10:23: fatal error: FreeRTOS.h: No such file or directory
compilation terminated.
make: *** [src/lpc17xx_gpio.o] Error 1
08:13:47 **** Clean-only build of configuration Debug for project 17xx.Firmware ****
make clean 
rm -rf  ./src/lpc17xx_clkpwr.o ./src/lpc17xx_gpio.o ./src/lpc17xx_libcfg_default.o ./src/lpc17xx_pinsel.o ./src/lpc17xx_wdt.o  ./src/lpc17xx_clkpwr.d ./src/lpc17xx_gpio.d ./src/lpc17xx_libcfg_default.d ./src/lpc17xx_pinsel.d ./src/lpc17xx_wdt.d  lib17xx.Firmware.a
 
08:13:47 **** Incremental Build of configuration Debug for project 17xx.Firmware ****
make all 
Building file: ../src/lpc17xx_clkpwr.c
Invoking: MCU C Compiler
arm-none-eabi-gcc -D__REDLIB__ -DDEBUG -D__CODE_RED -DCORE_M3 -D__USE_CMSIS=CMSISv2p00_LPC17xx -DCR_INTEGER_PRINTF -D__LPC17XX__ -I"C:\Users\RISBURT\Desktop\final_code\CMSISv2p00_LPC17xx" -I"C:\Users\RISBURT\Desktop\final_code\17xx.Firmware" -I"C:\Users\RISBURT\Desktop\final_code\17xx.Firmware\inc" -I"C:\Users\RISBURT\Desktop\final_code\FreeRTOS-IO_Demo\FreeRTOS\inc" -I"C:\Users\RISBURT\Desktop\final_code\CMSISv2p00_LPC17xx\inc" -O0 -g3 -Wall -c -fmessage-length=0 -fno-builtin -ffunction-sections -fdata-sections -mcpu=cortex-m3 -mthumb -MMD -MP -MF"src/lpc17xx_clkpwr.d" -MT"src/lpc17xx_clkpwr.d" -o "src/lpc17xx_clkpwr.o" "../src/lpc17xx_clkpwr.c"
Finished building: ../src/lpc17xx_clkpwr.c
 
Building file: ../src/lpc17xx_gpio.c
Invoking: MCU C Compiler
arm-none-eabi-gcc -D__REDLIB__ -DDEBUG -D__CODE_RED -DCORE_M3 -D__USE_CMSIS=CMSISv2p00_LPC17xx -DCR_INTEGER_PRINTF -D__LPC17XX__ -I"C:\Users\RISBURT\Desktop\final_code\CMSISv2p00_LPC17xx" -I"C:\Users\RISBURT\Desktop\final_code\17xx.Firmware" -I"C:\Users\RISBURT\Desktop\final_code\17xx.Firmware\inc" -I"C:\Users\RISBURT\Desktop\final_code\FreeRTOS-IO_Demo\FreeRTOS\inc" -I"C:\Users\RISBURT\Desktop\final_code\CMSISv2p00_LPC17xx\inc" -O0 -g3 -Wall -c -fmessage-length=0 -fno-builtin -ffunction-sections -fdata-sections -mcpu=cortex-m3 -mthumb -MMD -MP -MF"src/lpc17xx_gpio.d" -MT"src/lpc17xx_gpio.d" -o "src/lpc17xx_gpio.o" "../src/lpc17xx_gpio.c"
Finished building: ../src/lpc17xx_gpio.c
 
Building file: ../src/lpc17xx_libcfg_default.c
Invoking: MCU C Compiler
arm-none-eabi-gcc -D__REDLIB__ -DDEBUG -D__CODE_RED -DCORE_M3 -D__USE_CMSIS=CMSISv2p00_LPC17xx -DCR_INTEGER_PRINTF -D__LPC17XX__ -I"C:\Users\RISBURT\Desktop\final_code\CMSISv2p00_LPC17xx" -I"C:\Users\RISBURT\Desktop\final_code\17xx.Firmware" -I"C:\Users\RISBURT\Desktop\final_code\17xx.Firmware\inc" -I"C:\Users\RISBURT\Desktop\final_code\FreeRTOS-IO_Demo\FreeRTOS\inc" -I"C:\Users\RISBURT\Desktop\final_code\CMSISv2p00_LPC17xx\inc" -O0 -g3 -Wall -c -fmessage-length=0 -fno-builtin -ffunction-sections -fdata-sections -mcpu=cortex-m3 -mthumb -MMD -MP -MF"src/lpc17xx_libcfg_default.d" -MT"src/lpc17xx_libcfg_default.d" -o "src/lpc17xx_libcfg_default.o" "../src/lpc17xx_libcfg_default.c"
Finished building: ../src/lpc17xx_libcfg_default.c
 
Building file: ../src/lpc17xx_pinsel.c
Invoking: MCU C Compiler
arm-none-eabi-gcc -D__REDLIB__ -DDEBUG -D__CODE_RED -DCORE_M3 -D__USE_CMSIS=CMSISv2p00_LPC17xx -DCR_INTEGER_PRINTF -D__LPC17XX__ -I"C:\Users\RISBURT\Desktop\final_code\CMSISv2p00_LPC17xx" -I"C:\Users\RISBURT\Desktop\final_code\17xx.Firmware" -I"C:\Users\RISBURT\Desktop\final_code\17xx.Firmware\inc" -I"C:\Users\RISBURT\Desktop\final_code\FreeRTOS-IO_Demo\FreeRTOS\inc" -I"C:\Users\RISBURT\Desktop\final_code\CMSISv2p00_LPC17xx\inc" -O0 -g3 -Wall -c -fmessage-length=0 -fno-builtin -ffunction-sections -fdata-sections -mcpu=cortex-m3 -mthumb -MMD -MP -MF"src/lpc17xx_pinsel.d" -MT"src/lpc17xx_pinsel.d" -o "src/lpc17xx_pinsel.o" "../src/lpc17xx_pinsel.c"
Finished building: ../src/lpc17xx_pinsel.c
 
Building file: ../src/lpc17xx_wdt.c
Invoking: MCU C Compiler
arm-none-eabi-gcc -D__REDLIB__ -DDEBUG -D__CODE_RED -DCORE_M3 -D__USE_CMSIS=CMSISv2p00_LPC17xx -DCR_INTEGER_PRINTF -D__LPC17XX__ -I"C:\Users\RISBURT\Desktop\final_code\CMSISv2p00_LPC17xx" -I"C:\Users\RISBURT\Desktop\final_code\17xx.Firmware" -I"C:\Users\RISBURT\Desktop\final_code\17xx.Firmware\inc" -I"C:\Users\RISBURT\Desktop\final_code\FreeRTOS-IO_Demo\FreeRTOS\inc" -I"C:\Users\RISBURT\Desktop\final_code\CMSISv2p00_LPC17xx\inc" -O0 -g3 -Wall -c -fmessage-length=0 -fno-builtin -ffunction-sections -fdata-sections -mcpu=cortex-m3 -mthumb -MMD -MP -MF"src/lpc17xx_wdt.d" -MT"src/lpc17xx_wdt.d" -o "src/lpc17xx_wdt.o" "../src/lpc17xx_wdt.c"
c:\nxp\LPCXpresso_6.1.4_194\lpcxpresso\tools\bin\arm-none-eabi-ar.exe: creating lib17xx.Firmware.a
Finished building: ../src/lpc17xx_wdt.c
 
Building target: lib17xx.Firmware.a
Invoking: MCU Archiver
arm-none-eabi-ar -r  "lib17xx.Firmware.a"  ./src/lpc17xx_clkpwr.o ./src/lpc17xx_gpio.o ./src/lpc17xx_libcfg_default.o ./src/lpc17xx_pinsel.o ./src/lpc17xx_wdt.o   
Finished building target: lib17xx.Firmware.a
 
make --no-print-directory post-build
Performing post-build steps
arm-none-eabi-size "lib17xx.Firmware.a" ; # arm-none-eabi-objdump -h -S "lib17xx.Firmware.a" >"lib17xx.Firmware.lss"
   text	   data	    bss	    dec	    hex	filename
    684	      0	      0	    684	    2ac	lpc17xx_clkpwr.o (ex lib17xx.Firmware.a)
   2272	      0	      0	   2272	    8e0	lpc17xx_gpio.o (ex lib17xx.Firmware.a)
     12	      0	      0	     12	      c	lpc17xx_libcfg_default.o (ex lib17xx.Firmware.a)
    664	      0	      0	    664	    298	lpc17xx_pinsel.o (ex lib17xx.Firmware.a)
    832	      0	      0	    832	    340	lpc17xx_wdt.o (ex lib17xx.Firmware.a)
 
08:13:50 **** Build of configuration Debug for project FreeRTOS-IO_Demo ****
make all 
Building target: FreeRTOS-IO_Demo.axf
Invoking: MCU Linker
arm-none-eabi-gcc -nostdlib -L"C:\Users\RISBURT\Desktop\final_code\CMSISv2p00_LPC17xx\Debug" -L"C:\Users\RISBURT\Desktop\final_code\17xx.Firmware\Debug" -L"C:\Users\RISBURT\Desktop\final_code\lib_small_printf_m3\Debug" -Xlinker -Map="FreeRTOS-IO_Demo.map" -Xlinker --gc-sections -mcpu=cortex-m3 -mthumb -T "FreeRTOS-IO_Demo_Debug.ld" -o "FreeRTOS-IO_Demo.axf"  ./src/TEST_WDT.o ./src/cr_startup_lpc17.o ./src/debug.o ./src/main.o  ./FreeRTOS/src/croutine.o ./FreeRTOS/src/list.o ./FreeRTOS/src/queue.o ./FreeRTOS/src/tasks.o  ./FreeRTOS/port/memmang/heap_2.o  ./FreeRTOS/port/lpcxpresso/m3/port.o  ./FreeRTOS-IO/Device/LPC17xx/FreeRTOS_LPC17xx_DriverInterface.o ./FreeRTOS-IO/Device/LPC17xx/FreeRTOS_LPC17xx_wdt.o ./FreeRTOS-IO/Device/LPC17xx/WDTManage.o  ./FreeRTOS-IO/Common/FreeRTOS_DriverInterface.o   -lCMSISv2p00_LPC17xx -l17xx.Firmware -llib_small_printf_m3
Finished building target: FreeRTOS-IO_Demo.axf
 
make --no-print-directory post-build
Performing post-build steps
arm-none-eabi-size "FreeRTOS-IO_Demo.axf"; # arm-none-eabi-objcopy -O binary "FreeRTOS-IO_Demo.axf" "FreeRTOS-IO_Demo.bin" ; checksum -p LPC1768 -d "FreeRTOS-IO_Demo.bin";
   text	   data	    bss	    dec	    hex	filename
  19616	      8	   2688	  22312	   5728	FreeRTOS-IO_Demo.axf
 
08:13:53 **** Build of configuration Debug for project 17xx.Firmware ****
make all 
make: Nothing to be done for `all'.
08:25:28 **** Build of configuration Debug for project lib_small_printf_m3 ****
make all 
make: Nothing to be done for `all'.
08:25:29 **** Build of configuration Debug for project CMSISv2p00_LPC17xx ****
make all 
make: Nothing to be done for `all'.
08:25:31 **** Incremental Build of configuration Debug for project FreeRTOS-IO_Demo ****
make all 
Building file: ../src/main.c
Invoking: MCU C Compiler
arm-none-eabi-gcc -D__REDLIB__ -D__CODE_RED -D__USE_CMSIS=CMSISv2p00_LPC17xx -I"C:\Users\RISBURT\Desktop\final_code\CMSISv2p00_LPC17xx" -I"C:\Users\RISBURT\Desktop\final_code\17xx.Firmware" -I"C:\Users\RISBURT\Desktop\final_code\lib_small_printf_m3\inc" -I"C:\Users\RISBURT\Desktop\final_code\17xx.Firmware\src" -I"C:\Users\RISBURT\Desktop\final_code\FreeRTOS-IO_Demo\FreeRTOS-IO\Device\LPC17xx\SupportedBoards" -I"C:\Users\RISBURT\Desktop\final_code\FreeRTOS-IO_Demo\FreeRTOS-IO\Include" -I"C:\Users\RISBURT\Desktop\final_code\17xx.Firmware\inc" -I"C:\Users\RISBURT\Desktop\final_code\FreeRTOS-IO_Demo\src" -I"C:\Users\RISBURT\Desktop\final_code\FreeRTOS-IO_Demo\FreeRTOS\inc" -I"C:\Users\RISBURT\Desktop\final_code\FreeRTOS-IO_Demo\FreeRTOS\port\lpcxpresso\m3" -I"C:\Users\RISBURT\Desktop\final_code\CMSISv2p00_LPC17xx\inc" -O0 -g3 -Wall -c -fmessage-length=0 -fno-builtin -ffunction-sections -fdata-sections -mcpu=cortex-m3 -mthumb -MMD -MP -MF"src/main.d" -MT"src/main.d" -o "src/main.o" "../src/main.c"
../src/main.c: In function 'vTestTask1':
../src/main.c:60:16: error: 'LPC_GPIO_TypeDef' has no member named 'DATA'
../src/main.c: In function 'vMonitorTask4':
../src/main.c:103:19: error: 'WDT_handle' undeclared (first use in this function)
../src/main.c:103:19: note: each undeclared identifier is reported only once for each function it appears in
../src/main.c: In function 'main':
../src/main.c:127:6: error: 'ERR' undeclared (first use in this function)
make: *** [src/main.o] Error 1
08:25:31 **** Clean-only build of configuration Release for project 17xx.Firmware ****
make clean 
rm -rf  ./src/lpc17xx_clkpwr.o ./src/lpc17xx_gpio.o ./src/lpc17xx_libcfg_default.o ./src/lpc17xx_pinsel.o ./src/lpc17xx_wdt.o  ./src/lpc17xx_clkpwr.d ./src/lpc17xx_gpio.d ./src/lpc17xx_libcfg_default.d ./src/lpc17xx_pinsel.d ./src/lpc17xx_wdt.d  lib17xx.Firmware.a
 
08:25:31 **** Incremental Build of configuration Release for project 17xx.Firmware ****
make all 
Building file: ../src/lpc17xx_clkpwr.c
Invoking: MCU C Compiler
arm-none-eabi-gcc -D__REDLIB__ -DNDEBUG -D__CODE_RED -DCORE_M3 -D__USE_CMSIS=CMSISv2p00_LPC17xx -DCR_INTEGER_PRINTF -D__LPC17XX__ -I"C:\Users\RISBURT\Desktop\final_code\17xx.Firmware\inc" -I"C:\Users\RISBURT\Desktop\final_code\CMSISv2p00_LPC17xx\inc" -Os -g -Wall -c -fmessage-length=0 -fno-builtin -ffunction-sections -fdata-sections -mcpu=cortex-m3 -mthumb -MMD -MP -MF"src/lpc17xx_clkpwr.d" -MT"src/lpc17xx_clkpwr.d" -o "src/lpc17xx_clkpwr.o" "../src/lpc17xx_clkpwr.c"
Finished building: ../src/lpc17xx_clkpwr.c
 
Building file: ../src/lpc17xx_gpio.c
Invoking: MCU C Compiler
arm-none-eabi-gcc -D__REDLIB__ -DNDEBUG -D__CODE_RED -DCORE_M3 -D__USE_CMSIS=CMSISv2p00_LPC17xx -DCR_INTEGER_PRINTF -D__LPC17XX__ -I"C:\Users\RISBURT\Desktop\final_code\17xx.Firmware\inc" -I"C:\Users\RISBURT\Desktop\final_code\CMSISv2p00_LPC17xx\inc" -Os -g -Wall -c -fmessage-length=0 -fno-builtin -ffunction-sections -fdata-sections -mcpu=cortex-m3 -mthumb -MMD -MP -MF"src/lpc17xx_gpio.d" -MT"src/lpc17xx_gpio.d" -o "src/lpc17xx_gpio.o" "../src/lpc17xx_gpio.c"
In file included from C:\Users\RISBURT\Desktop\final_code\17xx.Firmware\inc/lpc17xx_libcfg_default.h:31:0,
                 from ../src/lpc17xx_gpio.c:36:
C:\Users\RISBURT\Desktop\final_code\17xx.Firmware\inc/FreeRTOSDefs.h:10:23: fatal error: FreeRTOS.h: No such file or directory
compilation terminated.
make: *** [src/lpc17xx_gpio.o] Error 1
08:25:32 **** Incremental Build of configuration Debug for project 17xx.Firmware ****
make all 
make: Nothing to be done for `all'.
08:25:33 **** Build of configuration Debug for project FreeRTOS-IO_Demo ****
make all 
Building file: ../src/main.c
Invoking: MCU C Compiler
arm-none-eabi-gcc -D__REDLIB__ -D__CODE_RED -D__USE_CMSIS=CMSISv2p00_LPC17xx -I"C:\Users\RISBURT\Desktop\final_code\CMSISv2p00_LPC17xx" -I"C:\Users\RISBURT\Desktop\final_code\17xx.Firmware" -I"C:\Users\RISBURT\Desktop\final_code\lib_small_printf_m3\inc" -I"C:\Users\RISBURT\Desktop\final_code\17xx.Firmware\src" -I"C:\Users\RISBURT\Desktop\final_code\FreeRTOS-IO_Demo\FreeRTOS-IO\Device\LPC17xx\SupportedBoards" -I"C:\Users\RISBURT\Desktop\final_code\FreeRTOS-IO_Demo\FreeRTOS-IO\Include" -I"C:\Users\RISBURT\Desktop\final_code\17xx.Firmware\inc" -I"C:\Users\RISBURT\Desktop\final_code\FreeRTOS-IO_Demo\src" -I"C:\Users\RISBURT\Desktop\final_code\FreeRTOS-IO_Demo\FreeRTOS\inc" -I"C:\Users\RISBURT\Desktop\final_code\FreeRTOS-IO_Demo\FreeRTOS\port\lpcxpresso\m3" -I"C:\Users\RISBURT\Desktop\final_code\CMSISv2p00_LPC17xx\inc" -O0 -g3 -Wall -c -fmessage-length=0 -fno-builtin -ffunction-sections -fdata-sections -mcpu=cortex-m3 -mthumb -MMD -MP -MF"src/main.d" -MT"src/main.d" -o "src/main.o" "../src/main.c"
../src/main.c: In function 'vTestTask1':
../src/main.c:60:16: error: 'LPC_GPIO_TypeDef' has no member named 'DATA'
../src/main.c: In function 'vMonitorTask4':
../src/main.c:103:19: error: 'WDT_handle' undeclared (first use in this function)
../src/main.c:103:19: note: each undeclared identifier is reported only once for each function it appears in
../src/main.c: In function 'main':
../src/main.c:127:6: error: 'ERR' undeclared (first use in this function)
make: *** [src/main.o] Error 1
08:25:35 **** Build of configuration Debug for project 17xx.Firmware ****
make all 
make: Nothing to be done for `all'.
08:27:23 **** Build of configuration Debug for project lib_small_printf_m3 ****
make all 
make: Nothing to be done for `all'.
08:27:23 **** Build of configuration Debug for project CMSISv2p00_LPC17xx ****
make all 
make: Nothing to be done for `all'.
08:27:25 **** Incremental Build of configuration Debug for project FreeRTOS-IO_Demo ****
make all 
Building file: ../src/main.c
Invoking: MCU C Compiler
arm-none-eabi-gcc -D__REDLIB__ -D__CODE_RED -D__USE_CMSIS=CMSISv2p00_LPC17xx -I"C:\Users\RISBURT\Desktop\final_code\CMSISv2p00_LPC17xx" -I"C:\Users\RISBURT\Desktop\final_code\17xx.Firmware" -I"C:\Users\RISBURT\Desktop\final_code\lib_small_printf_m3\inc" -I"C:\Users\RISBURT\Desktop\final_code\17xx.Firmware\src" -I"C:\Users\RISBURT\Desktop\final_code\FreeRTOS-IO_Demo\FreeRTOS-IO\Device\LPC17xx\SupportedBoards" -I"C:\Users\RISBURT\Desktop\final_code\FreeRTOS-IO_Demo\FreeRTOS-IO\Include" -I"C:\Users\RISBURT\Desktop\final_code\17xx.Firmware\inc" -I"C:\Users\RISBURT\Desktop\final_code\FreeRTOS-IO_Demo\src" -I"C:\Users\RISBURT\Desktop\final_code\FreeRTOS-IO_Demo\FreeRTOS\inc" -I"C:\Users\RISBURT\Desktop\final_code\FreeRTOS-IO_Demo\FreeRTOS\port\lpcxpresso\m3" -I"C:\Users\RISBURT\Desktop\final_code\CMSISv2p00_LPC17xx\inc" -O0 -g3 -Wall -c -fmessage-length=0 -fno-builtin -ffunction-sections -fdata-sections -mcpu=cortex-m3 -mthumb -MMD -MP -MF"src/main.d" -MT"src/main.d" -o "src/main.o" "../src/main.c"
Finished building: ../src/main.c
 
Building target: FreeRTOS-IO_Demo.axf
Invoking: MCU Linker
arm-none-eabi-gcc -nostdlib -L"C:\Users\RISBURT\Desktop\final_code\CMSISv2p00_LPC17xx\Debug" -L"C:\Users\RISBURT\Desktop\final_code\17xx.Firmware\Debug" -L"C:\Users\RISBURT\Desktop\final_code\lib_small_printf_m3\Debug" -Xlinker -Map="FreeRTOS-IO_Demo.map" -Xlinker --gc-sections -mcpu=cortex-m3 -mthumb -T "FreeRTOS-IO_Demo_Debug.ld" -o "FreeRTOS-IO_Demo.axf"  ./src/TEST_WDT.o ./src/cr_startup_lpc17.o ./src/debug.o ./src/main.o  ./FreeRTOS/src/croutine.o ./FreeRTOS/src/list.o ./FreeRTOS/src/queue.o ./FreeRTOS/src/tasks.o  ./FreeRTOS/port/memmang/heap_2.o  ./FreeRTOS/port/lpcxpresso/m3/port.o  ./FreeRTOS-IO/Device/LPC17xx/FreeRTOS_LPC17xx_DriverInterface.o ./FreeRTOS-IO/Device/LPC17xx/FreeRTOS_LPC17xx_wdt.o ./FreeRTOS-IO/Device/LPC17xx/WDTManage.o  ./FreeRTOS-IO/Common/FreeRTOS_DriverInterface.o   -lCMSISv2p00_LPC17xx -l17xx.Firmware -llib_small_printf_m3
Finished building target: FreeRTOS-IO_Demo.axf
 
make --no-print-directory post-build
Performing post-build steps
arm-none-eabi-size "FreeRTOS-IO_Demo.axf"; # arm-none-eabi-objcopy -O binary "FreeRTOS-IO_Demo.axf" "FreeRTOS-IO_Demo.bin" ; checksum -p LPC1768 -d "FreeRTOS-IO_Demo.bin";
   text	   data	    bss	    dec	    hex	filename
  19176	      8	   2664	  21848	   5558	FreeRTOS-IO_Demo.axf
 
08:27:26 **** Clean-only build of configuration Release for project 17xx.Firmware ****
make clean 
rm -rf  ./src/lpc17xx_clkpwr.o ./src/lpc17xx_gpio.o ./src/lpc17xx_libcfg_default.o ./src/lpc17xx_pinsel.o ./src/lpc17xx_wdt.o  ./src/lpc17xx_clkpwr.d ./src/lpc17xx_gpio.d ./src/lpc17xx_libcfg_default.d ./src/lpc17xx_pinsel.d ./src/lpc17xx_wdt.d  lib17xx.Firmware.a
 
08:27:26 **** Incremental Build of configuration Release for project 17xx.Firmware ****
make all 
Building file: ../src/lpc17xx_clkpwr.c
Invoking: MCU C Compiler
arm-none-eabi-gcc -D__REDLIB__ -DNDEBUG -D__CODE_RED -DCORE_M3 -D__USE_CMSIS=CMSISv2p00_LPC17xx -DCR_INTEGER_PRINTF -D__LPC17XX__ -I"C:\Users\RISBURT\Desktop\final_code\17xx.Firmware\inc" -I"C:\Users\RISBURT\Desktop\final_code\CMSISv2p00_LPC17xx\inc" -Os -g -Wall -c -fmessage-length=0 -fno-builtin -ffunction-sections -fdata-sections -mcpu=cortex-m3 -mthumb -MMD -MP -MF"src/lpc17xx_clkpwr.d" -MT"src/lpc17xx_clkpwr.d" -o "src/lpc17xx_clkpwr.o" "../src/lpc17xx_clkpwr.c"
Finished building: ../src/lpc17xx_clkpwr.c
 
Building file: ../src/lpc17xx_gpio.c
Invoking: MCU C Compiler
arm-none-eabi-gcc -D__REDLIB__ -DNDEBUG -D__CODE_RED -DCORE_M3 -D__USE_CMSIS=CMSISv2p00_LPC17xx -DCR_INTEGER_PRINTF -D__LPC17XX__ -I"C:\Users\RISBURT\Desktop\final_code\17xx.Firmware\inc" -I"C:\Users\RISBURT\Desktop\final_code\CMSISv2p00_LPC17xx\inc" -Os -g -Wall -c -fmessage-length=0 -fno-builtin -ffunction-sections -fdata-sections -mcpu=cortex-m3 -mthumb -MMD -MP -MF"src/lpc17xx_gpio.d" -MT"src/lpc17xx_gpio.d" -o "src/lpc17xx_gpio.o" "../src/lpc17xx_gpio.c"
In file included from C:\Users\RISBURT\Desktop\final_code\17xx.Firmware\inc/lpc17xx_libcfg_default.h:31:0,
                 from ../src/lpc17xx_gpio.c:36:
C:\Users\RISBURT\Desktop\final_code\17xx.Firmware\inc/FreeRTOSDefs.h:10:23: fatal error: FreeRTOS.h: No such file or directory
compilation terminated.
make: *** [src/lpc17xx_gpio.o] Error 1
08:27:27 **** Incremental Build of configuration Debug for project 17xx.Firmware ****
make all 
make: Nothing to be done for `all'.
08:27:28 **** Build of configuration Debug for project FreeRTOS-IO_Demo ****
make all 
make: Nothing to be done for `all'.
08:27:30 **** Build of configuration Debug for project 17xx.Firmware ****
make all 
make: Nothing to be done for `all'.
08:27:50 **** Build of configuration Debug for project lib_small_printf_m3 ****
make all 
make: Nothing to be done for `all'.
08:27:51 **** Build of configuration Debug for project CMSISv2p00_LPC17xx ****
make all 
make: Nothing to be done for `all'.
08:27:52 **** Incremental Build of configuration Debug for project FreeRTOS-IO_Demo ****
make all 
make: Nothing to be done for `all'.
08:27:53 **** Clean-only build of configuration Release for project 17xx.Firmware ****
make clean 
rm -rf  ./src/lpc17xx_clkpwr.o ./src/lpc17xx_gpio.o ./src/lpc17xx_libcfg_default.o ./src/lpc17xx_pinsel.o ./src/lpc17xx_wdt.o  ./src/lpc17xx_clkpwr.d ./src/lpc17xx_gpio.d ./src/lpc17xx_libcfg_default.d ./src/lpc17xx_pinsel.d ./src/lpc17xx_wdt.d  lib17xx.Firmware.a
 
08:27:53 **** Incremental Build of configuration Release for project 17xx.Firmware ****
make all 
Building file: ../src/lpc17xx_clkpwr.c
Invoking: MCU C Compiler
arm-none-eabi-gcc -D__REDLIB__ -DNDEBUG -D__CODE_RED -DCORE_M3 -D__USE_CMSIS=CMSISv2p00_LPC17xx -DCR_INTEGER_PRINTF -D__LPC17XX__ -I"C:\Users\RISBURT\Desktop\final_code\17xx.Firmware\inc" -I"C:\Users\RISBURT\Desktop\final_code\CMSISv2p00_LPC17xx\inc" -Os -g -Wall -c -fmessage-length=0 -fno-builtin -ffunction-sections -fdata-sections -mcpu=cortex-m3 -mthumb -MMD -MP -MF"src/lpc17xx_clkpwr.d" -MT"src/lpc17xx_clkpwr.d" -o "src/lpc17xx_clkpwr.o" "../src/lpc17xx_clkpwr.c"
Finished building: ../src/lpc17xx_clkpwr.c
 
Building file: ../src/lpc17xx_gpio.c
Invoking: MCU C Compiler
arm-none-eabi-gcc -D__REDLIB__ -DNDEBUG -D__CODE_RED -DCORE_M3 -D__USE_CMSIS=CMSISv2p00_LPC17xx -DCR_INTEGER_PRINTF -D__LPC17XX__ -I"C:\Users\RISBURT\Desktop\final_code\17xx.Firmware\inc" -I"C:\Users\RISBURT\Desktop\final_code\CMSISv2p00_LPC17xx\inc" -Os -g -Wall -c -fmessage-length=0 -fno-builtin -ffunction-sections -fdata-sections -mcpu=cortex-m3 -mthumb -MMD -MP -MF"src/lpc17xx_gpio.d" -MT"src/lpc17xx_gpio.d" -o "src/lpc17xx_gpio.o" "../src/lpc17xx_gpio.c"
In file included from C:\Users\RISBURT\Desktop\final_code\17xx.Firmware\inc/lpc17xx_libcfg_default.h:31:0,
                 from ../src/lpc17xx_gpio.c:36:
C:\Users\RISBURT\Desktop\final_code\17xx.Firmware\inc/FreeRTOSDefs.h:10:23: fatal error: FreeRTOS.h: No such file or directory
compilation terminated.
make: *** [src/lpc17xx_gpio.o] Error 1
08:27:53 **** Incremental Build of configuration Debug for project 17xx.Firmware ****
make all 
make: Nothing to be done for `all'.
08:27:54 **** Build of configuration Debug for project FreeRTOS-IO_Demo ****
make all 
make: Nothing to be done for `all'.
08:27:57 **** Build of configuration Debug for project 17xx.Firmware ****
make all 
make: Nothing to be done for `all'.
08:28:14 **** Build of configuration Debug for project lib_small_printf_m3 ****
make all 
make: Nothing to be done for `all'.
08:28:14 **** Build of configuration Debug for project CMSISv2p00_LPC17xx ****
make all 
make: Nothing to be done for `all'.
08:28:16 **** Incremental Build of configuration Debug for project FreeRTOS-IO_Demo ****
make all 
make: Nothing to be done for `all'.
08:28:16 **** Clean-only build of configuration Release for project 17xx.Firmware ****
make clean 
rm -rf  ./src/lpc17xx_clkpwr.o ./src/lpc17xx_gpio.o ./src/lpc17xx_libcfg_default.o ./src/lpc17xx_pinsel.o ./src/lpc17xx_wdt.o  ./src/lpc17xx_clkpwr.d ./src/lpc17xx_gpio.d ./src/lpc17xx_libcfg_default.d ./src/lpc17xx_pinsel.d ./src/lpc17xx_wdt.d  lib17xx.Firmware.a
 
08:28:16 **** Incremental Build of configuration Release for project 17xx.Firmware ****
make all 
Building file: ../src/lpc17xx_clkpwr.c
Invoking: MCU C Compiler
arm-none-eabi-gcc -D__REDLIB__ -DNDEBUG -D__CODE_RED -DCORE_M3 -D__USE_CMSIS=CMSISv2p00_LPC17xx -DCR_INTEGER_PRINTF -D__LPC17XX__ -I"C:\Users\RISBURT\Desktop\final_code\17xx.Firmware\inc" -I"C:\Users\RISBURT\Desktop\final_code\CMSISv2p00_LPC17xx\inc" -Os -g -Wall -c -fmessage-length=0 -fno-builtin -ffunction-sections -fdata-sections -mcpu=cortex-m3 -mthumb -MMD -MP -MF"src/lpc17xx_clkpwr.d" -MT"src/lpc17xx_clkpwr.d" -o "src/lpc17xx_clkpwr.o" "../src/lpc17xx_clkpwr.c"
Finished building: ../src/lpc17xx_clkpwr.c
 
Building file: ../src/lpc17xx_gpio.c
Invoking: MCU C Compiler
arm-none-eabi-gcc -D__REDLIB__ -DNDEBUG -D__CODE_RED -DCORE_M3 -D__USE_CMSIS=CMSISv2p00_LPC17xx -DCR_INTEGER_PRINTF -D__LPC17XX__ -I"C:\Users\RISBURT\Desktop\final_code\17xx.Firmware\inc" -I"C:\Users\RISBURT\Desktop\final_code\CMSISv2p00_LPC17xx\inc" -Os -g -Wall -c -fmessage-length=0 -fno-builtin -ffunction-sections -fdata-sections -mcpu=cortex-m3 -mthumb -MMD -MP -MF"src/lpc17xx_gpio.d" -MT"src/lpc17xx_gpio.d" -o "src/lpc17xx_gpio.o" "../src/lpc17xx_gpio.c"
In file included from C:\Users\RISBURT\Desktop\final_code\17xx.Firmware\inc/lpc17xx_libcfg_default.h:31:0,
                 from ../src/lpc17xx_gpio.c:36:
C:\Users\RISBURT\Desktop\final_code\17xx.Firmware\inc/FreeRTOSDefs.h:10:23: fatal error: FreeRTOS.h: No such file or directory
compilation terminated.
make: *** [src/lpc17xx_gpio.o] Error 1
08:28:17 **** Incremental Build of configuration Debug for project 17xx.Firmware ****
make all 
make: Nothing to be done for `all'.
08:28:18 **** Build of configuration Debug for project FreeRTOS-IO_Demo ****
make all 
make: Nothing to be done for `all'.
08:28:20 **** Build of configuration Debug for project 17xx.Firmware ****
make all 
make: Nothing to be done for `all'.
08:28:31 **** Build of configuration Debug for project lib_small_printf_m3 ****
make all 
make: Nothing to be done for `all'.
08:28:32 **** Build of configuration Debug for project CMSISv2p00_LPC17xx ****
make all 
make: Nothing to be done for `all'.
08:28:34 **** Incremental Build of configuration Debug for project FreeRTOS-IO_Demo ****
make all 
make: Nothing to be done for `all'.
08:28:34 **** Clean-only build of configuration Release for project 17xx.Firmware ****
make clean 
rm -rf  ./src/lpc17xx_clkpwr.o ./src/lpc17xx_gpio.o ./src/lpc17xx_libcfg_default.o ./src/lpc17xx_pinsel.o ./src/lpc17xx_wdt.o  ./src/lpc17xx_clkpwr.d ./src/lpc17xx_gpio.d ./src/lpc17xx_libcfg_default.d ./src/lpc17xx_pinsel.d ./src/lpc17xx_wdt.d  lib17xx.Firmware.a
 
08:28:34 **** Incremental Build of configuration Release for project 17xx.Firmware ****
make all 
Building file: ../src/lpc17xx_clkpwr.c
Invoking: MCU C Compiler
arm-none-eabi-gcc -D__REDLIB__ -DNDEBUG -D__CODE_RED -DCORE_M3 -D__USE_CMSIS=CMSISv2p00_LPC17xx -DCR_INTEGER_PRINTF -D__LPC17XX__ -I"C:\Users\RISBURT\Desktop\final_code\17xx.Firmware\inc" -I"C:\Users\RISBURT\Desktop\final_code\CMSISv2p00_LPC17xx\inc" -Os -g -Wall -c -fmessage-length=0 -fno-builtin -ffunction-sections -fdata-sections -mcpu=cortex-m3 -mthumb -MMD -MP -MF"src/lpc17xx_clkpwr.d" -MT"src/lpc17xx_clkpwr.d" -o "src/lpc17xx_clkpwr.o" "../src/lpc17xx_clkpwr.c"
Finished building: ../src/lpc17xx_clkpwr.c
 
Building file: ../src/lpc17xx_gpio.c
Invoking: MCU C Compiler
arm-none-eabi-gcc -D__REDLIB__ -DNDEBUG -D__CODE_RED -DCORE_M3 -D__USE_CMSIS=CMSISv2p00_LPC17xx -DCR_INTEGER_PRINTF -D__LPC17XX__ -I"C:\Users\RISBURT\Desktop\final_code\17xx.Firmware\inc" -I"C:\Users\RISBURT\Desktop\final_code\CMSISv2p00_LPC17xx\inc" -Os -g -Wall -c -fmessage-length=0 -fno-builtin -ffunction-sections -fdata-sections -mcpu=cortex-m3 -mthumb -MMD -MP -MF"src/lpc17xx_gpio.d" -MT"src/lpc17xx_gpio.d" -o "src/lpc17xx_gpio.o" "../src/lpc17xx_gpio.c"
In file included from C:\Users\RISBURT\Desktop\final_code\17xx.Firmware\inc/lpc17xx_libcfg_default.h:31:0,
                 from ../src/lpc17xx_gpio.c:36:
C:\Users\RISBURT\Desktop\final_code\17xx.Firmware\inc/FreeRTOSDefs.h:10:23: fatal error: FreeRTOS.h: No such file or directory
compilation terminated.
make: *** [src/lpc17xx_gpio.o] Error 1
08:28:34 **** Incremental Build of configuration Debug for project 17xx.Firmware ****
make all 
make: Nothing to be done for `all'.
08:28:36 **** Build of configuration Debug for project FreeRTOS-IO_Demo ****
make all 
make: Nothing to be done for `all'.
08:28:38 **** Build of configuration Debug for project 17xx.Firmware ****
make all 
make: Nothing to be done for `all'.
09:55:33 **** Build of configuration Debug for project lib_small_printf_m3 ****
make all 
make: Nothing to be done for `all'.
09:55:41 **** Build of configuration Debug for project CMSISv2p00_LPC17xx ****
make all 
make: Nothing to be done for `all'.
09:55:47 **** Incremental Build of configuration Debug for project FreeRTOS-IO_Demo ****
make all 
make: Nothing to be done for `all'.
09:55:50 **** Clean-only build of configuration Release for project 17xx.Firmware ****
make clean 
rm -rf  ./src/lpc17xx_clkpwr.o ./src/lpc17xx_gpio.o ./src/lpc17xx_libcfg_default.o ./src/lpc17xx_pinsel.o ./src/lpc17xx_wdt.o  ./src/lpc17xx_clkpwr.d ./src/lpc17xx_gpio.d ./src/lpc17xx_libcfg_default.d ./src/lpc17xx_pinsel.d ./src/lpc17xx_wdt.d  lib17xx.Firmware.a
 
09:55:52 **** Incremental Build of configuration Release for project 17xx.Firmware ****
make all 
Building file: ../src/lpc17xx_clkpwr.c
Invoking: MCU C Compiler
arm-none-eabi-gcc -D__REDLIB__ -DNDEBUG -D__CODE_RED -DCORE_M3 -D__USE_CMSIS=CMSISv2p00_LPC17xx -DCR_INTEGER_PRINTF -D__LPC17XX__ -I"C:\Users\desd56\Desktop\final\final_code\17xx.Firmware\inc" -I"C:\Users\desd56\Desktop\final\final_code\CMSISv2p00_LPC17xx\inc" -Os -g -Wall -c -fmessage-length=0 -fno-builtin -ffunction-sections -fdata-sections -mcpu=cortex-m3 -mthumb -MMD -MP -MF"src/lpc17xx_clkpwr.d" -MT"src/lpc17xx_clkpwr.d" -o "src/lpc17xx_clkpwr.o" "../src/lpc17xx_clkpwr.c"
Finished building: ../src/lpc17xx_clkpwr.c
 
Building file: ../src/lpc17xx_gpio.c
Invoking: MCU C Compiler
arm-none-eabi-gcc -D__REDLIB__ -DNDEBUG -D__CODE_RED -DCORE_M3 -D__USE_CMSIS=CMSISv2p00_LPC17xx -DCR_INTEGER_PRINTF -D__LPC17XX__ -I"C:\Users\desd56\Desktop\final\final_code\17xx.Firmware\inc" -I"C:\Users\desd56\Desktop\final\final_code\CMSISv2p00_LPC17xx\inc" -Os -g -Wall -c -fmessage-length=0 -fno-builtin -ffunction-sections -fdata-sections -mcpu=cortex-m3 -mthumb -MMD -MP -MF"src/lpc17xx_gpio.d" -MT"src/lpc17xx_gpio.d" -o "src/lpc17xx_gpio.o" "../src/lpc17xx_gpio.c"
In file included from C:\Users\desd56\Desktop\final\final_code\17xx.Firmware\inc/lpc17xx_libcfg_default.h:31:0,
                 from ../src/lpc17xx_gpio.c:36:
C:\Users\desd56\Desktop\final\final_code\17xx.Firmware\inc/FreeRTOSDefs.h:10:23: fatal error: FreeRTOS.h: No such file or directory
compilation terminated.
make: *** [src/lpc17xx_gpio.o] Error 1
09:55:58 **** Incremental Build of configuration Debug for project 17xx.Firmware ****
make all 
make: Nothing to be done for `all'.
09:56:00 **** Build of configuration Debug for project FreeRTOS-IO_Demo ****
make all 
make: Nothing to be done for `all'.
09:56:05 **** Build of configuration Debug for project 17xx.Firmware ****
make all 
make: Nothing to be done for `all'.
09:56:57 **** Incremental Build of configuration Debug for project CMSISv2p00_LPC17xx ****
make all 
make: Nothing to be done for `all'.
09:57:00 **** Incremental Build of configuration Debug for project FreeRTOS-IO_Demo ****
make all 
make: Nothing to be done for `all'.
09:57:02 **** Clean-only build of configuration Release for project 17xx.Firmware ****
make clean 
rm -rf  ./src/lpc17xx_clkpwr.o ./src/lpc17xx_gpio.o ./src/lpc17xx_libcfg_default.o ./src/lpc17xx_pinsel.o ./src/lpc17xx_wdt.o  ./src/lpc17xx_clkpwr.d ./src/lpc17xx_gpio.d ./src/lpc17xx_libcfg_default.d ./src/lpc17xx_pinsel.d ./src/lpc17xx_wdt.d  lib17xx.Firmware.a
 
09:57:03 **** Incremental Build of configuration Release for project 17xx.Firmware ****
make all 
Building file: ../src/lpc17xx_clkpwr.c
Invoking: MCU C Compiler
arm-none-eabi-gcc -D__REDLIB__ -DNDEBUG -D__CODE_RED -DCORE_M3 -D__USE_CMSIS=CMSISv2p00_LPC17xx -DCR_INTEGER_PRINTF -D__LPC17XX__ -I"C:\Users\desd56\Desktop\final\final_code\17xx.Firmware\inc" -I"C:\Users\desd56\Desktop\final\final_code\CMSISv2p00_LPC17xx\inc" -Os -g -Wall -c -fmessage-length=0 -fno-builtin -ffunction-sections -fdata-sections -mcpu=cortex-m3 -mthumb -MMD -MP -MF"src/lpc17xx_clkpwr.d" -MT"src/lpc17xx_clkpwr.d" -o "src/lpc17xx_clkpwr.o" "../src/lpc17xx_clkpwr.c"
Finished building: ../src/lpc17xx_clkpwr.c
 
Building file: ../src/lpc17xx_gpio.c
Invoking: MCU C Compiler
arm-none-eabi-gcc -D__REDLIB__ -DNDEBUG -D__CODE_RED -DCORE_M3 -D__USE_CMSIS=CMSISv2p00_LPC17xx -DCR_INTEGER_PRINTF -D__LPC17XX__ -I"C:\Users\desd56\Desktop\final\final_code\17xx.Firmware\inc" -I"C:\Users\desd56\Desktop\final\final_code\CMSISv2p00_LPC17xx\inc" -Os -g -Wall -c -fmessage-length=0 -fno-builtin -ffunction-sections -fdata-sections -mcpu=cortex-m3 -mthumb -MMD -MP -MF"src/lpc17xx_gpio.d" -MT"src/lpc17xx_gpio.d" -o "src/lpc17xx_gpio.o" "../src/lpc17xx_gpio.c"
In file included from C:\Users\desd56\Desktop\final\final_code\17xx.Firmware\inc/lpc17xx_libcfg_default.h:31:0,
                 from ../src/lpc17xx_gpio.c:36:
C:\Users\desd56\Desktop\final\final_code\17xx.Firmware\inc/FreeRTOSDefs.h:10:23: fatal error: FreeRTOS.h: No such file or directory
compilation terminated.
make: *** [src/lpc17xx_gpio.o] Error 1
09:57:06 **** Incremental Build of configuration Debug for project 17xx.Firmware ****
make all 
make: Nothing to be done for `all'.
09:57:07 **** Incremental Build of configuration Debug for project lib_small_printf_m3 ****
make all 
make: Nothing to be done for `all'.
09:57:10 **** Incremental Build of configuration Debug for project FreeRTOS-IO_Demo ****
make all 
make: Nothing to be done for `all'.
09:58:02 **** Incremental Build of configuration Debug for project CMSISv2p00_LPC17xx ****
make all 
make: Nothing to be done for `all'.
09:58:06 **** Incremental Build of configuration Debug for project FreeRTOS-IO_Demo ****
make all 
make: Nothing to be done for `all'.
09:58:08 **** Incremental Build of configuration Release for project 17xx.Firmware ****
make all 
Building file: ../src/lpc17xx_gpio.c
Invoking: MCU C Compiler
arm-none-eabi-gcc -D__REDLIB__ -DNDEBUG -D__CODE_RED -DCORE_M3 -D__USE_CMSIS=CMSISv2p00_LPC17xx -DCR_INTEGER_PRINTF -D__LPC17XX__ -I"C:\Users\desd56\Desktop\final\final_code\17xx.Firmware\inc" -I"C:\Users\desd56\Desktop\final\final_code\CMSISv2p00_LPC17xx\inc" -Os -g -Wall -c -fmessage-length=0 -fno-builtin -ffunction-sections -fdata-sections -mcpu=cortex-m3 -mthumb -MMD -MP -MF"src/lpc17xx_gpio.d" -MT"src/lpc17xx_gpio.d" -o "src/lpc17xx_gpio.o" "../src/lpc17xx_gpio.c"
In file included from C:\Users\desd56\Desktop\final\final_code\17xx.Firmware\inc/lpc17xx_libcfg_default.h:31:0,
                 from ../src/lpc17xx_gpio.c:36:
C:\Users\desd56\Desktop\final\final_code\17xx.Firmware\inc/FreeRTOSDefs.h:10:23: fatal error: FreeRTOS.h: No such file or directory
compilation terminated.
make: *** [src/lpc17xx_gpio.o] Error 1
09:58:10 **** Incremental Build of configuration Debug for project 17xx.Firmware ****
make all 
make: Nothing to be done for `all'.
09:58:12 **** Incremental Build of configuration Debug for project lib_small_printf_m3 ****
make all 
make: Nothing to be done for `all'.
09:58:15 **** Incremental Build of configuration Debug for project FreeRTOS-IO_Demo ****
make all 
make: Nothing to be done for `all'.
10:12:14 **** Build of configuration Debug for project lib_small_printf_m3 ****
make all 
make: Nothing to be done for `all'.
10:12:15 **** Build of configuration Debug for project CMSISv2p00_LPC17xx ****
make all 
make: Nothing to be done for `all'.
10:12:17 **** Incremental Build of configuration Release for project 17xx.Firmware ****
make all 
Building file: ../src/lpc17xx_gpio.c
Invoking: MCU C Compiler
arm-none-eabi-gcc -D__REDLIB__ -DNDEBUG -D__CODE_RED -DCORE_M3 -D__USE_CMSIS=CMSISv2p00_LPC17xx -DCR_INTEGER_PRINTF -D__LPC17XX__ -I"C:\Users\desd56\Desktop\final\final_code\17xx.Firmware\inc" -I"C:\Users\desd56\Desktop\final\final_code\CMSISv2p00_LPC17xx\inc" -Os -g -Wall -c -fmessage-length=0 -fno-builtin -ffunction-sections -fdata-sections -mcpu=cortex-m3 -mthumb -MMD -MP -MF"src/lpc17xx_gpio.d" -MT"src/lpc17xx_gpio.d" -o "src/lpc17xx_gpio.o" "../src/lpc17xx_gpio.c"
In file included from C:\Users\desd56\Desktop\final\final_code\17xx.Firmware\inc/lpc17xx_libcfg_default.h:31:0,
                 from ../src/lpc17xx_gpio.c:36:
C:\Users\desd56\Desktop\final\final_code\17xx.Firmware\inc/FreeRTOSDefs.h:10:23: fatal error: FreeRTOS.h: No such file or directory
compilation terminated.
make: *** [src/lpc17xx_gpio.o] Error 1
10:12:20 **** Incremental Build of configuration Debug for project FreeRTOS-IO_Demo ****
make all 
make: Nothing to be done for `all'.
10:12:20 **** Incremental Build of configuration Debug for project 17xx.Firmware ****
make all 
make: Nothing to be done for `all'.
10:12:22 **** Build of configuration Debug for project FreeRTOS-IO_Demo ****
make all 
make: Nothing to be done for `all'.
10:12:25 **** Build of configuration Debug for project 17xx.Firmware ****
make all 
make: Nothing to be done for `all'.
10:12:31 **** Incremental Build of configuration Debug for project lib_small_printf_m3 ****
make all 
make: Nothing to be done for `all'.
10:12:32 **** Incremental Build of configuration Debug for project CMSISv2p00_LPC17xx ****
make all 
make: Nothing to be done for `all'.
10:12:32 **** Clean-only build of configuration Release for project 17xx.Firmware ****
make clean 
rm -rf  ./src/lpc17xx_clkpwr.o ./src/lpc17xx_gpio.o ./src/lpc17xx_libcfg_default.o ./src/lpc17xx_pinsel.o ./src/lpc17xx_wdt.o  ./src/lpc17xx_clkpwr.d ./src/lpc17xx_gpio.d ./src/lpc17xx_libcfg_default.d ./src/lpc17xx_pinsel.d ./src/lpc17xx_wdt.d  lib17xx.Firmware.a
 
10:12:32 **** Incremental Build of configuration Release for project 17xx.Firmware ****
make all 
Building file: ../src/lpc17xx_clkpwr.c
Invoking: MCU C Compiler
arm-none-eabi-gcc -D__REDLIB__ -DNDEBUG -D__CODE_RED -DCORE_M3 -D__USE_CMSIS=CMSISv2p00_LPC17xx -DCR_INTEGER_PRINTF -D__LPC17XX__ -I"C:\Users\desd56\Desktop\final\final_code\17xx.Firmware\inc" -I"C:\Users\desd56\Desktop\final\final_code\CMSISv2p00_LPC17xx\inc" -Os -g -Wall -c -fmessage-length=0 -fno-builtin -ffunction-sections -fdata-sections -mcpu=cortex-m3 -mthumb -MMD -MP -MF"src/lpc17xx_clkpwr.d" -MT"src/lpc17xx_clkpwr.d" -o "src/lpc17xx_clkpwr.o" "../src/lpc17xx_clkpwr.c"
Finished building: ../src/lpc17xx_clkpwr.c
 
Building file: ../src/lpc17xx_gpio.c
Invoking: MCU C Compiler
arm-none-eabi-gcc -D__REDLIB__ -DNDEBUG -D__CODE_RED -DCORE_M3 -D__USE_CMSIS=CMSISv2p00_LPC17xx -DCR_INTEGER_PRINTF -D__LPC17XX__ -I"C:\Users\desd56\Desktop\final\final_code\17xx.Firmware\inc" -I"C:\Users\desd56\Desktop\final\final_code\CMSISv2p00_LPC17xx\inc" -Os -g -Wall -c -fmessage-length=0 -fno-builtin -ffunction-sections -fdata-sections -mcpu=cortex-m3 -mthumb -MMD -MP -MF"src/lpc17xx_gpio.d" -MT"src/lpc17xx_gpio.d" -o "src/lpc17xx_gpio.o" "../src/lpc17xx_gpio.c"
In file included from C:\Users\desd56\Desktop\final\final_code\17xx.Firmware\inc/lpc17xx_libcfg_default.h:31:0,
                 from ../src/lpc17xx_gpio.c:36:
C:\Users\desd56\Desktop\final\final_code\17xx.Firmware\inc/FreeRTOSDefs.h:10:23: fatal error: FreeRTOS.h: No such file or directory
compilation terminated.
make: *** [src/lpc17xx_gpio.o] Error 1
10:12:34 **** Incremental Build of configuration Debug for project FreeRTOS-IO_Demo ****
make all 
make: Nothing to be done for `all'.
10:12:35 **** Incremental Build of configuration Debug for project 17xx.Firmware ****
make all 
make: Nothing to be done for `all'.
10:12:36 **** Incremental Build of configuration Debug for project FreeRTOS-IO_Demo ****
make all 
make: Nothing to be done for `all'.
10:14:21 **** Incremental Build of configuration Debug for project lib_small_printf_m3 ****
make all 
make: Nothing to be done for `all'.
10:14:21 **** Incremental Build of configuration Debug for project CMSISv2p00_LPC17xx ****
make all 
make: Nothing to be done for `all'.
10:14:21 **** Incremental Build of configuration Release for project 17xx.Firmware ****
make all 
Building file: ../src/lpc17xx_gpio.c
Invoking: MCU C Compiler
arm-none-eabi-gcc -D__REDLIB__ -DNDEBUG -D__CODE_RED -DCORE_M3 -D__USE_CMSIS=CMSISv2p00_LPC17xx -DCR_INTEGER_PRINTF -D__LPC17XX__ -I"C:\Users\desd56\Desktop\final\final_code\17xx.Firmware\inc" -I"C:\Users\desd56\Desktop\final\final_code\CMSISv2p00_LPC17xx\inc" -Os -g -Wall -c -fmessage-length=0 -fno-builtin -ffunction-sections -fdata-sections -mcpu=cortex-m3 -mthumb -MMD -MP -MF"src/lpc17xx_gpio.d" -MT"src/lpc17xx_gpio.d" -o "src/lpc17xx_gpio.o" "../src/lpc17xx_gpio.c"
In file included from C:\Users\desd56\Desktop\final\final_code\17xx.Firmware\inc/lpc17xx_libcfg_default.h:31:0,
                 from ../src/lpc17xx_gpio.c:36:
C:\Users\desd56\Desktop\final\final_code\17xx.Firmware\inc/FreeRTOSDefs.h:10:23: fatal error: FreeRTOS.h: No such file or directory
compilation terminated.
make: *** [src/lpc17xx_gpio.o] Error 1
10:14:23 **** Incremental Build of configuration Debug for project FreeRTOS-IO_Demo ****
make all 
make: Nothing to be done for `all'.
10:14:23 **** Incremental Build of configuration Debug for project 17xx.Firmware ****
make all 
make: Nothing to be done for `all'.
10:14:25 **** Incremental Build of configuration Debug for project FreeRTOS-IO_Demo ****
make all 
make: Nothing to be done for `all'.
10:14:49 **** Incremental Build of configuration Debug for project lib_small_printf_m3 ****
make all 
make: Nothing to be done for `all'.
10:14:49 **** Incremental Build of configuration Debug for project CMSISv2p00_LPC17xx ****
make all 
make: Nothing to be done for `all'.
10:14:50 **** Incremental Build of configuration Release for project 17xx.Firmware ****
make all 
Building file: ../src/lpc17xx_gpio.c
Invoking: MCU C Compiler
arm-none-eabi-gcc -D__REDLIB__ -DNDEBUG -D__CODE_RED -DCORE_M3 -D__USE_CMSIS=CMSISv2p00_LPC17xx -DCR_INTEGER_PRINTF -D__LPC17XX__ -I"C:\Users\desd56\Desktop\final\final_code\17xx.Firmware\inc" -I"C:\Users\desd56\Desktop\final\final_code\CMSISv2p00_LPC17xx\inc" -Os -g -Wall -c -fmessage-length=0 -fno-builtin -ffunction-sections -fdata-sections -mcpu=cortex-m3 -mthumb -MMD -MP -MF"src/lpc17xx_gpio.d" -MT"src/lpc17xx_gpio.d" -o "src/lpc17xx_gpio.o" "../src/lpc17xx_gpio.c"
In file included from C:\Users\desd56\Desktop\final\final_code\17xx.Firmware\inc/lpc17xx_libcfg_default.h:31:0,
                 from ../src/lpc17xx_gpio.c:36:
C:\Users\desd56\Desktop\final\final_code\17xx.Firmware\inc/FreeRTOSDefs.h:10:23: fatal error: FreeRTOS.h: No such file or directory
compilation terminated.
make: *** [src/lpc17xx_gpio.o] Error 1
10:14:52 **** Incremental Build of configuration Debug for project FreeRTOS-IO_Demo ****
make all 
make: Nothing to be done for `all'.
10:14:52 **** Incremental Build of configuration Debug for project 17xx.Firmware ****
make all 
make: Nothing to be done for `all'.
10:14:53 **** Incremental Build of configuration Debug for project FreeRTOS-IO_Demo ****
make all 
make: Nothing to be done for `all'.
10:17:19 **** Incremental Build of configuration Debug for project lib_small_printf_m3 ****
make all 
make: Nothing to be done for `all'.
10:17:19 **** Incremental Build of configuration Debug for project CMSISv2p00_LPC17xx ****
make all 
make: Nothing to be done for `all'.
10:17:19 **** Incremental Build of configuration Release for project 17xx.Firmware ****
make all 
Building file: ../src/lpc17xx_gpio.c
Invoking: MCU C Compiler
arm-none-eabi-gcc -D__REDLIB__ -DNDEBUG -D__CODE_RED -DCORE_M3 -D__USE_CMSIS=CMSISv2p00_LPC17xx -DCR_INTEGER_PRINTF -D__LPC17XX__ -I"C:\Users\desd56\Desktop\final\final_code\17xx.Firmware\inc" -I"C:\Users\desd56\Desktop\final\final_code\CMSISv2p00_LPC17xx\inc" -Os -g -Wall -c -fmessage-length=0 -fno-builtin -ffunction-sections -fdata-sections -mcpu=cortex-m3 -mthumb -MMD -MP -MF"src/lpc17xx_gpio.d" -MT"src/lpc17xx_gpio.d" -o "src/lpc17xx_gpio.o" "../src/lpc17xx_gpio.c"
In file included from C:\Users\desd56\Desktop\final\final_code\17xx.Firmware\inc/lpc17xx_libcfg_default.h:31:0,
                 from ../src/lpc17xx_gpio.c:36:
C:\Users\desd56\Desktop\final\final_code\17xx.Firmware\inc/FreeRTOSDefs.h:10:23: fatal error: FreeRTOS.h: No such file or directory
compilation terminated.
make: *** [src/lpc17xx_gpio.o] Error 1
10:17:21 **** Incremental Build of configuration Debug for project FreeRTOS-IO_Demo ****
make all 
make: Nothing to be done for `all'.
10:17:21 **** Incremental Build of configuration Debug for project 17xx.Firmware ****
make all 
make: Nothing to be done for `all'.
10:17:23 **** Incremental Build of configuration Debug for project FreeRTOS-IO_Demo ****
make all 
make: Nothing to be done for `all'.
10:18:59 **** Incremental Build of configuration Debug for project lib_small_printf_m3 ****
make all 
make: Nothing to be done for `all'.
10:18:59 **** Incremental Build of configuration Debug for project CMSISv2p00_LPC17xx ****
make all 
make: Nothing to be done for `all'.
10:18:59 **** Incremental Build of configuration Release for project 17xx.Firmware ****
make all 
Building file: ../src/lpc17xx_gpio.c
Invoking: MCU C Compiler
arm-none-eabi-gcc -D__REDLIB__ -DNDEBUG -D__CODE_RED -DCORE_M3 -D__USE_CMSIS=CMSISv2p00_LPC17xx -DCR_INTEGER_PRINTF -D__LPC17XX__ -I"C:\Users\desd56\Desktop\final\final_code\17xx.Firmware\inc" -I"C:\Users\desd56\Desktop\final\final_code\CMSISv2p00_LPC17xx\inc" -Os -g -Wall -c -fmessage-length=0 -fno-builtin -ffunction-sections -fdata-sections -mcpu=cortex-m3 -mthumb -MMD -MP -MF"src/lpc17xx_gpio.d" -MT"src/lpc17xx_gpio.d" -o "src/lpc17xx_gpio.o" "../src/lpc17xx_gpio.c"
In file included from C:\Users\desd56\Desktop\final\final_code\17xx.Firmware\inc/lpc17xx_libcfg_default.h:31:0,
                 from ../src/lpc17xx_gpio.c:36:
C:\Users\desd56\Desktop\final\final_code\17xx.Firmware\inc/FreeRTOSDefs.h:10:23: fatal error: FreeRTOS.h: No such file or directory
compilation terminated.
make: *** [src/lpc17xx_gpio.o] Error 1
10:19:01 **** Incremental Build of configuration Debug for project FreeRTOS-IO_Demo ****
make all 
make: Nothing to be done for `all'.
10:19:01 **** Incremental Build of configuration Debug for project 17xx.Firmware ****
make all 
make: Nothing to be done for `all'.
10:19:03 **** Incremental Build of configuration Debug for project FreeRTOS-IO_Demo ****
make all 
make: Nothing to be done for `all'.
10:24:58 **** Incremental Build of configuration Debug for project lib_small_printf_m3 ****
make all 
make: Nothing to be done for `all'.
10:24:58 **** Incremental Build of configuration Debug for project CMSISv2p00_LPC17xx ****
make all 
make: Nothing to be done for `all'.
10:24:58 **** Incremental Build of configuration Release for project 17xx.Firmware ****
make all 
Building file: ../src/lpc17xx_gpio.c
Invoking: MCU C Compiler
arm-none-eabi-gcc -D__REDLIB__ -DNDEBUG -D__CODE_RED -DCORE_M3 -D__USE_CMSIS=CMSISv2p00_LPC17xx -DCR_INTEGER_PRINTF -D__LPC17XX__ -I"C:\Users\desd56\Desktop\final\final_code\17xx.Firmware\inc" -I"C:\Users\desd56\Desktop\final\final_code\CMSISv2p00_LPC17xx\inc" -Os -g -Wall -c -fmessage-length=0 -fno-builtin -ffunction-sections -fdata-sections -mcpu=cortex-m3 -mthumb -MMD -MP -MF"src/lpc17xx_gpio.d" -MT"src/lpc17xx_gpio.d" -o "src/lpc17xx_gpio.o" "../src/lpc17xx_gpio.c"
In file included from C:\Users\desd56\Desktop\final\final_code\17xx.Firmware\inc/lpc17xx_libcfg_default.h:31:0,
                 from ../src/lpc17xx_gpio.c:36:
C:\Users\desd56\Desktop\final\final_code\17xx.Firmware\inc/FreeRTOSDefs.h:10:23: fatal error: FreeRTOS.h: No such file or directory
compilation terminated.
make: *** [src/lpc17xx_gpio.o] Error 1
10:25:00 **** Incremental Build of configuration Debug for project FreeRTOS-IO_Demo ****
make all 
make: Nothing to be done for `all'.
10:25:01 **** Incremental Build of configuration Debug for project 17xx.Firmware ****
make all 
make: Nothing to be done for `all'.
10:25:02 **** Incremental Build of configuration Debug for project FreeRTOS-IO_Demo ****
make all 
make: Nothing to be done for `all'.
10:43:57 **** Incremental Build of configuration Debug for project CMSISv2p00_LPC17xx ****
make all 
make: Nothing to be done for `all'.
10:43:57 **** Incremental Build of configuration Debug for project lib_small_printf_m3 ****
make all 
make: Nothing to be done for `all'.
10:43:58 **** Incremental Build of configuration Release for project 17xx.Firmware ****
make all 
Building file: ../src/lpc17xx_gpio.c
Invoking: MCU C Compiler
arm-none-eabi-gcc -D__REDLIB__ -DNDEBUG -D__CODE_RED -DCORE_M3 -D__USE_CMSIS=CMSISv2p00_LPC17xx -DCR_INTEGER_PRINTF -D__LPC17XX__ -I"C:\Users\desd56\Desktop\final\final_code v2\17xx.Firmware\inc" -I"C:\Users\desd56\Desktop\final\final_code v2\CMSISv2p00_LPC17xx\inc" -Os -g -Wall -c -fmessage-length=0 -fno-builtin -ffunction-sections -fdata-sections -mcpu=cortex-m3 -mthumb -MMD -MP -MF"src/lpc17xx_gpio.d" -MT"src/lpc17xx_gpio.d" -o "src/lpc17xx_gpio.o" "../src/lpc17xx_gpio.c"
In file included from C:\Users\desd56\Desktop\final\final_code v2\17xx.Firmware\inc/lpc17xx_libcfg_default.h:31:0,
                 from ../src/lpc17xx_gpio.c:36:
C:\Users\desd56\Desktop\final\final_code v2\17xx.Firmware\inc/FreeRTOSDefs.h:10:23: fatal error: FreeRTOS.h: No such file or directory
compilation terminated.
make: *** [src/lpc17xx_gpio.o] Error 1
10:44:00 **** Incremental Build of configuration Debug for project FreeRTOS-IO_Demo ****
make all 
Building file: ../src/main.c
Invoking: MCU C Compiler
arm-none-eabi-gcc -D__REDLIB__ -D__CODE_RED -D__USE_CMSIS=CMSISv2p00_LPC17xx -I"C:\Users\desd56\Desktop\final\final_code v2\CMSISv2p00_LPC17xx" -I"C:\Users\desd56\Desktop\final\final_code v2\17xx.Firmware" -I"C:\Users\desd56\Desktop\final\final_code v2\lib_small_printf_m3\inc" -I"C:\Users\desd56\Desktop\final\final_code v2\17xx.Firmware\src" -I"C:\Users\desd56\Desktop\final\final_code v2\FreeRTOS-IO_Demo\FreeRTOS-IO\Device\LPC17xx\SupportedBoards" -I"C:\Users\desd56\Desktop\final\final_code v2\FreeRTOS-IO_Demo\FreeRTOS-IO\Include" -I"C:\Users\desd56\Desktop\final\final_code v2\17xx.Firmware\inc" -I"C:\Users\desd56\Desktop\final\final_code v2\FreeRTOS-IO_Demo\src" -I"C:\Users\desd56\Desktop\final\final_code v2\FreeRTOS-IO_Demo\FreeRTOS\inc" -I"C:\Users\desd56\Desktop\final\final_code v2\FreeRTOS-IO_Demo\FreeRTOS\port\lpcxpresso\m3" -I"C:\Users\desd56\Desktop\final\final_code v2\CMSISv2p00_LPC17xx\inc" -O0 -g3 -Wall -c -fmessage-length=0 -fno-builtin -ffunction-sections -fdata-sections -mcpu=cortex-m3 -mthumb -MMD -MP -MF"src/main.d" -MT"src/main.d" -o "src/main.o" "../src/main.c"
Finished building: ../src/main.c
 
Building file: ../FreeRTOS-IO/Device/LPC17xx/FreeRTOS_LPC17xx_wdt.c
Invoking: MCU C Compiler
arm-none-eabi-gcc -D__REDLIB__ -D__CODE_RED -D__USE_CMSIS=CMSISv2p00_LPC17xx -I"C:\Users\desd56\Desktop\final\final_code v2\CMSISv2p00_LPC17xx" -I"C:\Users\desd56\Desktop\final\final_code v2\17xx.Firmware" -I"C:\Users\desd56\Desktop\final\final_code v2\lib_small_printf_m3\inc" -I"C:\Users\desd56\Desktop\final\final_code v2\17xx.Firmware\src" -I"C:\Users\desd56\Desktop\final\final_code v2\FreeRTOS-IO_Demo\FreeRTOS-IO\Device\LPC17xx\SupportedBoards" -I"C:\Users\desd56\Desktop\final\final_code v2\FreeRTOS-IO_Demo\FreeRTOS-IO\Include" -I"C:\Users\desd56\Desktop\final\final_code v2\17xx.Firmware\inc" -I"C:\Users\desd56\Desktop\final\final_code v2\FreeRTOS-IO_Demo\src" -I"C:\Users\desd56\Desktop\final\final_code v2\FreeRTOS-IO_Demo\FreeRTOS\inc" -I"C:\Users\desd56\Desktop\final\final_code v2\FreeRTOS-IO_Demo\FreeRTOS\port\lpcxpresso\m3" -I"C:\Users\desd56\Desktop\final\final_code v2\CMSISv2p00_LPC17xx\inc" -O0 -g3 -Wall -c -fmessage-length=0 -fno-builtin -ffunction-sections -fdata-sections -mcpu=cortex-m3 -mthumb -MMD -MP -MF"FreeRTOS-IO/Device/LPC17xx/FreeRTOS_LPC17xx_wdt.d" -MT"FreeRTOS-IO/Device/LPC17xx/FreeRTOS_LPC17xx_wdt.d" -o "FreeRTOS-IO/Device/LPC17xx/FreeRTOS_LPC17xx_wdt.o" "../FreeRTOS-IO/Device/LPC17xx/FreeRTOS_LPC17xx_wdt.c"
Finished building: ../FreeRTOS-IO/Device/LPC17xx/FreeRTOS_LPC17xx_wdt.c
 
Building target: FreeRTOS-IO_Demo.axf
Invoking: MCU Linker
arm-none-eabi-gcc -nostdlib -L"C:\Users\desd56\Desktop\final\final_code v2\CMSISv2p00_LPC17xx\Debug" -L"C:\Users\desd56\Desktop\final\final_code v2\17xx.Firmware\Debug" -L"C:\Users\desd56\Desktop\final\final_code v2\lib_small_printf_m3\Debug" -Xlinker -Map="FreeRTOS-IO_Demo.map" -Xlinker --gc-sections -mcpu=cortex-m3 -mthumb -T "FreeRTOS-IO_Demo_Debug.ld" -o "FreeRTOS-IO_Demo.axf"  ./src/TEST_WDT.o ./src/cr_startup_lpc17.o ./src/debug.o ./src/main.o  ./FreeRTOS/src/croutine.o ./FreeRTOS/src/list.o ./FreeRTOS/src/queue.o ./FreeRTOS/src/tasks.o  ./FreeRTOS/port/memmang/heap_2.o  ./FreeRTOS/port/lpcxpresso/m3/port.o  ./FreeRTOS-IO/Device/LPC17xx/FreeRTOS_LPC17xx_DriverInterface.o ./FreeRTOS-IO/Device/LPC17xx/FreeRTOS_LPC17xx_wdt.o  ./FreeRTOS-IO/Common/FreeRTOS_DriverInterface.o   -lCMSISv2p00_LPC17xx -l17xx.Firmware -llib_small_printf_m3
Finished building target: FreeRTOS-IO_Demo.axf
 
make --no-print-directory post-build
Performing post-build steps
arm-none-eabi-size "FreeRTOS-IO_Demo.axf"; # arm-none-eabi-objcopy -O binary "FreeRTOS-IO_Demo.axf" "FreeRTOS-IO_Demo.bin" ; checksum -p LPC1768 -d "FreeRTOS-IO_Demo.bin";
   text	   data	    bss	    dec	    hex	filename
  19216	      8	   2664	  21888	   5580	FreeRTOS-IO_Demo.axf
 
10:44:01 **** Incremental Build of configuration Debug for project 17xx.Firmware ****
make all 
make: Nothing to be done for `all'.
10:44:03 **** Incremental Build of configuration Debug for project FreeRTOS-IO_Demo ****
make all 
Building file: ../src/main.c
Invoking: MCU C Compiler
arm-none-eabi-gcc -D__REDLIB__ -D__CODE_RED -D__USE_CMSIS=CMSISv2p00_LPC17xx -I"C:\Users\desd56\Desktop\final\final_code v2\CMSISv2p00_LPC17xx" -I"C:\Users\desd56\Desktop\final\final_code v2\17xx.Firmware" -I"C:\Users\desd56\Desktop\final\final_code v2\lib_small_printf_m3\inc" -I"C:\Users\desd56\Desktop\final\final_code v2\17xx.Firmware\src" -I"C:\Users\desd56\Desktop\final\final_code v2\FreeRTOS-IO_Demo\FreeRTOS-IO\Device\LPC17xx\SupportedBoards" -I"C:\Users\desd56\Desktop\final\final_code v2\FreeRTOS-IO_Demo\FreeRTOS-IO\Include" -I"C:\Users\desd56\Desktop\final\final_code v2\17xx.Firmware\inc" -I"C:\Users\desd56\Desktop\final\final_code v2\FreeRTOS-IO_Demo\src" -I"C:\Users\desd56\Desktop\final\final_code v2\FreeRTOS-IO_Demo\FreeRTOS\inc" -I"C:\Users\desd56\Desktop\final\final_code v2\FreeRTOS-IO_Demo\FreeRTOS\port\lpcxpresso\m3" -I"C:\Users\desd56\Desktop\final\final_code v2\CMSISv2p00_LPC17xx\inc" -O0 -g3 -Wall -c -fmessage-length=0 -fno-builtin -ffunction-sections -fdata-sections -mcpu=cortex-m3 -mthumb -MMD -MP -MF"src/main.d" -MT"src/main.d" -o "src/main.o" "../src/main.c"
Finished building: ../src/main.c
 
Building file: ../FreeRTOS-IO/Device/LPC17xx/FreeRTOS_LPC17xx_wdt.c
Invoking: MCU C Compiler
[...]
11:57:36 **** Incremental Build of configuration Debug for project lib_small_printf_m3 ****
make all 
make: Nothing to be done for `all'.
11:57:36 **** Incremental Build of configuration Release for project 17xx.Firmware ****
make all 
Building file: ../src/lpc17xx_gpio.c
Invoking: MCU C Compiler
arm-none-eabi-gcc -D__REDLIB__ -DNDEBUG -D__CODE_RED -DCORE_M3 -D__USE_CMSIS=CMSISv2p00_LPC17xx -DCR_INTEGER_PRINTF -D__LPC17XX__ -I"C:\Users\desd56\Desktop\final\final_code v2\17xx.Firmware\inc" -I"C:\Users\desd56\Desktop\final\final_code v2\CMSISv2p00_LPC17xx\inc" -Os -g -Wall -c -fmessage-length=0 -fno-builtin -ffunction-sections -fdata-sections -mcpu=cortex-m3 -mthumb -MMD -MP -MF"src/lpc17xx_gpio.d" -MT"src/lpc17xx_gpio.d" -o "src/lpc17xx_gpio.o" "../src/lpc17xx_gpio.c"
In file included from C:\Users\desd56\Desktop\final\final_code v2\17xx.Firmware\inc/lpc17xx_libcfg_default.h:31:0,
                 from ../src/lpc17xx_gpio.c:36:
C:\Users\desd56\Desktop\final\final_code v2\17xx.Firmware\inc/FreeRTOSDefs.h:10:23: fatal error: FreeRTOS.h: No such file or directory
compilation terminated.
make: *** [src/lpc17xx_gpio.o] Error 1
11:57:38 **** Incremental Build of configuration Debug for project FreeRTOS-IO_Demo ****
make all 
make: Nothing to be done for `all'.
11:57:38 **** Incremental Build of configuration Debug for project 17xx.Firmware ****
make all 
make: Nothing to be done for `all'.
11:57:40 **** Incremental Build of configuration Debug for project FreeRTOS-IO_Demo ****
make all 
make: Nothing to be done for `all'.
12:02:25 **** Incremental Build of configuration Release for project 17xx.Firmware ****
make all 
Building file: ../src/lpc17xx_gpio.c
Invoking: MCU C Compiler
arm-none-eabi-gcc -D__REDLIB__ -DNDEBUG -D__CODE_RED -DCORE_M3 -D__USE_CMSIS=CMSISv2p00_LPC17xx -DCR_INTEGER_PRINTF -D__LPC17XX__ -I"C:\Users\desd56\Desktop\final\final_code v2\17xx.Firmware\inc" -I"C:\Users\desd56\Desktop\final\final_code v2\CMSISv2p00_LPC17xx\inc" -Os -g -Wall -c -fmessage-length=0 -fno-builtin -ffunction-sections -fdata-sections -mcpu=cortex-m3 -mthumb -MMD -MP -MF"src/lpc17xx_gpio.d" -MT"src/lpc17xx_gpio.d" -o "src/lpc17xx_gpio.o" "../src/lpc17xx_gpio.c"
In file included from C:\Users\desd56\Desktop\final\final_code v2\17xx.Firmware\inc/lpc17xx_libcfg_default.h:31:0,
                 from ../src/lpc17xx_gpio.c:36:
C:\Users\desd56\Desktop\final\final_code v2\17xx.Firmware\inc/FreeRTOSDefs.h:10:23: fatal error: FreeRTOS.h: No such file or directory
compilation terminated.
make: *** [src/lpc17xx_gpio.o] Error 1
12:02:28 **** Incremental Build of configuration Debug for project FreeRTOS-IO_Demo ****
make all 
make: Nothing to be done for `all'.
12:02:28 **** Incremental Build of configuration Debug for project 17xx.Firmware ****
make all 
make: Nothing to be done for `all'.
12:02:28 **** Incremental Build of configuration Debug for project lib_small_printf_m3 ****
make all 
make: Nothing to be done for `all'.
12:02:29 **** Incremental Build of configuration Debug for project CMSISv2p00_LPC17xx ****
make all 
make: Nothing to be done for `all'.
12:02:30 **** Incremental Build of configuration Debug for project FreeRTOS-IO_Demo ****
make all 
make: Nothing to be done for `all'.
12:04:21 **** Incremental Build of configuration Release for project 17xx.Firmware ****
make all 
Building file: ../src/lpc17xx_gpio.c
Invoking: MCU C Compiler
arm-none-eabi-gcc -D__REDLIB__ -DNDEBUG -D__CODE_RED -DCORE_M3 -D__USE_CMSIS=CMSISv2p00_LPC17xx -DCR_INTEGER_PRINTF -D__LPC17XX__ -I"C:\Users\desd56\Desktop\final\final_code v2\17xx.Firmware\inc" -I"C:\Users\desd56\Desktop\final\final_code v2\CMSISv2p00_LPC17xx\inc" -Os -g -Wall -c -fmessage-length=0 -fno-builtin -ffunction-sections -fdata-sections -mcpu=cortex-m3 -mthumb -MMD -MP -MF"src/lpc17xx_gpio.d" -MT"src/lpc17xx_gpio.d" -o "src/lpc17xx_gpio.o" "../src/lpc17xx_gpio.c"
In file included from C:\Users\desd56\Desktop\final\final_code v2\17xx.Firmware\inc/lpc17xx_libcfg_default.h:31:0,
                 from ../src/lpc17xx_gpio.c:36:
C:\Users\desd56\Desktop\final\final_code v2\17xx.Firmware\inc/FreeRTOSDefs.h:10:23: fatal error: FreeRTOS.h: No such file or directory
compilation terminated.
make: *** [src/lpc17xx_gpio.o] Error 1
12:04:23 **** Incremental Build of configuration Debug for project FreeRTOS-IO_Demo ****
make all 
make: Nothing to be done for `all'.
12:04:24 **** Incremental Build of configuration Debug for project 17xx.Firmware ****
make all 
make: Nothing to be done for `all'.
12:04:24 **** Incremental Build of configuration Debug for project lib_small_printf_m3 ****
make all 
make: Nothing to be done for `all'.
12:04:24 **** Incremental Build of configuration Debug for project CMSISv2p00_LPC17xx ****
make all 
make: Nothing to be done for `all'.
12:04:26 **** Incremental Build of configuration Debug for project FreeRTOS-IO_Demo ****
make all 
make: Nothing to be done for `all'.
12:05:21 **** Incremental Build of configuration Release for project 17xx.Firmware ****
make all 
Building file: ../src/lpc17xx_gpio.c
Invoking: MCU C Compiler
arm-none-eabi-gcc -D__REDLIB__ -DNDEBUG -D__CODE_RED -DCORE_M3 -D__USE_CMSIS=CMSISv2p00_LPC17xx -DCR_INTEGER_PRINTF -D__LPC17XX__ -I"C:\Users\desd56\Desktop\final\final_code v2\17xx.Firmware\inc" -I"C:\Users\desd56\Desktop\final\final_code v2\CMSISv2p00_LPC17xx\inc" -Os -g -Wall -c -fmessage-length=0 -fno-builtin -ffunction-sections -fdata-sections -mcpu=cortex-m3 -mthumb -MMD -MP -MF"src/lpc17xx_gpio.d" -MT"src/lpc17xx_gpio.d" -o "src/lpc17xx_gpio.o" "../src/lpc17xx_gpio.c"
In file included from C:\Users\desd56\Desktop\final\final_code v2\17xx.Firmware\inc/lpc17xx_libcfg_default.h:31:0,
                 from ../src/lpc17xx_gpio.c:36:
C:\Users\desd56\Desktop\final\final_code v2\17xx.Firmware\inc/FreeRTOSDefs.h:10:23: fatal error: FreeRTOS.h: No such file or directory
compilation terminated.
make: *** [src/lpc17xx_gpio.o] Error 1
12:05:24 **** Incremental Build of configuration Debug for project FreeRTOS-IO_Demo ****
make all 
make: Nothing to be done for `all'.
12:05:24 **** Incremental Build of configuration Debug for project 17xx.Firmware ****
make all 
make: Nothing to be done for `all'.
12:05:24 **** Incremental Build of configuration Debug for project lib_small_printf_m3 ****
make all 
make: Nothing to be done for `all'.
12:05:24 **** Incremental Build of configuration Debug for project CMSISv2p00_LPC17xx ****
make all 
make: Nothing to be done for `all'.
12:05:26 **** Incremental Build of configuration Debug for project FreeRTOS-IO_Demo ****
make all 
make: Nothing to be done for `all'.
12:06:14 **** Incremental Build of configuration Release for project 17xx.Firmware ****
make all 
Building file: ../src/lpc17xx_gpio.c
Invoking: MCU C Compiler
arm-none-eabi-gcc -D__REDLIB__ -DNDEBUG -D__CODE_RED -DCORE_M3 -D__USE_CMSIS=CMSISv2p00_LPC17xx -DCR_INTEGER_PRINTF -D__LPC17XX__ -I"C:\Users\desd56\Desktop\final\final_code v2\17xx.Firmware\inc" -I"C:\Users\desd56\Desktop\final\final_code v2\CMSISv2p00_LPC17xx\inc" -Os -g -Wall -c -fmessage-length=0 -fno-builtin -ffunction-sections -fdata-sections -mcpu=cortex-m3 -mthumb -MMD -MP -MF"src/lpc17xx_gpio.d" -MT"src/lpc17xx_gpio.d" -o "src/lpc17xx_gpio.o" "../src/lpc17xx_gpio.c"
In file included from C:\Users\desd56\Desktop\final\final_code v2\17xx.Firmware\inc/lpc17xx_libcfg_default.h:31:0,
                 from ../src/lpc17xx_gpio.c:36:
C:\Users\desd56\Desktop\final\final_code v2\17xx.Firmware\inc/FreeRTOSDefs.h:10:23: fatal error: FreeRTOS.h: No such file or directory
compilation terminated.
make: *** [src/lpc17xx_gpio.o] Error 1
12:06:17 **** Incremental Build of configuration Debug for project FreeRTOS-IO_Demo ****
make all 
make: Nothing to be done for `all'.
12:06:17 **** Incremental Build of configuration Debug for project 17xx.Firmware ****
make all 
make: Nothing to be done for `all'.
12:06:17 **** Incremental Build of configuration Debug for project lib_small_printf_m3 ****
make all 
make: Nothing to be done for `all'.
12:06:17 **** Incremental Build of configuration Debug for project CMSISv2p00_LPC17xx ****
make all 
make: Nothing to be done for `all'.
12:06:19 **** Incremental Build of configuration Debug for project FreeRTOS-IO_Demo ****
make all 
make: Nothing to be done for `all'.
12:10:27 **** Incremental Build of configuration Release for project 17xx.Firmware ****
make all 
Building file: ../src/lpc17xx_gpio.c
Invoking: MCU C Compiler
arm-none-eabi-gcc -D__REDLIB__ -DNDEBUG -D__CODE_RED -DCORE_M3 -D__USE_CMSIS=CMSISv2p00_LPC17xx -DCR_INTEGER_PRINTF -D__LPC17XX__ -I"C:\Users\desd56\Desktop\final\final_code v2\17xx.Firmware\inc" -I"C:\Users\desd56\Desktop\final\final_code v2\CMSISv2p00_LPC17xx\inc" -Os -g -Wall -c -fmessage-length=0 -fno-builtin -ffunction-sections -fdata-sections -mcpu=cortex-m3 -mthumb -MMD -MP -MF"src/lpc17xx_gpio.d" -MT"src/lpc17xx_gpio.d" -o "src/lpc17xx_gpio.o" "../src/lpc17xx_gpio.c"
In file included from C:\Users\desd56\Desktop\final\final_code v2\17xx.Firmware\inc/lpc17xx_libcfg_default.h:31:0,
                 from ../src/lpc17xx_gpio.c:36:
C:\Users\desd56\Desktop\final\final_code v2\17xx.Firmware\inc/FreeRTOSDefs.h:10:23: fatal error: FreeRTOS.h: No such file or directory
compilation terminated.
make: *** [src/lpc17xx_gpio.o] Error 1
12:10:30 **** Incremental Build of configuration Debug for project FreeRTOS-IO_Demo ****
make all 
make: Nothing to be done for `all'.
12:10:30 **** Incremental Build of configuration Debug for project 17xx.Firmware ****
make all 
make: Nothing to be done for `all'.
12:10:30 **** Incremental Build of configuration Debug for project lib_small_printf_m3 ****
make all 
make: Nothing to be done for `all'.
12:10:31 **** Incremental Build of configuration Debug for project CMSISv2p00_LPC17xx ****
make all 
make: Nothing to be done for `all'.
12:10:32 **** Incremental Build of configuration Debug for project FreeRTOS-IO_Demo ****
make all 
make: Nothing to be done for `all'.
12:10:35 **** Incremental Build of configuration Release for project 17xx.Firmware ****
make all 
Building file: ../src/lpc17xx_gpio.c
Invoking: MCU C Compiler
arm-none-eabi-gcc -D__REDLIB__ -DNDEBUG -D__CODE_RED -DCORE_M3 -D__USE_CMSIS=CMSISv2p00_LPC17xx -DCR_INTEGER_PRINTF -D__LPC17XX__ -I"C:\Users\desd56\Desktop\final\final_code v2\17xx.Firmware\inc" -I"C:\Users\desd56\Desktop\final\final_code v2\CMSISv2p00_LPC17xx\inc" -Os -g -Wall -c -fmessage-length=0 -fno-builtin -ffunction-sections -fdata-sections -mcpu=cortex-m3 -mthumb -MMD -MP -MF"src/lpc17xx_gpio.d" -MT"src/lpc17xx_gpio.d" -o "src/lpc17xx_gpio.o" "../src/lpc17xx_gpio.c"
In file included from C:\Users\desd56\Desktop\final\final_code v2\17xx.Firmware\inc/lpc17xx_libcfg_default.h:31:0,
                 from ../src/lpc17xx_gpio.c:36:
C:\Users\desd56\Desktop\final\final_code v2\17xx.Firmware\inc/FreeRTOSDefs.h:10:23: fatal error: FreeRTOS.h: No such file or directory
compilation terminated.
make: *** [src/lpc17xx_gpio.o] Error 1
12:10:37 **** Incremental Build of configuration Debug for project FreeRTOS-IO_Demo ****
make all 
make: Nothing to be done for `all'.
12:10:37 **** Incremental Build of configuration Debug for project 17xx.Firmware ****
make all 
make: Nothing to be done for `all'.
12:10:37 **** Incremental Build of configuration Debug for project lib_small_printf_m3 ****
make all 
make: Nothing to be done for `all'.
12:10:37 **** Incremental Build of configuration Debug for project CMSISv2p00_LPC17xx ****
make all 
make: Nothing to be done for `all'.
12:10:39 **** Incremental Build of configuration Debug for project FreeRTOS-IO_Demo ****
make all 
make: Nothing to be done for `all'.
12:53:27 **** Incremental Build of configuration Release for project 17xx.Firmware ****
make all 
Building file: ../src/lpc17xx_gpio.c
Invoking: MCU C Compiler
arm-none-eabi-gcc -D__REDLIB__ -DNDEBUG -D__CODE_RED -DCORE_M3 -D__USE_CMSIS=CMSISv2p00_LPC17xx -DCR_INTEGER_PRINTF -D__LPC17XX__ -I"C:\Users\desd56\Desktop\final\final_code v2\17xx.Firmware\inc" -I"C:\Users\desd56\Desktop\final\final_code v2\CMSISv2p00_LPC17xx\inc" -Os -g -Wall -c -fmessage-length=0 -fno-builtin -ffunction-sections -fdata-sections -mcpu=cortex-m3 -mthumb -MMD -MP -MF"src/lpc17xx_gpio.d" -MT"src/lpc17xx_gpio.d" -o "src/lpc17xx_gpio.o" "../src/lpc17xx_gpio.c"
In file included from C:\Users\desd56\Desktop\final\final_code v2\17xx.Firmware\inc/lpc17xx_libcfg_default.h:31:0,
                 from ../src/lpc17xx_gpio.c:36:
C:\Users\desd56\Desktop\final\final_code v2\17xx.Firmware\inc/FreeRTOSDefs.h:10:23: fatal error: FreeRTOS.h: No such file or directory
compilation terminated.
make: *** [src/lpc17xx_gpio.o] Error 1
12:53:30 **** Incremental Build of configuration Debug for project FreeRTOS-IO_Demo ****
make all 
make: Nothing to be done for `all'.
12:53:30 **** Incremental Build of configuration Debug for project 17xx.Firmware ****
make all 
make: Nothing to be done for `all'.
12:53:30 **** Incremental Build of configuration Debug for project lib_small_printf_m3 ****
make all 
make: Nothing to be done for `all'.
12:53:31 **** Incremental Build of configuration Debug for project CMSISv2p00_LPC17xx ****
make all 
make: Nothing to be done for `all'.
12:53:32 **** Incremental Build of configuration Debug for project FreeRTOS-IO_Demo ****
make all 
make: Nothing to be done for `all'.
12:54:19 **** Incremental Build of configuration Release for project 17xx.Firmware ****
make all 
Building file: ../src/lpc17xx_gpio.c
Invoking: MCU C Compiler
arm-none-eabi-gcc -D__REDLIB__ -DNDEBUG -D__CODE_RED -DCORE_M3 -D__USE_CMSIS=CMSISv2p00_LPC17xx -DCR_INTEGER_PRINTF -D__LPC17XX__ -I"C:\Users\desd56\Desktop\final\final_code v2\17xx.Firmware\inc" -I"C:\Users\desd56\Desktop\final\final_code v2\CMSISv2p00_LPC17xx\inc" -Os -g -Wall -c -fmessage-length=0 -fno-builtin -ffunction-sections -fdata-sections -mcpu=cortex-m3 -mthumb -MMD -MP -MF"src/lpc17xx_gpio.d" -MT"src/lpc17xx_gpio.d" -o "src/lpc17xx_gpio.o" "../src/lpc17xx_gpio.c"
In file included from C:\Users\desd56\Desktop\final\final_code v2\17xx.Firmware\inc/lpc17xx_libcfg_default.h:31:0,
                 from ../src/lpc17xx_gpio.c:36:
C:\Users\desd56\Desktop\final\final_code v2\17xx.Firmware\inc/FreeRTOSDefs.h:10:23: fatal error: FreeRTOS.h: No such file or directory
compilation terminated.
make: *** [src/lpc17xx_gpio.o] Error 1
12:54:22 **** Incremental Build of configuration Debug for project FreeRTOS-IO_Demo ****
make all 
make: Nothing to be done for `all'.
12:54:23 **** Incremental Build of configuration Debug for project 17xx.Firmware ****
make all 
make: Nothing to be done for `all'.
12:54:23 **** Incremental Build of configuration Debug for project lib_small_printf_m3 ****
make all 
make: Nothing to be done for `all'.
12:54:23 **** Incremental Build of configuration Debug for project CMSISv2p00_LPC17xx ****
make all 
make: Nothing to be done for `all'.
12:54:25 **** Incremental Build of configuration Debug for project FreeRTOS-IO_Demo ****
make all 
make: Nothing to be done for `all'.
12:54:57 **** Incremental Build of configuration Release for project 17xx.Firmware ****
make all 
Building file: ../src/lpc17xx_gpio.c
Invoking: MCU C Compiler
arm-none-eabi-gcc -D__REDLIB__ -DNDEBUG -D__CODE_RED -DCORE_M3 -D__USE_CMSIS=CMSISv2p00_LPC17xx -DCR_INTEGER_PRINTF -D__LPC17XX__ -I"C:\Users\desd56\Desktop\final\final_code v2\17xx.Firmware\inc" -I"C:\Users\desd56\Desktop\final\final_code v2\CMSISv2p00_LPC17xx\inc" -Os -g -Wall -c -fmessage-length=0 -fno-builtin -ffunction-sections -fdata-sections -mcpu=cortex-m3 -mthumb -MMD -MP -MF"src/lpc17xx_gpio.d" -MT"src/lpc17xx_gpio.d" -o "src/lpc17xx_gpio.o" "../src/lpc17xx_gpio.c"
In file included from C:\Users\desd56\Desktop\final\final_code v2\17xx.Firmware\inc/lpc17xx_libcfg_default.h:31:0,
                 from ../src/lpc17xx_gpio.c:36:
C:\Users\desd56\Desktop\final\final_code v2\17xx.Firmware\inc/FreeRTOSDefs.h:10:23: fatal error: FreeRTOS.h: No such file or directory
compilation terminated.
make: *** [src/lpc17xx_gpio.o] Error 1
12:55:00 **** Incremental Build of configuration Debug for project FreeRTOS-IO_Demo ****
make all 
make: Nothing to be done for `all'.
12:55:01 **** Incremental Build of configuration Debug for project 17xx.Firmware ****
make all 
make: Nothing to be done for `all'.
12:55:01 **** Incremental Build of configuration Debug for project lib_small_printf_m3 ****
make all 
make: Nothing to be done for `all'.
12:55:01 **** Incremental Build of configuration Debug for project CMSISv2p00_LPC17xx ****
make all 
make: Nothing to be done for `all'.
12:55:03 **** Incremental Build of configuration Debug for project FreeRTOS-IO_Demo ****
make all 
make: Nothing to be done for `all'.
12:56:29 **** Incremental Build of configuration Release for project 17xx.Firmware ****
make all 
Building file: ../src/lpc17xx_gpio.c
Invoking: MCU C Compiler
arm-none-eabi-gcc -D__REDLIB__ -DNDEBUG -D__CODE_RED -DCORE_M3 -D__USE_CMSIS=CMSISv2p00_LPC17xx -DCR_INTEGER_PRINTF -D__LPC17XX__ -I"C:\Users\desd56\Desktop\final\final_code v2\17xx.Firmware\inc" -I"C:\Users\desd56\Desktop\final\final_code v2\CMSISv2p00_LPC17xx\inc" -Os -g -Wall -c -fmessage-length=0 -fno-builtin -ffunction-sections -fdata-sections -mcpu=cortex-m3 -mthumb -MMD -MP -MF"src/lpc17xx_gpio.d" -MT"src/lpc17xx_gpio.d" -o "src/lpc17xx_gpio.o" "../src/lpc17xx_gpio.c"
In file included from C:\Users\desd56\Desktop\final\final_code v2\17xx.Firmware\inc/lpc17xx_libcfg_default.h:31:0,
                 from ../src/lpc17xx_gpio.c:36:
C:\Users\desd56\Desktop\final\final_code v2\17xx.Firmware\inc/FreeRTOSDefs.h:10:23: fatal error: FreeRTOS.h: No such file or directory
compilation terminated.
make: *** [src/lpc17xx_gpio.o] Error 1
12:56:32 **** Incremental Build of configuration Debug for project FreeRTOS-IO_Demo ****
make all 
make: Nothing to be done for `all'.
12:56:32 **** Incremental Build of configuration Debug for project 17xx.Firmware ****
make all 
make: Nothing to be done for `all'.
12:56:32 **** Incremental Build of configuration Debug for project lib_small_printf_m3 ****
make all 
make: Nothing to be done for `all'.
12:56:32 **** Incremental Build of configuration Debug for project CMSISv2p00_LPC17xx ****
make all 
make: Nothing to be done for `all'.
12:56:34 **** Incremental Build of configuration Debug for project FreeRTOS-IO_Demo ****
make all 
make: Nothing to be done for `all'.
12:57:04 **** Incremental Build of configuration Release for project 17xx.Firmware ****
make all 
Building file: ../src/lpc17xx_gpio.c
Invoking: MCU C Compiler
arm-none-eabi-gcc -D__REDLIB__ -DNDEBUG -D__CODE_RED -DCORE_M3 -D__USE_CMSIS=CMSISv2p00_LPC17xx -DCR_INTEGER_PRINTF -D__LPC17XX__ -I"C:\Users\desd56\Desktop\final\final_code v2\17xx.Firmware\inc" -I"C:\Users\desd56\Desktop\final\final_code v2\CMSISv2p00_LPC17xx\inc" -Os -g -Wall -c -fmessage-length=0 -fno-builtin -ffunction-sections -fdata-sections -mcpu=cortex-m3 -mthumb -MMD -MP -MF"src/lpc17xx_gpio.d" -MT"src/lpc17xx_gpio.d" -o "src/lpc17xx_gpio.o" "../src/lpc17xx_gpio.c"
In file included from C:\Users\desd56\Desktop\final\final_code v2\17xx.Firmware\inc/lpc17xx_libcfg_default.h:31:0,
                 from ../src/lpc17xx_gpio.c:36:
C:\Users\desd56\Desktop\final\final_code v2\17xx.Firmware\inc/FreeRTOSDefs.h:10:23: fatal error: FreeRTOS.h: No such file or directory
compilation terminated.
make: *** [src/lpc17xx_gpio.o] Error 1
12:57:07 **** Incremental Build of configuration Debug for project FreeRTOS-IO_Demo ****
make all 
make: Nothing to be done for `all'.
12:57:07 **** Incremental Build of configuration Debug for project 17xx.Firmware ****
make all 
make: Nothing to be done for `all'.
12:57:08 **** Incremental Build of configuration Debug for project lib_small_printf_m3 ****
make all 
make: Nothing to be done for `all'.
12:57:08 **** Incremental Build of configuration Debug for project CMSISv2p00_LPC17xx ****
make all 
make: Nothing to be done for `all'.
12:57:09 **** Incremental Build of configuration Debug for project FreeRTOS-IO_Demo ****
make all 
make: Nothing to be done for `all'.
