Archive member included because of file (symbol)

C:\Users\desd56\Desktop\final\final_code v2\CMSISv2p00_LPC17xx\Debug\libCMSISv2p00_LPC17xx.a(system_LPC17xx.o)
                              ./src/cr_startup_lpc175x_6x.o (SystemInit)
C:\Users\desd56\Desktop\final\final_code v2\17xx.Firmware\Debug\lib17xx.Firmware.a(lpc17xx_wdt.o)
                              ./FreeRTOS-IO/Device/LPC17xx/FreeRTOS_LPC17xx_wdt.o (WDT_Init)
C:\Users\desd56\Desktop\final\final_code v2\17xx.Firmware\Debug\lib17xx.Firmware.a(lpc17xx_clkpwr.o)
                              C:\Users\desd56\Desktop\final\final_code v2\17xx.Firmware\Debug\lib17xx.Firmware.a(lpc17xx_wdt.o) (CLKPWR_SetPCLKDiv)
C:\Users\desd56\Desktop\final\final_code v2\17xx.Firmware\Debug\lib17xx.Firmware.a(lpc17xx_libcfg_default.o)
                              C:\Users\desd56\Desktop\final\final_code v2\17xx.Firmware\Debug\lib17xx.Firmware.a(lpc17xx_wdt.o) (check_failed)
c:/nxp/lpcxpresso_6.1.4_194/lpcxpresso/tools/bin/../lib/gcc/arm-none-eabi/4.6.2/../../../../arm-none-eabi/lib/armv7-m\libcr_semihost.a(_cr__main.o)
                              ./src/cr_startup_lpc175x_6x.o (__main)
c:/nxp/lpcxpresso_6.1.4_194/lpcxpresso/tools/bin/../lib/gcc/arm-none-eabi/4.6.2/../../../../arm-none-eabi/lib/armv7-m\libcr_c.a(memcpy.o)
                              ./FreeRTOS/src/queue.o (memcpy)
c:/nxp/lpcxpresso_6.1.4_194/lpcxpresso/tools/bin/../lib/gcc/arm-none-eabi/4.6.2/../../../../arm-none-eabi/lib/armv7-m\libcr_c.a(memset.o)
                              ./FreeRTOS/src/tasks.o (memset)
c:/nxp/lpcxpresso_6.1.4_194/lpcxpresso/tools/bin/../lib/gcc/arm-none-eabi/4.6.2/../../../../arm-none-eabi/lib/armv7-m\libcr_c.a(fpprintf.o)
                              ./src/TEST_WDT.o (printf)
c:/nxp/lpcxpresso_6.1.4_194/lpcxpresso/tools/bin/../lib/gcc/arm-none-eabi/4.6.2/../../../../arm-none-eabi/lib/armv7-m\libcr_c.a(initio.o)
                              c:/nxp/lpcxpresso_6.1.4_194/lpcxpresso/tools/bin/../lib/gcc/arm-none-eabi/4.6.2/../../../../arm-none-eabi/lib/armv7-m\libcr_semihost.a(_cr__main.o) (_initio)
c:/nxp/lpcxpresso_6.1.4_194/lpcxpresso/tools/bin/../lib/gcc/arm-none-eabi/4.6.2/../../../../arm-none-eabi/lib/armv7-m\libcr_c.a(memcmp.o)
                              ./FreeRTOS/src/tasks.o (memcmp)
c:/nxp/lpcxpresso_6.1.4_194/lpcxpresso/tools/bin/../lib/gcc/arm-none-eabi/4.6.2/../../../../arm-none-eabi/lib/armv7-m\libcr_c.a(printf.o)
                              c:/nxp/lpcxpresso_6.1.4_194/lpcxpresso/tools/bin/../lib/gcc/arm-none-eabi/4.6.2/../../../../arm-none-eabi/lib/armv7-m\libcr_c.a(fpprintf.o) (__vfprintf)
c:/nxp/lpcxpresso_6.1.4_194/lpcxpresso/tools/bin/../lib/gcc/arm-none-eabi/4.6.2/../../../../arm-none-eabi/lib/armv7-m\libcr_c.a(setvbuf.o)
                              c:/nxp/lpcxpresso_6.1.4_194/lpcxpresso/tools/bin/../lib/gcc/arm-none-eabi/4.6.2/../../../../arm-none-eabi/lib/armv7-m\libcr_c.a(initio.o) (setvbuf)
c:/nxp/lpcxpresso_6.1.4_194/lpcxpresso/tools/bin/../lib/gcc/arm-none-eabi/4.6.2/../../../../arm-none-eabi/lib/armv7-m\libcr_c.a(stdio.o)
                              c:/nxp/lpcxpresso_6.1.4_194/lpcxpresso/tools/bin/../lib/gcc/arm-none-eabi/4.6.2/../../../../arm-none-eabi/lib/armv7-m\libcr_c.a(fpprintf.o) (__Ciob)
c:/nxp/lpcxpresso_6.1.4_194/lpcxpresso/tools/bin/../lib/gcc/arm-none-eabi/4.6.2/../../../../arm-none-eabi/lib/armv7-m\libcr_c.a(strcmp.o)
                              ./FreeRTOS-IO/Common/FreeRTOS_DriverInterface.o (strcmp)
c:/nxp/lpcxpresso_6.1.4_194/lpcxpresso/tools/bin/../lib/gcc/arm-none-eabi/4.6.2/../../../../arm-none-eabi/lib/armv7-m\libcr_c.a(strlen.o)
                              c:/nxp/lpcxpresso_6.1.4_194/lpcxpresso/tools/bin/../lib/gcc/arm-none-eabi/4.6.2/../../../../arm-none-eabi/lib/armv7-m\libcr_c.a(printf.o) (strlen)
c:/nxp/lpcxpresso_6.1.4_194/lpcxpresso/tools/bin/../lib/gcc/arm-none-eabi/4.6.2/../../../../arm-none-eabi/lib/armv7-m\libcr_c.a(strncpy.o)
                              ./FreeRTOS/src/tasks.o (strncpy)
c:/nxp/lpcxpresso_6.1.4_194/lpcxpresso/tools/bin/../lib/gcc/arm-none-eabi/4.6.2/../../../../arm-none-eabi/lib/armv7-m\libcr_c.a(__fillbuf.o)
                              c:/nxp/lpcxpresso_6.1.4_194/lpcxpresso/tools/bin/../lib/gcc/arm-none-eabi/4.6.2/../../../../arm-none-eabi/lib/armv7-m\libcr_c.a(stdio.o) (__filbuf)
c:/nxp/lpcxpresso_6.1.4_194/lpcxpresso/tools/bin/../lib/gcc/arm-none-eabi/4.6.2/../../../../arm-none-eabi/lib/armv7-m\libcr_c.a(_deferredlazyseek.o)
                              c:/nxp/lpcxpresso_6.1.4_194/lpcxpresso/tools/bin/../lib/gcc/arm-none-eabi/4.6.2/../../../../arm-none-eabi/lib/armv7-m\libcr_c.a(__fillbuf.o) (_deferredlazyseek)
c:/nxp/lpcxpresso_6.1.4_194/lpcxpresso/tools/bin/../lib/gcc/arm-none-eabi/4.6.2/../../../../arm-none-eabi/lib/armv7-m\libcr_c.a(_fdopen.o)
                              c:/nxp/lpcxpresso_6.1.4_194/lpcxpresso/tools/bin/../lib/gcc/arm-none-eabi/4.6.2/../../../../arm-none-eabi/lib/armv7-m\libcr_c.a(initio.o) (_fdopen)
[...]
Memory Configuration

Name             Origin             Length             Attributes
MFlash512        0x00000000         0x00080000         xr
RamLoc32         0x10000000         0x00008000         xrw
RamAHB32         0x2007c000         0x00008000         xrw
*default*        0x00000000         0xffffffff

Linker script and memory map

LOAD ./src/TEST_WDT.o
LOAD ./src/cr_startup_lpc175x_6x.o
LOAD ./src/debug.o
LOAD ./src/main.o
LOAD ./FreeRTOS/src/croutine.o
LOAD ./FreeRTOS/src/list.o
LOAD ./FreeRTOS/src/queue.o
LOAD ./FreeRTOS/src/tasks.o
LOAD ./FreeRTOS/port/memmang/heap_2.o
LOAD ./FreeRTOS/port/lpcxpresso/m3/port.o
LOAD ./FreeRTOS-IO/Device/LPC17xx/FreeRTOS_LPC17xx_DriverInterface.o
LOAD ./FreeRTOS-IO/Device/LPC17xx/FreeRTOS_LPC17xx_wdt.o
LOAD ./FreeRTOS-IO/Common/FreeRTOS_DriverInterface.o
LOAD C:\Users\desd56\Desktop\final\final_code v2\CMSISv2p00_LPC17xx\Debug\libCMSISv2p00_LPC17xx.a
LOAD C:\Users\desd56\Desktop\final\final_code v2\17xx.Firmware\Debug\lib17xx.Firmware.a
LOAD C:\Users\desd56\Desktop\final\final_code v2\lib_small_printf_m3\Debug\liblib_small_printf_m3.a
START GROUP
LOAD c:/nxp/lpcxpresso_6.1.4_194/lpcxpresso/tools/bin/../lib/gcc/arm-none-eabi/4.6.2/../../../../arm-none-eabi/lib/armv7-m\libcr_semihost.a
LOAD c:/nxp/lpcxpresso_6.1.4_194/lpcxpresso/tools/bin/../lib/gcc/arm-none-eabi/4.6.2/../../../../arm-none-eabi/lib/armv7-m\libcr_c.a
LOAD c:/nxp/lpcxpresso_6.1.4_194/lpcxpresso/tools/bin/../lib/gcc/arm-none-eabi/4.6.2/armv7-m\libcr_eabihelpers.a
END GROUP
                0x00080000                __top_MFlash512 = 0x80000
                0x10008000                __top_RamLoc32 = 0x10008000
                0x20084000                __top_RamAHB32 = 0x20084000

.text           0x00000000     0x48e8
 FILL mask 0xff
                0x00000000                __vectors_start__ = ABSOLUTE (.)
 *(.isr_vector)
 .isr_vector    0x00000000       0xcc ./src/cr_startup_lpc175x_6x.o
                0x00000000                g_pfnVectors
                0x000000cc                . = ALIGN (0x4)
                0x000000cc                __section_table_start = .
                0x000000cc                __data_section_table = .
                0x000000cc        0x4 LONG 0x48e8 LOADADDR (.data)
                0x000000d0        0x4 LONG 0x10000000 ADDR (.data)
                0x000000d4        0x4 LONG 0x8 SIZEOF (.data)
                0x000000d8        0x4 LONG 0x48e8 LOADADDR (.data_RAM2)
                0x000000dc        0x4 LONG 0x2007c000 ADDR (.data_RAM2)
                0x000000e0        0x4 LONG 0x0 SIZEOF (.data_RAM2)
                0x000000e4                __data_section_table_end = .
                0x000000e4                __bss_section_table = .
                0x000000e4        0x4 LONG 0x10000008 ADDR (.bss)
                0x000000e8        0x4 LONG 0xa68 SIZEOF (.bss)
                0x000000ec        0x4 LONG 0x2007c000 ADDR (.bss_RAM2)
                0x000000f0        0x4 LONG 0x0 SIZEOF (.bss_RAM2)
                0x000000f4                __bss_section_table_end = .
                0x000000f4                __section_table_end = .
 *(.after_vectors*)
 .after_vectors
                0x000000f4      0x174 ./src/cr_startup_lpc175x_6x.o
                0x000000f4                data_init
                0x00000144                bss_init
                0x00000184                ResetISR
                0x00000218                NMI_Handler
                0x00000220                HardFault_Handler
                0x00000228                MemManage_Handler
                0x00000230                BusFault_Handler
                0x00000238                UsageFault_Handler
                0x00000240                SVC_Handler
                0x00000248                DebugMon_Handler
                0x00000250                PendSV_Handler
                0x00000258                SysTick_Handler
                0x00000260                EINT3_IRQHandler
                0x00000260                CANActivity_IRQHandler
                0x00000260                TIMER3_IRQHandler
                0x00000260                UART0_IRQHandler
                0x00000260                UART1_IRQHandler
                0x00000260                EINT2_IRQHandler
                0x00000260                USBActivity_IRQHandler
                0x00000260                IntDefaultHandler
                0x00000260                PLL0_IRQHandler
                0x00000260                I2C0_IRQHandler
                0x00000260                I2C1_IRQHandler
                0x00000260                SSP0_IRQHandler
                0x00000260                I2S_IRQHandler
                0x00000260                I2C2_IRQHandler
                0x00000260                RTC_IRQHandler
                0x00000260                TIMER0_IRQHandler
                0x00000260                SPI_IRQHandler
                0x00000260                RIT_IRQHandler
                0x00000260                EINT1_IRQHandler
                0x00000260                TIMER1_IRQHandler
                0x00000260                UART2_IRQHandler
                0x00000260                ADC_IRQHandler
                0x00000260                SSP1_IRQHandler
                0x00000260                USB_IRQHandler
                0x00000260                BOD_IRQHandler
                0x00000260                PLL1_IRQHandler
                0x00000260                PWM1_IRQHandler
                0x00000260                QEI_IRQHandler
                0x00000260                EINT0_IRQHandler
                0x00000260                CAN_IRQHandler
                0x00000260                DMA_IRQHandler
                0x00000260                TIMER2_IRQHandler
                0x00000260                UART3_IRQHandler
                0x00000260                MCPWM_IRQHandler
                0x00000260                ENET_IRQHandler
                0x000002fc                . = 0x2fc
 *fill*         0x00000268       0x94 ff
                0x000002fc                PROVIDE (__CRP_WORD_START__, .)
 *(.crp)
 .crp           0x000002fc        0x4 ./src/main.o
                0x000002fc                CRP_WORD
                0x00000300                PROVIDE (__CRP_WORD_END__, .)
                0x00000001                ASSERT (! ((__CRP_WORD_START__ == __CRP_WORD_END__)), Linker CRP Enabled, but no CRP_WORD provided within application)
 *(.text*)
 .text.delay    0x00000300       0x4c ./src/TEST_WDT.o
                0x00000300                delay
 .text.test_wdt
                0x0000034c       0x74 ./src/TEST_WDT.o
                0x0000034c                test_wdt
 .text.WDT_IRQHandler
                0x000003c0       0x1c ./src/main.o
                0x000003c0                WDT_IRQHandler
 .text.config_switch
                0x000003dc       0x9c ./src/main.o
                0x000003dc                config_switch
 .text.vTestTask1
                0x00000478       0x5c ./src/main.o
                0x00000478                vTestTask1
 .text.vTestTask2
                0x000004d4       0x4c ./src/main.o
                0x000004d4                vTestTask2
 .text.vTestTask3
                0x00000520       0x4c ./src/main.o
                0x00000520                vTestTask3
 .text.vMonitorTask4
                0x0000056c       0xdc ./src/main.o
                0x0000056c                vMonitorTask4
 .text.main     0x00000648      0x19c ./src/main.o
                0x00000648                main
 .text.vApplicationIdleHook
                0x000007e4       0x18 ./src/main.o
                0x000007e4                vApplicationIdleHook
 .text.vListInitialise
                0x000007fc       0x40 ./FreeRTOS/src/list.o
                0x000007fc                vListInitialise
 .text.vListInitialiseItem
                0x0000083c       0x1c ./FreeRTOS/src/list.o
                0x0000083c                vListInitialiseItem
 .text.vListInsertEnd
                0x00000858       0x54 ./FreeRTOS/src/list.o
                0x00000858                vListInsertEnd
 .text.vListInsert
                0x000008ac       0x78 ./FreeRTOS/src/list.o
                0x000008ac                vListInsert
 .text.vListRemove
                0x00000924       0x54 ./FreeRTOS/src/list.o
                0x00000924                vListRemove
 .text.xTaskCreate
                0x00000978      0x190 ./FreeRTOS/src/tasks.o
                0x00000978                xTaskCreate
 .text.vTaskDelayUntil
                0x00000b08      0x10c ./FreeRTOS/src/tasks.o
                0x00000b08                vTaskDelayUntil
 .text.vTaskStartScheduler
                0x00000c14       0x64 ./FreeRTOS/src/tasks.o
                0x00000c14                vTaskStartScheduler
 .text.vTaskSuspendAll
                0x00000c78       0x24 ./FreeRTOS/src/tasks.o
                0x00000c78                vTaskSuspendAll
 .text.xTaskResumeAll
                0x00000c9c      0x160 ./FreeRTOS/src/tasks.o
                0x00000c9c                xTaskResumeAll
 .text.xTaskGetTickCount
                0x00000dfc       0x28 ./FreeRTOS/src/tasks.o
                0x00000dfc                xTaskGetTickCount
 .text.vTaskIncrementTick
                0x00000e24      0x13c ./FreeRTOS/src/tasks.o
                0x00000e24                vTaskIncrementTick
 .text.prvIdleTask
                0x00000f60       0x24 ./FreeRTOS/src/tasks.o
 .text.prvInitialiseTCBVariables
                0x00000f84       0x70 ./FreeRTOS/src/tasks.o
 .text.prvInitialiseTaskLists
                0x00000ff4       0xa4 ./FreeRTOS/src/tasks.o
 .text.prvCheckTasksWaitingTermination
                0x00001098       0xa8 ./FreeRTOS/src/tasks.o
 .text.prvAllocateTCBAndStack
                0x00001140       0x68 ./FreeRTOS/src/tasks.o
 .text.prvDeleteTCB
                0x000011a8       0x20 ./FreeRTOS/src/tasks.o
 .text.pvPortMalloc
                0x000011c8      0x1b8 ./FreeRTOS/port/memmang/heap_2.o
                0x000011c8                pvPortMalloc
 .text.vPortFree
                0x00001380       0x8c ./FreeRTOS/port/memmang/heap_2.o
                0x00001380                vPortFree
 .text.pxPortInitialiseStack
                0x0000140c       0x60 ./FreeRTOS/port/lpcxpresso/m3/port.o
                0x0000140c                pxPortInitialiseStack
 .text.prvPortStartFirstTask
                0x0000146c       0x14 ./FreeRTOS/port/lpcxpresso/m3/port.o
 .text.xPortStartScheduler
                0x00001480       0x4c ./FreeRTOS/port/lpcxpresso/m3/port.o
                0x00001480                xPortStartScheduler
 .text.vPortYieldFromISR
                0x000014cc       0x18 ./FreeRTOS/port/lpcxpresso/m3/port.o
                0x000014cc                vPortYieldFromISR
 .text.vPortEnterCritical
                0x000014e4       0x24 ./FreeRTOS/port/lpcxpresso/m3/port.o
                0x000014e4                vPortEnterCritical
 .text.vPortExitCritical
                0x00001508       0x34 ./FreeRTOS/port/lpcxpresso/m3/port.o
                0x00001508                vPortExitCritical
 .text.ulPortSetInterruptMask
                0x0000153c       0x14 ./FreeRTOS/port/lpcxpresso/m3/port.o
                0x0000153c                ulPortSetInterruptMask
 .text.vPortClearInterruptMask
                0x00001550        0x8 ./FreeRTOS/port/lpcxpresso/m3/port.o
                0x00001550                vPortClearInterruptMask
 .text.vPortSetupTimerInterrupt
                0x00001558       0x40 ./FreeRTOS/port/lpcxpresso/m3/port.o
                0x00001558                vPortSetupTimerInterrupt
 .text.vFreeRTOS_lpc17xx_PopulateFunctionPointers
                0x00001598       0x34 ./FreeRTOS-IO/Device/LPC17xx/FreeRTOS_LPC17xx_DriverInterface.o
                0x00001598                vFreeRTOS_lpc17xx_PopulateFunctionPointers
 .text.FreeRTOS_WDT_open
                0x000015cc       0x8c ./FreeRTOS-IO/Device/LPC17xx/FreeRTOS_LPC17xx_wdt.o
                0x000015cc                FreeRTOS_WDT_open
 .text.FreeRTOS_WDT_ioctl
                0x00001658       0xa8 ./FreeRTOS-IO/Device/LPC17xx/FreeRTOS_LPC17xx_wdt.o
                0x00001658                FreeRTOS_WDT_ioctl
 .text.FreeRTOS_open
                0x00001700      0x13c ./FreeRTOS-IO/Common/FreeRTOS_DriverInterface.o
                0x00001700                FreeRTOS_open
 .text.FreeRTOS_ioctl
                0x0000183c       0x54 ./FreeRTOS-IO/Common/FreeRTOS_DriverInterface.o
                0x0000183c                FreeRTOS_ioctl
 .text.SystemInit
                0x00001890       0xe4 C:\Users\desd56\Desktop\final\final_code v2\CMSISv2p00_LPC17xx\Debug\libCMSISv2p00_LPC17xx.a(system_LPC17xx.o)
                0x00001890                SystemInit
 .text.NVIC_EnableIRQ
                0x00001974       0x38 C:\Users\desd56\Desktop\final\final_code v2\17xx.Firmware\Debug\lib17xx.Firmware.a(lpc17xx_wdt.o)
 .text.WDT_SetTimeOut
                0x000019ac      0x1a0 C:\Users\desd56\Desktop\final\final_code v2\17xx.Firmware\Debug\lib17xx.Firmware.a(lpc17xx_wdt.o)
 .text.WDT_Init
                0x00001b4c       0xa4 C:\Users\desd56\Desktop\final\final_code v2\17xx.Firmware\Debug\lib17xx.Firmware.a(lpc17xx_wdt.o)
                0x00001b4c                WDT_Init
 .text.WDT_Start
                0x00001bf0       0x44 C:\Users\desd56\Desktop\final\final_code v2\17xx.Firmware\Debug\lib17xx.Firmware.a(lpc17xx_wdt.o)
                0x00001bf0                WDT_Start
 .text.WDT_ReadTimeOutFlag
                0x00001c34       0x20 C:\Users\desd56\Desktop\final\final_code v2\17xx.Firmware\Debug\lib17xx.Firmware.a(lpc17xx_wdt.o)
                0x00001c34                WDT_ReadTimeOutFlag
 .text.WDT_ClrTimeOutFlag
                0x00001c54       0x20 C:\Users\desd56\Desktop\final\final_code v2\17xx.Firmware\Debug\lib17xx.Firmware.a(lpc17xx_wdt.o)
                0x00001c54                WDT_ClrTimeOutFlag
 .text.WDT_UpdateTimeOut
                0x00001c74       0x30 C:\Users\desd56\Desktop\final\final_code v2\17xx.Firmware\Debug\lib17xx.Firmware.a(lpc17xx_wdt.o)
                0x00001c74                WDT_UpdateTimeOut
 .text.WDT_Feed
                0x00001ca4       0x24 C:\Users\desd56\Desktop\final\final_code v2\17xx.Firmware\Debug\lib17xx.Firmware.a(lpc17xx_wdt.o)
                0x00001ca4                WDT_Feed
 .text.WDT_GetCurrentCount
                0x00001cc8       0x14 C:\Users\desd56\Desktop\final\final_code v2\17xx.Firmware\Debug\lib17xx.Firmware.a(lpc17xx_wdt.o)
                0x00001cc8                WDT_GetCurrentCount
 .text.CLKPWR_SetPCLKDiv
                0x00001cdc       0xcc C:\Users\desd56\Desktop\final\final_code v2\17xx.Firmware\Debug\lib17xx.Firmware.a(lpc17xx_clkpwr.o)
                0x00001cdc                CLKPWR_SetPCLKDiv
 .text.check_failed
                0x00001da8        0xc C:\Users\desd56\Desktop\final\final_code v2\17xx.Firmware\Debug\lib17xx.Firmware.a(lpc17xx_libcfg_default.o)
                0x00001da8                check_failed
 .text.__main   0x00001db4       0x14 c:/nxp/lpcxpresso_6.1.4_194/lpcxpresso/tools/bin/../lib/gcc/arm-none-eabi/4.6.2/../../../../arm-none-eabi/lib/armv7-m\libcr_semihost.a(_cr__main.o)
                0x00001db4                __CR_SEMIHOST
                0x00001db4                __main
 .text.memset   0x00001dc8        0x4 c:/nxp/lpcxpresso_6.1.4_194/lpcxpresso/tools/bin/../lib/gcc/arm-none-eabi/4.6.2/../../../../arm-none-eabi/lib/armv7-m\libcr_c.a(memset.o)
                0x00001dc8                memset
 .text.lose_trailing_zeros
                0x00001dcc       0x1e c:/nxp/lpcxpresso_6.1.4_194/lpcxpresso/tools/bin/../lib/gcc/arm-none-eabi/4.6.2/../../../../arm-none-eabi/lib/armv7-m\libcr_c.a(fpprintf.o)
 .text.fp_round
                0x00001dea       0x54 c:/nxp/lpcxpresso_6.1.4_194/lpcxpresso/tools/bin/../lib/gcc/arm-none-eabi/4.6.2/../../../../arm-none-eabi/lib/armv7-m\libcr_c.a(fpprintf.o)
 .text.pr_dec.constprop.1
                0x00001e3e       0x22 c:/nxp/lpcxpresso_6.1.4_194/lpcxpresso/tools/bin/../lib/gcc/arm-none-eabi/4.6.2/../../../../arm-none-eabi/lib/armv7-m\libcr_c.a(fpprintf.o)
 .text.sprintf  0x00001e60       0x70 c:/nxp/lpcxpresso_6.1.4_194/lpcxpresso/tools/bin/../lib/gcc/arm-none-eabi/4.6.2/../../../../arm-none-eabi/lib/armv7-m\libcr_c.a(fpprintf.o)
                0x00001e60                sprintf
 .text.fp_display
                0x00001ed0      0x908 c:/nxp/lpcxpresso_6.1.4_194/lpcxpresso/tools/bin/../lib/gcc/arm-none-eabi/4.6.2/../../../../arm-none-eabi/lib/armv7-m\libcr_c.a(fpprintf.o)
 .text.vsnprintf
                0x000027d8       0x5c c:/nxp/lpcxpresso_6.1.4_194/lpcxpresso/tools/bin/../lib/gcc/arm-none-eabi/4.6.2/../../../../arm-none-eabi/lib/armv7-m\libcr_c.a(fpprintf.o)
                0x000027d8                vsnprintf
 .text.printf   0x00002834       0x54 c:/nxp/lpcxpresso_6.1.4_194/lpcxpresso/tools/bin/../lib/gcc/arm-none-eabi/4.6.2/../../../../arm-none-eabi/lib/armv7-m\libcr_c.a(fpprintf.o)
                0x00002834                printf
 .text._initio  0x00002888       0x9c c:/nxp/lpcxpresso_6.1.4_194/lpcxpresso/tools/bin/../lib/gcc/arm-none-eabi/4.6.2/../../../../arm-none-eabi/lib/armv7-m\libcr_c.a(initio.o)
                0x00002888                _initio
 .text.__vfprintf
                0x00002924      0xd54 c:/nxp/lpcxpresso_6.1.4_194/lpcxpresso/tools/bin/../lib/gcc/arm-none-eabi/4.6.2/../../../../arm-none-eabi/lib/armv7-m\libcr_c.a(printf.o)
                0x00002924                __vfprintf
 .text.setvbuf  0x00003678       0x48 c:/nxp/lpcxpresso_6.1.4_194/lpcxpresso/tools/bin/../lib/gcc/arm-none-eabi/4.6.2/../../../../arm-none-eabi/lib/armv7-m\libcr_c.a(setvbuf.o)
                0x00003678                setvbuf
 .text.strcmp   0x000036c0       0x3c c:/nxp/lpcxpresso_6.1.4_194/lpcxpresso/tools/bin/../lib/gcc/arm-none-eabi/4.6.2/../../../../arm-none-eabi/lib/armv7-m\libcr_c.a(strcmp.o)
                0x000036c0                strcmp
 .text.strlen   0x000036fc       0x4c c:/nxp/lpcxpresso_6.1.4_194/lpcxpresso/tools/bin/../lib/gcc/arm-none-eabi/4.6.2/../../../../arm-none-eabi/lib/armv7-m\libcr_c.a(strlen.o)
                0x000036fc                strlen
 .text.strncpy  0x00003748       0x54 c:/nxp/lpcxpresso_6.1.4_194/lpcxpresso/tools/bin/../lib/gcc/arm-none-eabi/4.6.2/../../../../arm-none-eabi/lib/armv7-m\libcr_c.a(strncpy.o)
                0x00003748                strncpy
 .text._deferredlazyseek
                0x0000379c       0x44 c:/nxp/lpcxpresso_6.1.4_194/lpcxpresso/tools/bin/../lib/gcc/arm-none-eabi/4.6.2/../../../../arm-none-eabi/lib/armv7-m\libcr_c.a(_deferredlazyseek.o)
                0x0000379c                _deferredlazyseek
 .text.__flsbuf
                0x000037e0      0x14e c:/nxp/lpcxpresso_6.1.4_194/lpcxpresso/tools/bin/../lib/gcc/arm-none-eabi/4.6.2/../../../../arm-none-eabi/lib/armv7-m\libcr_c.a(_deferredlazyseek.o)
                0x000037e0                __flsbuf
 .text._fdopen  0x0000392e       0x6c c:/nxp/lpcxpresso_6.1.4_194/lpcxpresso/tools/bin/../lib/gcc/arm-none-eabi/4.6.2/../../../../arm-none-eabi/lib/armv7-m\libcr_c.a(_fdopen.o)
                0x0000392e                _fdopen
 .text._fflush  0x0000399a       0x58 c:/nxp/lpcxpresso_6.1.4_194/lpcxpresso/tools/bin/../lib/gcc/arm-none-eabi/4.6.2/../../../../arm-none-eabi/lib/armv7-m\libcr_c.a(_fflush.o)
                0x0000399a                _fflush
 .text._frexpl  0x000039f2       0x60 c:/nxp/lpcxpresso_6.1.4_194/lpcxpresso/tools/bin/../lib/gcc/arm-none-eabi/4.6.2/../../../../arm-none-eabi/lib/armv7-m\libcr_c.a(_frexpl.o)
                0x000039f2                _frexpl
 *fill*         0x00003a52        0x2 00
 .text._ldexpl  0x00003a54       0x50 c:/nxp/lpcxpresso_6.1.4_194/lpcxpresso/tools/bin/../lib/gcc/arm-none-eabi/4.6.2/../../../../arm-none-eabi/lib/armv7-m\libcr_c.a(_ldexpl.o)
                0x00003a54                _ldexpl
 .text._Cwritebuf
                0x00003aa4       0x84 c:/nxp/lpcxpresso_6.1.4_194/lpcxpresso/tools/bin/../lib/gcc/arm-none-eabi/4.6.2/../../../../arm-none-eabi/lib/armv7-m\libcr_c.a(_writebuf.o)
                0x00003aa4                _Cwritebuf
 .text.malloc   0x00003b28       0xbc c:/nxp/lpcxpresso_6.1.4_194/lpcxpresso/tools/bin/../lib/gcc/arm-none-eabi/4.6.2/../../../../arm-none-eabi/lib/armv7-m\libcr_c.a(alloc.o)
                0x00003b28                malloc
 .text.free     0x00003be4        0xc c:/nxp/lpcxpresso_6.1.4_194/lpcxpresso/tools/bin/../lib/gcc/arm-none-eabi/4.6.2/../../../../arm-none-eabi/lib/armv7-m\libcr_c.a(alloc.o)
                0x00003be4                free
 .text._Csys_alloc
                0x00003bf0       0x20 c:/nxp/lpcxpresso_6.1.4_194/lpcxpresso/tools/bin/../lib/gcc/arm-none-eabi/4.6.2/../../../../arm-none-eabi/lib/armv7-m\libcr_c.a(alloc.o)
                0x00003bf0                _Csys_alloc
 .text.fclose   0x00003c10       0x6c c:/nxp/lpcxpresso_6.1.4_194/lpcxpresso/tools/bin/../lib/gcc/arm-none-eabi/4.6.2/../../../../arm-none-eabi/lib/armv7-m\libcr_c.a(fclose.o)
                0x00003c10                fclose
 .text.fflush   0x00003c7c       0x34 c:/nxp/lpcxpresso_6.1.4_194/lpcxpresso/tools/bin/../lib/gcc/arm-none-eabi/4.6.2/../../../../arm-none-eabi/lib/armv7-m\libcr_c.a(fflush.o)
                0x00003c7c                fflush
 .text.fseek    0x00003cb0      0x104 c:/nxp/lpcxpresso_6.1.4_194/lpcxpresso/tools/bin/../lib/gcc/arm-none-eabi/4.6.2/../../../../arm-none-eabi/lib/armv7-m\libcr_c.a(fseek.o)
                0x00003cb0                fseek
 .text.ftell    0x00003db4       0x4c c:/nxp/lpcxpresso_6.1.4_194/lpcxpresso/tools/bin/../lib/gcc/arm-none-eabi/4.6.2/../../../../arm-none-eabi/lib/armv7-m\libcr_c.a(ftell.o)
                0x00003db4                ftell
 .text.remove   0x00003e00       0x14 c:/nxp/lpcxpresso_6.1.4_194/lpcxpresso/tools/bin/../lib/gcc/arm-none-eabi/4.6.2/../../../../arm-none-eabi/lib/armv7-m\libcr_c.a(remove.o)
                0x00003e00                remove
 .text._do_fflush
                0x00003e14       0x42 c:/nxp/lpcxpresso_6.1.4_194/lpcxpresso/tools/bin/../lib/gcc/arm-none-eabi/4.6.2/../../../../arm-none-eabi/lib/armv7-m\libcr_c.a(_do_fflush.o)
                0x00003e14                _do_fflush
 *fill*         0x00003e56        0x2 00
 .text.__aeabi_dmul
                0x00003e58      0x138 c:/nxp/lpcxpresso_6.1.4_194/lpcxpresso/tools/bin/../lib/gcc/arm-none-eabi/4.6.2/armv7-m\libcr_eabihelpers.a(double.o)
                0x00003e58                __aeabi_dmul
 .text.__aeabi_ddiv
                0x00003f90      0x168 c:/nxp/lpcxpresso_6.1.4_194/lpcxpresso/tools/bin/../lib/gcc/arm-none-eabi/4.6.2/armv7-m\libcr_eabihelpers.a(double.o)
                0x00003f90                __aeabi_ddiv
 .text.__aeabi_dsub
                0x000040f8      0x1f4 c:/nxp/lpcxpresso_6.1.4_194/lpcxpresso/tools/bin/../lib/gcc/arm-none-eabi/4.6.2/armv7-m\libcr_eabihelpers.a(double.o)
                0x000040f8                __aeabi_dsub
 .text.__aeabi_dadd
                0x000042ec      0x154 c:/nxp/lpcxpresso_6.1.4_194/lpcxpresso/tools/bin/../lib/gcc/arm-none-eabi/4.6.2/armv7-m\libcr_eabihelpers.a(double.o)
                0x000042ec                __aeabi_dadd
 .text.__aeabi_d2iz
                0x00004440       0x40 c:/nxp/lpcxpresso_6.1.4_194/lpcxpresso/tools/bin/../lib/gcc/arm-none-eabi/4.6.2/armv7-m\libcr_eabihelpers.a(double.o)
                0x00004440                __aeabi_d2iz
 .text.__bhs_ui2d
                0x00004480       0x5c c:/nxp/lpcxpresso_6.1.4_194/lpcxpresso/tools/bin/../lib/gcc/arm-none-eabi/4.6.2/armv7-m\libcr_eabihelpers.a(double.o)
                0x00004480                __bhs_ui2d
 .text.__aeabi_i2d
                0x000044dc       0x10 c:/nxp/lpcxpresso_6.1.4_194/lpcxpresso/tools/bin/../lib/gcc/arm-none-eabi/4.6.2/armv7-m\libcr_eabihelpers.a(double.o)
                0x000044dc                __aeabi_i2d
 .text.__aeabi_dcmpeq
                0x000044ec       0x3c c:/nxp/lpcxpresso_6.1.4_194/lpcxpresso/tools/bin/../lib/gcc/arm-none-eabi/4.6.2/armv7-m\libcr_eabihelpers.a(double.o)
                0x000044ec                __aeabi_dcmpeq
 .text.__aeabi_dcmplt
                0x00004528       0x5c c:/nxp/lpcxpresso_6.1.4_194/lpcxpresso/tools/bin/../lib/gcc/arm-none-eabi/4.6.2/armv7-m\libcr_eabihelpers.a(double.o)
                0x00004528                __aeabi_dcmplt
 .text.__aeabi_dcmple
                0x00004584       0x58 c:/nxp/lpcxpresso_6.1.4_194/lpcxpresso/tools/bin/../lib/gcc/arm-none-eabi/4.6.2/armv7-m\libcr_eabihelpers.a(double.o)
                0x00004584                __aeabi_dcmple
 .text.__aeabi_dcmpge
                0x000045dc       0x5c c:/nxp/lpcxpresso_6.1.4_194/lpcxpresso/tools/bin/../lib/gcc/arm-none-eabi/4.6.2/armv7-m\libcr_eabihelpers.a(double.o)
                0x000045dc                __aeabi_dcmpge
 .text.__aeabi_memset_lowlevel
                0x00004638       0x24 c:/nxp/lpcxpresso_6.1.4_194/lpcxpresso/tools/bin/../lib/gcc/arm-none-eabi/4.6.2/armv7-m\libcr_eabihelpers.a(memcpy.o)
                0x00004638                __aeabi_lowlevel_memset
 .text.__sys_appexit
                0x0000465c        0xc c:/nxp/lpcxpresso_6.1.4_194/lpcxpresso/tools/bin/../lib/gcc/arm-none-eabi/4.6.2/../../../../arm-none-eabi/lib/armv7-m\libcr_semihost.a(__sys_appexit.o)
                0x0000465c                __sys_appexit
                0x0000465c                __exit
 .text.__sys_close
                0x00004668        0xc c:/nxp/lpcxpresso_6.1.4_194/lpcxpresso/tools/bin/../lib/gcc/arm-none-eabi/4.6.2/../../../../arm-none-eabi/lib/armv7-m\libcr_semihost.a(__sys_close.o)
                0x00004668                __sys_close
 .text.__sys_flen
                0x00004674        0xc c:/nxp/lpcxpresso_6.1.4_194/lpcxpresso/tools/bin/../lib/gcc/arm-none-eabi/4.6.2/../../../../arm-none-eabi/lib/armv7-m\libcr_semihost.a(__sys_flen.o)
                0x00004674                __sys_flen
 .text.__sys_istty
                0x00004680        0xc c:/nxp/lpcxpresso_6.1.4_194/lpcxpresso/tools/bin/../lib/gcc/arm-none-eabi/4.6.2/../../../../arm-none-eabi/lib/armv7-m\libcr_semihost.a(__sys_istty.o)
                0x00004680                __sys_istty
 .text.__sys_remove
                0x0000468c        0xc c:/nxp/lpcxpresso_6.1.4_194/lpcxpresso/tools/bin/../lib/gcc/arm-none-eabi/4.6.2/../../../../arm-none-eabi/lib/armv7-m\libcr_semihost.a(__sys_remove.o)
                0x0000468c                __sys_remove
 .text.__sys_seek
                0x00004698        0xc c:/nxp/lpcxpresso_6.1.4_194/lpcxpresso/tools/bin/../lib/gcc/arm-none-eabi/4.6.2/../../../../arm-none-eabi/lib/armv7-m\libcr_semihost.a(__sys_seek.o)
                0x00004698                __sys_seek
 .text.__sys_tmpnam
                0x000046a4        0xc c:/nxp/lpcxpresso_6.1.4_194/lpcxpresso/tools/bin/../lib/gcc/arm-none-eabi/4.6.2/../../../../arm-none-eabi/lib/armv7-m\libcr_semihost.a(__sys_tmpnam.o)
                0x000046a4                __sys_tmpnam
 .text.__sys_write
                0x000046b0        0xc c:/nxp/lpcxpresso_6.1.4_194/lpcxpresso/tools/bin/../lib/gcc/arm-none-eabi/4.6.2/../../../../arm-none-eabi/lib/armv7-m\libcr_semihost.a(__sys_write.o)
                0x000046b0                __sys_write
                0x000046b0                __write
 .text._sbrk    0x000046bc       0x40 c:/nxp/lpcxpresso_6.1.4_194/lpcxpresso/tools/bin/../lib/gcc/arm-none-eabi/4.6.2/../../../../arm-none-eabi/lib/armv7-m\libcr_semihost.a(_cr_sbrk.o)
                0x000046bc                _sbrk
 .text.__check_heap_overflow
                0x000046fc       0x2c c:/nxp/lpcxpresso_6.1.4_194/lpcxpresso/tools/bin/../lib/gcc/arm-none-eabi/4.6.2/../../../../arm-none-eabi/lib/armv7-m\libcr_semihost.a(_cr_check_heap.o)
                0x000046fc                __check_heap_overflow
 *(.rodata .rodata.* .constdata .constdata.*)
 .rodata        0x00004728        0x8 ./src/TEST_WDT.o
 .rodata        0x00004730       0xe4 ./src/main.o
 .rodata        0x00004814        0x8 ./FreeRTOS/src/tasks.o
 .rodata.heapSTRUCT_SIZE
                0x0000481c        0x2 ./FreeRTOS/port/memmang/heap_2.o
 *fill*         0x0000481e        0x2 00
 .rodata        0x00004820       0x10 ./FreeRTOS-IO/Device/LPC17xx/FreeRTOS_LPC17xx_wdt.o
 .rodata        0x00004830        0x8 ./FreeRTOS-IO/Common/FreeRTOS_DriverInterface.o
 .rodata.xAvailablePeripherals
                0x00004838        0xc ./FreeRTOS-IO/Common/FreeRTOS_DriverInterface.o
 .rodata        0x00004844       0x18 C:\Users\desd56\Desktop\final\final_code v2\17xx.Firmware\Debug\lib17xx.Firmware.a(lpc17xx_wdt.o)
 .rodata.str1.1
                0x0000485c       0x34 c:/nxp/lpcxpresso_6.1.4_194/lpcxpresso/tools/bin/../lib/gcc/arm-none-eabi/4.6.2/../../../../arm-none-eabi/lib/armv7-m\libcr_c.a(fpprintf.o)
                                 0x35 (size before relaxing)
 .rodata.str1.1
                0x00004890        0x4 c:/nxp/lpcxpresso_6.1.4_194/lpcxpresso/tools/bin/../lib/gcc/arm-none-eabi/4.6.2/../../../../arm-none-eabi/lib/armv7-m\libcr_c.a(initio.o)
 .rodata.str1.1
                0x00004894       0x31 c:/nxp/lpcxpresso_6.1.4_194/lpcxpresso/tools/bin/../lib/gcc/arm-none-eabi/4.6.2/../../../../arm-none-eabi/lib/armv7-m\libcr_c.a(printf.o)
                                 0x38 (size before relaxing)
 .rodata.str1.1
                0x000048c5       0x18 c:/nxp/lpcxpresso_6.1.4_194/lpcxpresso/tools/bin/../lib/gcc/arm-none-eabi/4.6.2/../../../../arm-none-eabi/lib/armv7-m\libcr_c.a(alloc.o)
 *fill*         0x000048dd        0x3 00
 .rodata.__huge_vall
                0x000048e0        0x8 c:/nxp/lpcxpresso_6.1.4_194/lpcxpresso/tools/bin/../lib/gcc/arm-none-eabi/4.6.2/../../../../arm-none-eabi/lib/armv7-m\libcr_c.a(_hugeval.o)
                0x000048e0                __huge_vall
                0x000048e8                . = ALIGN (0x4)

.glue_7         0x000048e8        0x0
 .glue_7        0x00000000        0x0 linker stubs

.glue_7t        0x000048e8        0x0
 .glue_7t       0x00000000        0x0 linker stubs

.vfp11_veneer   0x000048e8        0x0
 .vfp11_veneer  0x00000000        0x0 linker stubs

.v4_bx          0x000048e8        0x0
 .v4_bx         0x00000000        0x0 linker stubs

.ARM.extab
 *(.ARM.extab* .gnu.linkonce.armextab.*)
                0x000048e8                __exidx_start = .

.ARM.exidx
 *(.ARM.exidx* .gnu.linkonce.armexidx.*)
                0x000048e8                __exidx_end = .
                0x000048e8                _etext = .

.data_RAM2      0x2007c000        0x0 load address 0x000048e8
 FILL mask 0xff
 *(.data.$RAM2*)
 *(.data.$RamAHB32*)
                0x2007c000                . = ALIGN (0x4)

.uninit_RESERVED
                0x10000000        0x0
 *(.bss.$RESERVED*)
                0x10000000                . = ALIGN (0x4)
                0x10000000                _end_uninit_RESERVED = .

.data           0x10000000        0x8 load address 0x000048e8
 FILL mask 0xff
                0x10000000                _data = .
 *(vtable)
 *(.data*)
 .data.uxCriticalNesting
                0x10000000        0x4 ./FreeRTOS/port/lpcxpresso/m3/port.o
 .data.SystemCoreClock
                0x10000004        0x4 C:\Users\desd56\Desktop\final\final_code v2\CMSISv2p00_LPC17xx\Debug\libCMSISv2p00_LPC17xx.a(system_LPC17xx.o)
                0x10000004                SystemCoreClock
                0x10000008                . = ALIGN (0x4)
                0x10000008                _edata = .

.bss_RAM2       0x2007c000        0x0
 *(.bss.$RAM2*)
 *(.bss.$RamAHB32*)
                0x2007c000                . = ALIGN (0x4)

.bss            0x10000008      0xa68
                0x10000008                _bss = .
 *(.bss*)
 .bss.pxCurrentTCB
                0x10000008        0x4 ./FreeRTOS/src/tasks.o
                0x10000008                pxCurrentTCB
 .bss.pxReadyTasksLists
                0x1000000c       0x64 ./FreeRTOS/src/tasks.o
 .bss.xDelayedTaskList1
                0x10000070       0x14 ./FreeRTOS/src/tasks.o
 .bss.xDelayedTaskList2
                0x10000084       0x14 ./FreeRTOS/src/tasks.o
 .bss.pxDelayedTaskList
                0x10000098        0x4 ./FreeRTOS/src/tasks.o
 .bss.pxOverflowDelayedTaskList
                0x1000009c        0x4 ./FreeRTOS/src/tasks.o
 .bss.xPendingReadyList
                0x100000a0       0x14 ./FreeRTOS/src/tasks.o
 .bss.xTasksWaitingTermination
                0x100000b4       0x14 ./FreeRTOS/src/tasks.o
 .bss.uxTasksDeleted
                0x100000c8        0x4 ./FreeRTOS/src/tasks.o
 .bss.xSuspendedTaskList
                0x100000cc       0x14 ./FreeRTOS/src/tasks.o
 .bss.uxCurrentNumberOfTasks
                0x100000e0        0x4 ./FreeRTOS/src/tasks.o
 .bss.xTickCount
                0x100000e4        0x4 ./FreeRTOS/src/tasks.o
 .bss.uxTopUsedPriority
                0x100000e8        0x4 ./FreeRTOS/src/tasks.o
 .bss.uxTopReadyPriority
                0x100000ec        0x4 ./FreeRTOS/src/tasks.o
 .bss.xSchedulerRunning
                0x100000f0        0x4 ./FreeRTOS/src/tasks.o
 .bss.uxSchedulerSuspended
                0x100000f4        0x4 ./FreeRTOS/src/tasks.o
 .bss.uxMissedTicks
                0x100000f8        0x4 ./FreeRTOS/src/tasks.o
 .bss.xMissedYield
                0x100000fc        0x4 ./FreeRTOS/src/tasks.o
 .bss.xNumOfOverflows
                0x10000100        0x4 ./FreeRTOS/src/tasks.o
 .bss.uxTaskNumber
                0x10000104        0x4 ./FreeRTOS/src/tasks.o
 .bss.totalinuse
                0x10000108        0x4 ./FreeRTOS/port/memmang/heap_2.o
 .bss.xHeap     0x1000010c      0x7d0 ./FreeRTOS/port/memmang/heap_2.o
 .bss.xStart    0x100008dc        0x8 ./FreeRTOS/port/memmang/heap_2.o
 .bss.xEnd      0x100008e4        0x8 ./FreeRTOS/port/memmang/heap_2.o
 .bss.xHeapHasBeenInitialised.5067
                0x100008ec        0x4 ./FreeRTOS/port/memmang/heap_2.o
 .bss.xReturn   0x100008f0        0x4 ./FreeRTOS-IO/Device/LPC17xx/FreeRTOS_LPC17xx_wdt.o
                0x100008f0                xReturn
 .bss.errno     0x100008f4        0x4 c:/nxp/lpcxpresso_6.1.4_194/lpcxpresso/tools/bin/../lib/gcc/arm-none-eabi/4.6.2/../../../../arm-none-eabi/lib/armv7-m\libcr_c.a(errno.o)
                0x100008f4                errno
 *(COMMON)
 COMMON         0x100008f8       0x2c ./src/main.o
                0x100008f8                x2TaskHandle
                0x100008fc                counter3
                0x10000900                cnt2
                0x10000904                counter1
                0x10000908                x1TaskHandle
                0x1000090c                x4TaskMonitorHandle
                0x10000910                cnt3
                0x10000914                x3TaskHandle
                0x10000918                WDT_desc
                0x1000091c                cnt1
                0x10000920                counter2
 COMMON         0x10000924        0x4 c:/nxp/lpcxpresso_6.1.4_194/lpcxpresso/tools/bin/../lib/gcc/arm-none-eabi/4.6.2/../../../../arm-none-eabi/lib/armv7-m\libcr_c.a(initio.o)
                0x10000924                _extra
 COMMON         0x10000928      0x140 c:/nxp/lpcxpresso_6.1.4_194/lpcxpresso/tools/bin/../lib/gcc/arm-none-eabi/4.6.2/../../../../arm-none-eabi/lib/armv7-m\libcr_c.a(stdio.o)
                0x10000928                __Ciob
 COMMON         0x10000a68        0x8 c:/nxp/lpcxpresso_6.1.4_194/lpcxpresso/tools/bin/../lib/gcc/arm-none-eabi/4.6.2/../../../../arm-none-eabi/lib/armv7-m\libcr_c.a(__init_alloc.o)
                0x10000a68                __heaps
                0x10000a6c                __end_of_heap
                0x10000a70                . = ALIGN (0x4)
                0x10000a70                _ebss = .
                0x10000a70                PROVIDE (end, .)

.noinit_RAM2    0x2007c000        0x0
 *(.noinit.$RAM2*)
 *(.noinit.$RamAHB32*)
                0x2007c000                . = ALIGN (0x4)

.noinit         0x10000a70        0x0
                0x10000a70                _noinit = .
 *(.noinit*)
                0x10000a70                . = ALIGN (0x4)
                0x10000a70                _end_noinit = .
                0x10000a70                PROVIDE (_pvHeapStart, .)
                0x10008000                PROVIDE (_vStackTop, (__top_RamLoc32 - 0x0))
OUTPUT(FreeRTOS-IO_Demo.axf elf32-littlearm)

.debug_info     0x00000000     0x4e3e
 .debug_info    0x00000000      0x42b ./src/TEST_WDT.o
 .debug_info    0x0000042b      0x2ea ./src/cr_startup_lpc175x_6x.o
 .debug_info    0x00000715       0xd8 ./src/debug.o
 .debug_info    0x000007ed      0x7a0 ./src/main.o
 .debug_info    0x00000f8d      0x505 ./FreeRTOS/src/croutine.o
 .debug_info    0x00001492      0x2de ./FreeRTOS/src/list.o
 .debug_info    0x00001770      0x838 ./FreeRTOS/src/queue.o
 .debug_info    0x00001fa8      0xc97 ./FreeRTOS/src/tasks.o
 .debug_info    0x00002c3f      0x2ca ./FreeRTOS/port/memmang/heap_2.o
 .debug_info    0x00002f09      0x279 ./FreeRTOS/port/lpcxpresso/m3/port.o
 .debug_info    0x00003182      0x300 ./FreeRTOS-IO/Device/LPC17xx/FreeRTOS_LPC17xx_DriverInterface.o
 .debug_info    0x00003482      0x3d3 ./FreeRTOS-IO/Device/LPC17xx/FreeRTOS_LPC17xx_wdt.o
 .debug_info    0x00003855      0x47a ./FreeRTOS-IO/Common/FreeRTOS_DriverInterface.o
 .debug_info    0x00003ccf      0x38f C:\Users\desd56\Desktop\final\final_code v2\CMSISv2p00_LPC17xx\Debug\libCMSISv2p00_LPC17xx.a(system_LPC17xx.o)
 .debug_info    0x0000405e      0x609 C:\Users\desd56\Desktop\final\final_code v2\17xx.Firmware\Debug\lib17xx.Firmware.a(lpc17xx_wdt.o)
 .debug_info    0x00004667      0x6d7 C:\Users\desd56\Desktop\final\final_code v2\17xx.Firmware\Debug\lib17xx.Firmware.a(lpc17xx_clkpwr.o)
 .debug_info    0x00004d3e      0x100 C:\Users\desd56\Desktop\final\final_code v2\17xx.Firmware\Debug\lib17xx.Firmware.a(lpc17xx_libcfg_default.o)

.debug_abbrev   0x00000000     0x145b
 .debug_abbrev  0x00000000       0xe0 ./src/TEST_WDT.o
 .debug_abbrev  0x000000e0       0xf8 ./src/cr_startup_lpc175x_6x.o
 .debug_abbrev  0x000001d8       0x8e ./src/debug.o
 .debug_abbrev  0x00000266      0x179 ./src/main.o
 .debug_abbrev  0x000003df      0x19b ./FreeRTOS/src/croutine.o
 .debug_abbrev  0x0000057a       0xb6 ./FreeRTOS/src/list.o
 .debug_abbrev  0x00000630      0x181 ./FreeRTOS/src/queue.o
 .debug_abbrev  0x000007b1      0x1ca ./FreeRTOS/src/tasks.o
 .debug_abbrev  0x0000097b      0x15c ./FreeRTOS/port/memmang/heap_2.o
 .debug_abbrev  0x00000ad7      0x18e ./FreeRTOS/port/lpcxpresso/m3/port.o
 .debug_abbrev  0x00000c65       0xec ./FreeRTOS-IO/Device/LPC17xx/FreeRTOS_LPC17xx_DriverInterface.o
 .debug_abbrev  0x00000d51      0x10e ./FreeRTOS-IO/Device/LPC17xx/FreeRTOS_LPC17xx_wdt.o
 .debug_abbrev  0x00000e5f      0x127 ./FreeRTOS-IO/Common/FreeRTOS_DriverInterface.o
 .debug_abbrev  0x00000f86       0xe3 C:\Users\desd56\Desktop\final\final_code v2\CMSISv2p00_LPC17xx\Debug\libCMSISv2p00_LPC17xx.a(system_LPC17xx.o)
 .debug_abbrev  0x00001069      0x1d9 C:\Users\desd56\Desktop\final\final_code v2\17xx.Firmware\Debug\lib17xx.Firmware.a(lpc17xx_wdt.o)
 .debug_abbrev  0x00001242      0x197 C:\Users\desd56\Desktop\final\final_code v2\17xx.Firmware\Debug\lib17xx.Firmware.a(lpc17xx_clkpwr.o)
 .debug_abbrev  0x000013d9       0x82 C:\Users\desd56\Desktop\final\final_code v2\17xx.Firmware\Debug\lib17xx.Firmware.a(lpc17xx_libcfg_default.o)

.debug_loc      0x00000000     0x1884
 .debug_loc     0x00000000       0x70 ./src/TEST_WDT.o
 .debug_loc     0x00000070      0x260 ./src/cr_startup_lpc175x_6x.o
 .debug_loc     0x000002d0      0x200 ./src/main.o
 .debug_loc     0x000004d0      0x188 ./FreeRTOS/src/croutine.o
 .debug_loc     0x00000658      0x118 ./FreeRTOS/src/list.o
 .debug_loc     0x00000770      0x3b8 ./FreeRTOS/src/queue.o
 .debug_loc     0x00000b28      0x68c ./FreeRTOS/src/tasks.o
 .debug_loc     0x000011b4       0x9c ./FreeRTOS/port/memmang/heap_2.o
 .debug_loc     0x00001250      0x16c ./FreeRTOS/port/lpcxpresso/m3/port.o
 .debug_loc     0x000013bc       0x38 ./FreeRTOS-IO/Device/LPC17xx/FreeRTOS_LPC17xx_DriverInterface.o
 .debug_loc     0x000013f4       0x70 ./FreeRTOS-IO/Device/LPC17xx/FreeRTOS_LPC17xx_wdt.o
 .debug_loc     0x00001464       0x70 ./FreeRTOS-IO/Common/FreeRTOS_DriverInterface.o
 .debug_loc     0x000014d4       0x20 C:\Users\desd56\Desktop\final\final_code v2\CMSISv2p00_LPC17xx\Debug\libCMSISv2p00_LPC17xx.a(system_LPC17xx.o)
 .debug_loc     0x000014f4      0x1c8 C:\Users\desd56\Desktop\final\final_code v2\17xx.Firmware\Debug\lib17xx.Firmware.a(lpc17xx_wdt.o)
 .debug_loc     0x000016bc      0x190 C:\Users\desd56\Desktop\final\final_code v2\17xx.Firmware\Debug\lib17xx.Firmware.a(lpc17xx_clkpwr.o)
 .debug_loc     0x0000184c       0x38 C:\Users\desd56\Desktop\final\final_code v2\17xx.Firmware\Debug\lib17xx.Firmware.a(lpc17xx_libcfg_default.o)

.debug_aranges  0x00000000      0x570
 .debug_aranges
                0x00000000       0x28 ./src/TEST_WDT.o
 .debug_aranges
                0x00000028       0x80 ./src/cr_startup_lpc175x_6x.o
 .debug_aranges
                0x000000a8       0x68 ./src/main.o
 .debug_aranges
                0x00000110       0x50 ./FreeRTOS/src/croutine.o
 .debug_aranges
                0x00000160       0x40 ./FreeRTOS/src/list.o
 .debug_aranges
                0x000001a0       0xa0 ./FreeRTOS/src/queue.o
 .debug_aranges
                0x00000240      0x110 ./FreeRTOS/src/tasks.o
 .debug_aranges
                0x00000350       0x30 ./FreeRTOS/port/memmang/heap_2.o
 .debug_aranges
                0x00000380       0x80 ./FreeRTOS/port/lpcxpresso/m3/port.o
 .debug_aranges
                0x00000400       0x20 ./FreeRTOS-IO/Device/LPC17xx/FreeRTOS_LPC17xx_DriverInterface.o
 .debug_aranges
                0x00000420       0x28 ./FreeRTOS-IO/Device/LPC17xx/FreeRTOS_LPC17xx_wdt.o
 .debug_aranges
                0x00000448       0x28 ./FreeRTOS-IO/Common/FreeRTOS_DriverInterface.o
 .debug_aranges
                0x00000470       0x28 C:\Users\desd56\Desktop\final\final_code v2\CMSISv2p00_LPC17xx\Debug\libCMSISv2p00_LPC17xx.a(system_LPC17xx.o)
 .debug_aranges
                0x00000498       0x60 C:\Users\desd56\Desktop\final\final_code v2\17xx.Firmware\Debug\lib17xx.Firmware.a(lpc17xx_wdt.o)
 .debug_aranges
                0x000004f8       0x58 C:\Users\desd56\Desktop\final\final_code v2\17xx.Firmware\Debug\lib17xx.Firmware.a(lpc17xx_clkpwr.o)
 .debug_aranges
                0x00000550       0x20 C:\Users\desd56\Desktop\final\final_code v2\17xx.Firmware\Debug\lib17xx.Firmware.a(lpc17xx_libcfg_default.o)

.debug_ranges   0x00000000      0x470
 .debug_ranges  0x00000000       0x18 ./src/TEST_WDT.o
 .debug_ranges  0x00000018       0x70 ./src/cr_startup_lpc175x_6x.o
 .debug_ranges  0x00000088       0x58 ./src/main.o
 .debug_ranges  0x000000e0       0x40 ./FreeRTOS/src/croutine.o
 .debug_ranges  0x00000120       0x30 ./FreeRTOS/src/list.o
 .debug_ranges  0x00000150       0x90 ./FreeRTOS/src/queue.o
 .debug_ranges  0x000001e0      0x100 ./FreeRTOS/src/tasks.o
 .debug_ranges  0x000002e0       0x20 ./FreeRTOS/port/memmang/heap_2.o
 .debug_ranges  0x00000300       0x70 ./FreeRTOS/port/lpcxpresso/m3/port.o
 .debug_ranges  0x00000370       0x10 ./FreeRTOS-IO/Device/LPC17xx/FreeRTOS_LPC17xx_DriverInterface.o
 .debug_ranges  0x00000380       0x18 ./FreeRTOS-IO/Device/LPC17xx/FreeRTOS_LPC17xx_wdt.o
 .debug_ranges  0x00000398       0x18 ./FreeRTOS-IO/Common/FreeRTOS_DriverInterface.o
 .debug_ranges  0x000003b0       0x18 C:\Users\desd56\Desktop\final\final_code v2\CMSISv2p00_LPC17xx\Debug\libCMSISv2p00_LPC17xx.a(system_LPC17xx.o)
 .debug_ranges  0x000003c8       0x50 C:\Users\desd56\Desktop\final\final_code v2\17xx.Firmware\Debug\lib17xx.Firmware.a(lpc17xx_wdt.o)
 .debug_ranges  0x00000418       0x48 C:\Users\desd56\Desktop\final\final_code v2\17xx.Firmware\Debug\lib17xx.Firmware.a(lpc17xx_clkpwr.o)
 .debug_ranges  0x00000460       0x10 C:\Users\desd56\Desktop\final\final_code v2\17xx.Firmware\Debug\lib17xx.Firmware.a(lpc17xx_libcfg_default.o)

.debug_line     0x00000000     0x62fb
 .debug_line    0x00000000      0x412 ./src/TEST_WDT.o
 .debug_line    0x00000412      0x3fc ./src/cr_startup_lpc175x_6x.o
 .debug_line    0x0000080e      0x420 ./src/debug.o
 .debug_line    0x00000c2e      0x8a8 ./src/main.o
 .debug_line    0x000014d6      0x5fa ./FreeRTOS/src/croutine.o
 .debug_line    0x00001ad0      0x4f2 ./FreeRTOS/src/list.o
 .debug_line    0x00001fc2      0x6f4 ./FreeRTOS/src/queue.o
 .debug_line    0x000026b6      0x9b6 ./FreeRTOS/src/tasks.o
 .debug_line    0x0000306c      0x516 ./FreeRTOS/port/memmang/heap_2.o
 .debug_line    0x00003582      0x576 ./FreeRTOS/port/lpcxpresso/m3/port.o
 .debug_line    0x00003af8      0x5d5 ./FreeRTOS-IO/Device/LPC17xx/FreeRTOS_LPC17xx_DriverInterface.o
 .debug_line    0x000040cd      0x6fb ./FreeRTOS-IO/Device/LPC17xx/FreeRTOS_LPC17xx_wdt.o
 .debug_line    0x000047c8      0x73b ./FreeRTOS-IO/Common/FreeRTOS_DriverInterface.o
 .debug_line    0x00004f03      0x3ec C:\Users\desd56\Desktop\final\final_code v2\CMSISv2p00_LPC17xx\Debug\libCMSISv2p00_LPC17xx.a(system_LPC17xx.o)
 .debug_line    0x000052ef      0x653 C:\Users\desd56\Desktop\final\final_code v2\17xx.Firmware\Debug\lib17xx.Firmware.a(lpc17xx_wdt.o)
 .debug_line    0x00005942      0x4d8 C:\Users\desd56\Desktop\final\final_code v2\17xx.Firmware\Debug\lib17xx.Firmware.a(lpc17xx_clkpwr.o)
 .debug_line    0x00005e1a      0x4e1 C:\Users\desd56\Desktop\final\final_code v2\17xx.Firmware\Debug\lib17xx.Firmware.a(lpc17xx_libcfg_default.o)

.debug_macinfo  0x00000000    0xa34c7
 .debug_macinfo
                0x00000000     0x8521 ./src/TEST_WDT.o
 .debug_macinfo
                0x00008521     0x3d26 ./src/cr_startup_lpc175x_6x.o
 .debug_macinfo
                0x0000c247     0x8475 ./src/debug.o
 .debug_macinfo
                0x000146bc     0xb259 ./src/main.o
 .debug_macinfo
                0x0001f915     0x9de5 ./FreeRTOS/src/croutine.o
 .debug_macinfo
                0x000296fa     0x9641 ./FreeRTOS/src/list.o
 .debug_macinfo
                0x00032d3b     0xa033 ./FreeRTOS/src/queue.o
 .debug_macinfo
                0x0003cd6e     0xa2ed ./FreeRTOS/src/tasks.o
 .debug_macinfo
                0x0004705b     0x9b17 ./FreeRTOS/port/memmang/heap_2.o
 .debug_macinfo
                0x00050b72     0x9b01 ./FreeRTOS/port/lpcxpresso/m3/port.o
 .debug_macinfo
                0x0005a673     0xa6d0 ./FreeRTOS-IO/Device/LPC17xx/FreeRTOS_LPC17xx_DriverInterface.o
 .debug_macinfo
                0x00064d43     0xbb5a ./FreeRTOS-IO/Device/LPC17xx/FreeRTOS_LPC17xx_wdt.o
 .debug_macinfo
                0x0007089d     0xbb77 ./FreeRTOS-IO/Common/FreeRTOS_DriverInterface.o
 .debug_macinfo
                0x0007c414     0x8531 C:\Users\desd56\Desktop\final\final_code v2\CMSISv2p00_LPC17xx\Debug\libCMSISv2p00_LPC17xx.a(system_LPC17xx.o)
 .debug_macinfo
                0x00084945     0xb93b C:\Users\desd56\Desktop\final\final_code v2\17xx.Firmware\Debug\lib17xx.Firmware.a(lpc17xx_wdt.o)
 .debug_macinfo
                0x00090280     0x9769 C:\Users\desd56\Desktop\final\final_code v2\17xx.Firmware\Debug\lib17xx.Firmware.a(lpc17xx_clkpwr.o)
 .debug_macinfo
                0x000999e9     0x9ade C:\Users\desd56\Desktop\final\final_code v2\17xx.Firmware\Debug\lib17xx.Firmware.a(lpc17xx_libcfg_default.o)

.debug_str      0x00000000     0x1f6c
 .debug_str     0x00000000      0x266 ./src/TEST_WDT.o
                                0x2a2 (size before relaxing)
 .debug_str     0x00000266      0x17a ./src/cr_startup_lpc175x_6x.o
                                0x285 (size before relaxing)
 .debug_str     0x000003e0       0x23 ./src/debug.o
                                0x142 (size before relaxing)
 .debug_str     0x00000403      0x1a8 ./src/main.o
                                0x443 (size before relaxing)
 .debug_str     0x000005ab      0x33e ./FreeRTOS/src/croutine.o
                                0x485 (size before relaxing)
 .debug_str     0x000008e9       0xaa ./FreeRTOS/src/list.o
                                0x274 (size before relaxing)
 .debug_str     0x00000993      0x378 ./FreeRTOS/src/queue.o
                                0x567 (size before relaxing)
 .debug_str     0x00000d0b      0x525 ./FreeRTOS/src/tasks.o
                                0x812 (size before relaxing)
 .debug_str     0x00001230      0x12b ./FreeRTOS/port/memmang/heap_2.o
                                0x269 (size before relaxing)
 .debug_str     0x0000135b      0x177 ./FreeRTOS/port/lpcxpresso/m3/port.o
                                0x2d2 (size before relaxing)
 .debug_str     0x000014d2      0x1fd ./FreeRTOS-IO/Device/LPC17xx/FreeRTOS_LPC17xx_DriverInterface.o
                                0x36e (size before relaxing)
 .debug_str     0x000016cf       0xd9 ./FreeRTOS-IO/Device/LPC17xx/FreeRTOS_LPC17xx_wdt.o
                                0x3d8 (size before relaxing)
 .debug_str     0x000017a8       0xe6 ./FreeRTOS-IO/Common/FreeRTOS_DriverInterface.o
                                0x40c (size before relaxing)
 .debug_str     0x0000188e      0x1ac C:\Users\desd56\Desktop\final\final_code v2\CMSISv2p00_LPC17xx\Debug\libCMSISv2p00_LPC17xx.a(system_LPC17xx.o)
                                0x2b0 (size before relaxing)
 .debug_str     0x00001a3a      0x388 C:\Users\desd56\Desktop\final\final_code v2\17xx.Firmware\Debug\lib17xx.Firmware.a(lpc17xx_wdt.o)
                                0x565 (size before relaxing)
 .debug_str     0x00001dc2      0x173 C:\Users\desd56\Desktop\final\final_code v2\17xx.Firmware\Debug\lib17xx.Firmware.a(lpc17xx_clkpwr.o)
                                0x3c0 (size before relaxing)
 .debug_str     0x00001f35       0x37 C:\Users\desd56\Desktop\final\final_code v2\17xx.Firmware\Debug\lib17xx.Firmware.a(lpc17xx_libcfg_default.o)
                                0x16e (size before relaxing)

.comment        0x00000000       0xe0
 .comment       0x00000000       0x70 ./src/TEST_WDT.o
                                 0x71 (size before relaxing)
 .comment       0x00000000       0x71 ./src/cr_startup_lpc175x_6x.o
 .comment       0x00000000       0x71 ./src/debug.o
 .comment       0x00000000       0x71 ./src/main.o
 .comment       0x00000000       0x71 ./FreeRTOS/src/croutine.o
 .comment       0x00000000       0x71 ./FreeRTOS/src/list.o
 .comment       0x00000000       0x71 ./FreeRTOS/src/queue.o
 .comment       0x00000000       0x71 ./FreeRTOS/src/tasks.o
 .comment       0x00000000       0x71 ./FreeRTOS/port/memmang/heap_2.o
 .comment       0x00000000       0x71 ./FreeRTOS/port/lpcxpresso/m3/port.o
 .comment       0x00000000       0x71 ./FreeRTOS-IO/Device/LPC17xx/FreeRTOS_LPC17xx_DriverInterface.o
 .comment       0x00000000       0x71 ./FreeRTOS-IO/Device/LPC17xx/FreeRTOS_LPC17xx_wdt.o
 .comment       0x00000000       0x71 ./FreeRTOS-IO/Common/FreeRTOS_DriverInterface.o
 .comment       0x00000000       0x71 C:\Users\desd56\Desktop\final\final_code v2\CMSISv2p00_LPC17xx\Debug\libCMSISv2p00_LPC17xx.a(system_LPC17xx.o)
 .comment       0x00000000       0x71 C:\Users\desd56\Desktop\final\final_code v2\17xx.Firmware\Debug\lib17xx.Firmware.a(lpc17xx_wdt.o)
 .comment       0x00000000       0x71 C:\Users\desd56\Desktop\final\final_code v2\17xx.Firmware\Debug\lib17xx.Firmware.a(lpc17xx_clkpwr.o)
 .comment       0x00000000       0x71 C:\Users\desd56\Desktop\final\final_code v2\17xx.Firmware\Debug\lib17xx.Firmware.a(lpc17xx_libcfg_default.o)
 .comment       0x00000070       0x70 c:/nxp/lpcxpresso_6.1.4_194/lpcxpresso/tools/bin/../lib/gcc/arm-none-eabi/4.6.2/../../../../arm-none-eabi/lib/armv7-m\libcr_semihost.a(_cr__main.o)
                                 0x71 (size before relaxing)
 .comment       0x00000000       0x71 c:/nxp/lpcxpresso_6.1.4_194/lpcxpresso/tools/bin/../lib/gcc/arm-none-eabi/4.6.2/../../../../arm-none-eabi/lib/armv7-m\libcr_c.a(memcpy.o)
 .comment       0x00000000       0x71 c:/nxp/lpcxpresso_6.1.4_194/lpcxpresso/tools/bin/../lib/gcc/arm-none-eabi/4.6.2/../../../../arm-none-eabi/lib/armv7-m\libcr_c.a(memset.o)
 .comment       0x00000000       0x71 c:/nxp/lpcxpresso_6.1.4_194/lpcxpresso/tools/bin/../lib/gcc/arm-none-eabi/4.6.2/../../../../arm-none-eabi/lib/armv7-m\libcr_c.a(fpprintf.o)
 .comment       0x00000000       0x71 c:/nxp/lpcxpresso_6.1.4_194/lpcxpresso/tools/bin/../lib/gcc/arm-none-eabi/4.6.2/../../../../arm-none-eabi/lib/armv7-m\libcr_c.a(initio.o)
 .comment       0x00000000       0x71 c:/nxp/lpcxpresso_6.1.4_194/lpcxpresso/tools/bin/../lib/gcc/arm-none-eabi/4.6.2/../../../../arm-none-eabi/lib/armv7-m\libcr_c.a(memcmp.o)
 .comment       0x00000000       0x71 c:/nxp/lpcxpresso_6.1.4_194/lpcxpresso/tools/bin/../lib/gcc/arm-none-eabi/4.6.2/../../../../arm-none-eabi/lib/armv7-m\libcr_c.a(printf.o)
 .comment       0x00000000       0x71 c:/nxp/lpcxpresso_6.1.4_194/lpcxpresso/tools/bin/../lib/gcc/arm-none-eabi/4.6.2/../../../../arm-none-eabi/lib/armv7-m\libcr_c.a(setvbuf.o)
 .comment       0x00000000       0x71 c:/nxp/lpcxpresso_6.1.4_194/lpcxpresso/tools/bin/../lib/gcc/arm-none-eabi/4.6.2/../../../../arm-none-eabi/lib/armv7-m\libcr_c.a(stdio.o)
 .comment       0x00000000       0x71 c:/nxp/lpcxpresso_6.1.4_194/lpcxpresso/tools/bin/../lib/gcc/arm-none-eabi/4.6.2/../../../../arm-none-eabi/lib/armv7-m\libcr_c.a(strcmp.o)
 .comment       0x00000000       0x71 c:/nxp/lpcxpresso_6.1.4_194/lpcxpresso/tools/bin/../lib/gcc/arm-none-eabi/4.6.2/../../../../arm-none-eabi/lib/armv7-m\libcr_c.a(strlen.o)
 .comment       0x00000000       0x71 c:/nxp/lpcxpresso_6.1.4_194/lpcxpresso/tools/bin/../lib/gcc/arm-none-eabi/4.6.2/../../../../arm-none-eabi/lib/armv7-m\libcr_c.a(strncpy.o)
 .comment       0x00000000       0x71 c:/nxp/lpcxpresso_6.1.4_194/lpcxpresso/tools/bin/../lib/gcc/arm-none-eabi/4.6.2/../../../../arm-none-eabi/lib/armv7-m\libcr_c.a(__fillbuf.o)
 .comment       0x00000000       0x71 c:/nxp/lpcxpresso_6.1.4_194/lpcxpresso/tools/bin/../lib/gcc/arm-none-eabi/4.6.2/../../../../arm-none-eabi/lib/armv7-m\libcr_c.a(_deferredlazyseek.o)
 .comment       0x00000000       0x71 c:/nxp/lpcxpresso_6.1.4_194/lpcxpresso/tools/bin/../lib/gcc/arm-none-eabi/4.6.2/../../../../arm-none-eabi/lib/armv7-m\libcr_c.a(_fdopen.o)
 .comment       0x00000000       0x71 c:/nxp/lpcxpresso_6.1.4_194/lpcxpresso/tools/bin/../lib/gcc/arm-none-eabi/4.6.2/../../../../arm-none-eabi/lib/armv7-m\libcr_c.a(_fflush.o)
 .comment       0x00000000       0x71 c:/nxp/lpcxpresso_6.1.4_194/lpcxpresso/tools/bin/../lib/gcc/arm-none-eabi/4.6.2/../../../../arm-none-eabi/lib/armv7-m\libcr_c.a(_frexpl.o)
 .comment       0x00000000       0x71 c:/nxp/lpcxpresso_6.1.4_194/lpcxpresso/tools/bin/../lib/gcc/arm-none-eabi/4.6.2/../../../../arm-none-eabi/lib/armv7-m\libcr_c.a(_ldexpl.o)
 .comment       0x00000000       0x71 c:/nxp/lpcxpresso_6.1.4_194/lpcxpresso/tools/bin/../lib/gcc/arm-none-eabi/4.6.2/../../../../arm-none-eabi/lib/armv7-m\libcr_c.a(_writebuf.o)
 .comment       0x00000000       0x71 c:/nxp/lpcxpresso_6.1.4_194/lpcxpresso/tools/bin/../lib/gcc/arm-none-eabi/4.6.2/../../../../arm-none-eabi/lib/armv7-m\libcr_c.a(alloc.o)
 .comment       0x00000000       0x71 c:/nxp/lpcxpresso_6.1.4_194/lpcxpresso/tools/bin/../lib/gcc/arm-none-eabi/4.6.2/../../../../arm-none-eabi/lib/armv7-m\libcr_c.a(errno.o)
 .comment       0x00000000       0x71 c:/nxp/lpcxpresso_6.1.4_194/lpcxpresso/tools/bin/../lib/gcc/arm-none-eabi/4.6.2/../../../../arm-none-eabi/lib/armv7-m\libcr_c.a(fclose.o)
 .comment       0x00000000       0x71 c:/nxp/lpcxpresso_6.1.4_194/lpcxpresso/tools/bin/../lib/gcc/arm-none-eabi/4.6.2/../../../../arm-none-eabi/lib/armv7-m\libcr_c.a(fflush.o)
 .comment       0x00000000       0x71 c:/nxp/lpcxpresso_6.1.4_194/lpcxpresso/tools/bin/../lib/gcc/arm-none-eabi/4.6.2/../../../../arm-none-eabi/lib/armv7-m\libcr_c.a(fseek.o)
 .comment       0x00000000       0x71 c:/nxp/lpcxpresso_6.1.4_194/lpcxpresso/tools/bin/../lib/gcc/arm-none-eabi/4.6.2/../../../../arm-none-eabi/lib/armv7-m\libcr_c.a(ftell.o)
 .comment       0x00000000       0x71 c:/nxp/lpcxpresso_6.1.4_194/lpcxpresso/tools/bin/../lib/gcc/arm-none-eabi/4.6.2/../../../../arm-none-eabi/lib/armv7-m\libcr_c.a(remove.o)
 .comment       0x00000000       0x71 c:/nxp/lpcxpresso_6.1.4_194/lpcxpresso/tools/bin/../lib/gcc/arm-none-eabi/4.6.2/../../../../arm-none-eabi/lib/armv7-m\libcr_c.a(__init_alloc.o)
 .comment       0x00000000       0x71 c:/nxp/lpcxpresso_6.1.4_194/lpcxpresso/tools/bin/../lib/gcc/arm-none-eabi/4.6.2/../../../../arm-none-eabi/lib/armv7-m\libcr_c.a(_do_fflush.o)
 .comment       0x00000000       0x71 c:/nxp/lpcxpresso_6.1.4_194/lpcxpresso/tools/bin/../lib/gcc/arm-none-eabi/4.6.2/../../../../arm-none-eabi/lib/armv7-m\libcr_c.a(_hugeval.o)
 .comment       0x00000000       0x71 c:/nxp/lpcxpresso_6.1.4_194/lpcxpresso/tools/bin/../lib/gcc/arm-none-eabi/4.6.2/armv7-m\libcr_eabihelpers.a(double.o)
 .comment       0x00000000       0x71 c:/nxp/lpcxpresso_6.1.4_194/lpcxpresso/tools/bin/../lib/gcc/arm-none-eabi/4.6.2/../../../../arm-none-eabi/lib/armv7-m\libcr_semihost.a(_cr_sbrk.o)
 .comment       0x00000000       0x71 c:/nxp/lpcxpresso_6.1.4_194/lpcxpresso/tools/bin/../lib/gcc/arm-none-eabi/4.6.2/../../../../arm-none-eabi/lib/armv7-m\libcr_semihost.a(_cr_check_heap.o)

.ARM.attributes
                0x00000000       0x31
 .ARM.attributes
                0x00000000       0x33 ./src/TEST_WDT.o
 .ARM.attributes
                0x00000033       0x33 ./src/cr_startup_lpc175x_6x.o
 .ARM.attributes
                0x00000066       0x33 ./src/debug.o
 .ARM.attributes
                0x00000099       0x33 ./src/main.o
 .ARM.attributes
                0x000000cc       0x33 ./FreeRTOS/src/croutine.o
 .ARM.attributes
                0x000000ff       0x33 ./FreeRTOS/src/list.o
 .ARM.attributes
                0x00000132       0x33 ./FreeRTOS/src/queue.o
 .ARM.attributes
                0x00000165       0x33 ./FreeRTOS/src/tasks.o
 .ARM.attributes
                0x00000198       0x33 ./FreeRTOS/port/memmang/heap_2.o
 .ARM.attributes
                0x000001cb       0x33 ./FreeRTOS/port/lpcxpresso/m3/port.o
 .ARM.attributes
                0x000001fe       0x33 ./FreeRTOS-IO/Device/LPC17xx/FreeRTOS_LPC17xx_DriverInterface.o
 .ARM.attributes
                0x00000231       0x33 ./FreeRTOS-IO/Device/LPC17xx/FreeRTOS_LPC17xx_wdt.o
 .ARM.attributes
                0x00000264       0x33 ./FreeRTOS-IO/Common/FreeRTOS_DriverInterface.o
 .ARM.attributes
                0x00000297       0x33 C:\Users\desd56\Desktop\final\final_code v2\CMSISv2p00_LPC17xx\Debug\libCMSISv2p00_LPC17xx.a(system_LPC17xx.o)
 .ARM.attributes
                0x000002ca       0x33 C:\Users\desd56\Desktop\final\final_code v2\17xx.Firmware\Debug\lib17xx.Firmware.a(lpc17xx_wdt.o)
 .ARM.attributes
                0x000002fd       0x33 C:\Users\desd56\Desktop\final\final_code v2\17xx.Firmware\Debug\lib17xx.Firmware.a(lpc17xx_clkpwr.o)
 .ARM.attributes
                0x00000330       0x33 C:\Users\desd56\Desktop\final\final_code v2\17xx.Firmware\Debug\lib17xx.Firmware.a(lpc17xx_libcfg_default.o)
 .ARM.attributes
                0x00000363       0x33 c:/nxp/lpcxpresso_6.1.4_194/lpcxpresso/tools/bin/../lib/gcc/arm-none-eabi/4.6.2/../../../../arm-none-eabi/lib/armv7-m\libcr_semihost.a(_cr__main.o)
 .ARM.attributes
                0x00000396       0x33 c:/nxp/lpcxpresso_6.1.4_194/lpcxpresso/tools/bin/../lib/gcc/arm-none-eabi/4.6.2/../../../../arm-none-eabi/lib/armv7-m\libcr_c.a(memcpy.o)
 .ARM.attributes
                0x000003c9       0x33 c:/nxp/lpcxpresso_6.1.4_194/lpcxpresso/tools/bin/../lib/gcc/arm-none-eabi/4.6.2/../../../../arm-none-eabi/lib/armv7-m\libcr_c.a(memset.o)
 .ARM.attributes
                0x000003fc       0x33 c:/nxp/lpcxpresso_6.1.4_194/lpcxpresso/tools/bin/../lib/gcc/arm-none-eabi/4.6.2/../../../../arm-none-eabi/lib/armv7-m\libcr_c.a(fpprintf.o)
 .ARM.attributes
                0x0000042f       0x33 c:/nxp/lpcxpresso_6.1.4_194/lpcxpresso/tools/bin/../lib/gcc/arm-none-eabi/4.6.2/../../../../arm-none-eabi/lib/armv7-m\libcr_c.a(initio.o)
 .ARM.attributes
                0x00000462       0x33 c:/nxp/lpcxpresso_6.1.4_194/lpcxpresso/tools/bin/../lib/gcc/arm-none-eabi/4.6.2/../../../../arm-none-eabi/lib/armv7-m\libcr_c.a(memcmp.o)
 .ARM.attributes
                0x00000495       0x33 c:/nxp/lpcxpresso_6.1.4_194/lpcxpresso/tools/bin/../lib/gcc/arm-none-eabi/4.6.2/../../../../arm-none-eabi/lib/armv7-m\libcr_c.a(printf.o)
 .ARM.attributes
                0x000004c8       0x33 c:/nxp/lpcxpresso_6.1.4_194/lpcxpresso/tools/bin/../lib/gcc/arm-none-eabi/4.6.2/../../../../arm-none-eabi/lib/armv7-m\libcr_c.a(setvbuf.o)
 .ARM.attributes
                0x000004fb       0x33 c:/nxp/lpcxpresso_6.1.4_194/lpcxpresso/tools/bin/../lib/gcc/arm-none-eabi/4.6.2/../../../../arm-none-eabi/lib/armv7-m\libcr_c.a(stdio.o)
 .ARM.attributes
                0x0000052e       0x33 c:/nxp/lpcxpresso_6.1.4_194/lpcxpresso/tools/bin/../lib/gcc/arm-none-eabi/4.6.2/../../../../arm-none-eabi/lib/armv7-m\libcr_c.a(strcmp.o)
 .ARM.attributes
                0x00000561       0x33 c:/nxp/lpcxpresso_6.1.4_194/lpcxpresso/tools/bin/../lib/gcc/arm-none-eabi/4.6.2/../../../../arm-none-eabi/lib/armv7-m\libcr_c.a(strlen.o)
 .ARM.attributes
                0x00000594       0x33 c:/nxp/lpcxpresso_6.1.4_194/lpcxpresso/tools/bin/../lib/gcc/arm-none-eabi/4.6.2/../../../../arm-none-eabi/lib/armv7-m\libcr_c.a(strncpy.o)
 .ARM.attributes
                0x000005c7       0x33 c:/nxp/lpcxpresso_6.1.4_194/lpcxpresso/tools/bin/../lib/gcc/arm-none-eabi/4.6.2/../../../../arm-none-eabi/lib/armv7-m\libcr_c.a(__fillbuf.o)
 .ARM.attributes
                0x000005fa       0x33 c:/nxp/lpcxpresso_6.1.4_194/lpcxpresso/tools/bin/../lib/gcc/arm-none-eabi/4.6.2/../../../../arm-none-eabi/lib/armv7-m\libcr_c.a(_deferredlazyseek.o)
 .ARM.attributes
                0x0000062d       0x33 c:/nxp/lpcxpresso_6.1.4_194/lpcxpresso/tools/bin/../lib/gcc/arm-none-eabi/4.6.2/../../../../arm-none-eabi/lib/armv7-m\libcr_c.a(_fdopen.o)
 .ARM.attributes
                0x00000660       0x33 c:/nxp/lpcxpresso_6.1.4_194/lpcxpresso/tools/bin/../lib/gcc/arm-none-eabi/4.6.2/../../../../arm-none-eabi/lib/armv7-m\libcr_c.a(_fflush.o)
 .ARM.attributes
                0x00000693       0x33 c:/nxp/lpcxpresso_6.1.4_194/lpcxpresso/tools/bin/../lib/gcc/arm-none-eabi/4.6.2/../../../../arm-none-eabi/lib/armv7-m\libcr_c.a(_frexpl.o)
 .ARM.attributes
                0x000006c6       0x33 c:/nxp/lpcxpresso_6.1.4_194/lpcxpresso/tools/bin/../lib/gcc/arm-none-eabi/4.6.2/../../../../arm-none-eabi/lib/armv7-m\libcr_c.a(_ldexpl.o)
 .ARM.attributes
                0x000006f9       0x33 c:/nxp/lpcxpresso_6.1.4_194/lpcxpresso/tools/bin/../lib/gcc/arm-none-eabi/4.6.2/../../../../arm-none-eabi/lib/armv7-m\libcr_c.a(_writebuf.o)
 .ARM.attributes
                0x0000072c       0x33 c:/nxp/lpcxpresso_6.1.4_194/lpcxpresso/tools/bin/../lib/gcc/arm-none-eabi/4.6.2/../../../../arm-none-eabi/lib/armv7-m\libcr_c.a(alloc.o)
 .ARM.attributes
                0x0000075f       0x33 c:/nxp/lpcxpresso_6.1.4_194/lpcxpresso/tools/bin/../lib/gcc/arm-none-eabi/4.6.2/../../../../arm-none-eabi/lib/armv7-m\libcr_c.a(errno.o)
 .ARM.attributes
                0x00000792       0x33 c:/nxp/lpcxpresso_6.1.4_194/lpcxpresso/tools/bin/../lib/gcc/arm-none-eabi/4.6.2/../../../../arm-none-eabi/lib/armv7-m\libcr_c.a(fclose.o)
 .ARM.attributes
                0x000007c5       0x33 c:/nxp/lpcxpresso_6.1.4_194/lpcxpresso/tools/bin/../lib/gcc/arm-none-eabi/4.6.2/../../../../arm-none-eabi/lib/armv7-m\libcr_c.a(fflush.o)
 .ARM.attributes
                0x000007f8       0x33 c:/nxp/lpcxpresso_6.1.4_194/lpcxpresso/tools/bin/../lib/gcc/arm-none-eabi/4.6.2/../../../../arm-none-eabi/lib/armv7-m\libcr_c.a(fseek.o)
 .ARM.attributes
                0x0000082b       0x33 c:/nxp/lpcxpresso_6.1.4_194/lpcxpresso/tools/bin/../lib/gcc/arm-none-eabi/4.6.2/../../../../arm-none-eabi/lib/armv7-m\libcr_c.a(ftell.o)
 .ARM.attributes
                0x0000085e       0x33 c:/nxp/lpcxpresso_6.1.4_194/lpcxpresso/tools/bin/../lib/gcc/arm-none-eabi/4.6.2/../../../../arm-none-eabi/lib/armv7-m\libcr_c.a(remove.o)
 .ARM.attributes
                0x00000891       0x33 c:/nxp/lpcxpresso_6.1.4_194/lpcxpresso/tools/bin/../lib/gcc/arm-none-eabi/4.6.2/../../../../arm-none-eabi/lib/armv7-m\libcr_c.a(__init_alloc.o)
 .ARM.attributes
                0x000008c4       0x33 c:/nxp/lpcxpresso_6.1.4_194/lpcxpresso/tools/bin/../lib/gcc/arm-none-eabi/4.6.2/../../../../arm-none-eabi/lib/armv7-m\libcr_c.a(_do_fflush.o)
 .ARM.attributes
                0x000008f7       0x33 c:/nxp/lpcxpresso_6.1.4_194/lpcxpresso/tools/bin/../lib/gcc/arm-none-eabi/4.6.2/../../../../arm-none-eabi/lib/armv7-m\libcr_c.a(_hugeval.o)
 .ARM.attributes
                0x0000092a       0x21 c:/nxp/lpcxpresso_6.1.4_194/lpcxpresso/tools/bin/../lib/gcc/arm-none-eabi/4.6.2/armv7-m\libcr_eabihelpers.a(division.o)
 .ARM.attributes
                0x0000094b       0x33 c:/nxp/lpcxpresso_6.1.4_194/lpcxpresso/tools/bin/../lib/gcc/arm-none-eabi/4.6.2/armv7-m\libcr_eabihelpers.a(double.o)
 .ARM.attributes
                0x0000097e       0x21 c:/nxp/lpcxpresso_6.1.4_194/lpcxpresso/tools/bin/../lib/gcc/arm-none-eabi/4.6.2/armv7-m\libcr_eabihelpers.a(memcpy.o)
 .ARM.attributes
                0x0000099f       0x21 c:/nxp/lpcxpresso_6.1.4_194/lpcxpresso/tools/bin/../lib/gcc/arm-none-eabi/4.6.2/../../../../arm-none-eabi/lib/armv7-m\libcr_semihost.a(__sys_appexit.o)
 .ARM.attributes
                0x000009c0       0x21 c:/nxp/lpcxpresso_6.1.4_194/lpcxpresso/tools/bin/../lib/gcc/arm-none-eabi/4.6.2/../../../../arm-none-eabi/lib/armv7-m\libcr_semihost.a(__sys_close.o)
 .ARM.attributes
                0x000009e1       0x21 c:/nxp/lpcxpresso_6.1.4_194/lpcxpresso/tools/bin/../lib/gcc/arm-none-eabi/4.6.2/../../../../arm-none-eabi/lib/armv7-m\libcr_semihost.a(__sys_flen.o)
 .ARM.attributes
                0x00000a02       0x21 c:/nxp/lpcxpresso_6.1.4_194/lpcxpresso/tools/bin/../lib/gcc/arm-none-eabi/4.6.2/../../../../arm-none-eabi/lib/armv7-m\libcr_semihost.a(__sys_istty.o)
 .ARM.attributes
                0x00000a23       0x21 c:/nxp/lpcxpresso_6.1.4_194/lpcxpresso/tools/bin/../lib/gcc/arm-none-eabi/4.6.2/../../../../arm-none-eabi/lib/armv7-m\libcr_semihost.a(__sys_read.o)
 .ARM.attributes
                0x00000a44       0x21 c:/nxp/lpcxpresso_6.1.4_194/lpcxpresso/tools/bin/../lib/gcc/arm-none-eabi/4.6.2/../../../../arm-none-eabi/lib/armv7-m\libcr_semihost.a(__sys_readc.o)
 .ARM.attributes
                0x00000a65       0x21 c:/nxp/lpcxpresso_6.1.4_194/lpcxpresso/tools/bin/../lib/gcc/arm-none-eabi/4.6.2/../../../../arm-none-eabi/lib/armv7-m\libcr_semihost.a(__sys_remove.o)
 .ARM.attributes
                0x00000a86       0x21 c:/nxp/lpcxpresso_6.1.4_194/lpcxpresso/tools/bin/../lib/gcc/arm-none-eabi/4.6.2/../../../../arm-none-eabi/lib/armv7-m\libcr_semihost.a(__sys_rename.o)
 .ARM.attributes
                0x00000aa7       0x21 c:/nxp/lpcxpresso_6.1.4_194/lpcxpresso/tools/bin/../lib/gcc/arm-none-eabi/4.6.2/../../../../arm-none-eabi/lib/armv7-m\libcr_semihost.a(__sys_seek.o)
 .ARM.attributes
                0x00000ac8       0x21 c:/nxp/lpcxpresso_6.1.4_194/lpcxpresso/tools/bin/../lib/gcc/arm-none-eabi/4.6.2/../../../../arm-none-eabi/lib/armv7-m\libcr_semihost.a(__sys_tmpnam.o)
 .ARM.attributes
                0x00000ae9       0x21 c:/nxp/lpcxpresso_6.1.4_194/lpcxpresso/tools/bin/../lib/gcc/arm-none-eabi/4.6.2/../../../../arm-none-eabi/lib/armv7-m\libcr_semihost.a(__sys_write.o)
 .ARM.attributes
                0x00000b0a       0x33 c:/nxp/lpcxpresso_6.1.4_194/lpcxpresso/tools/bin/../lib/gcc/arm-none-eabi/4.6.2/../../../../arm-none-eabi/lib/armv7-m\libcr_semihost.a(_cr_sbrk.o)
 .ARM.attributes
                0x00000b3d       0x33 c:/nxp/lpcxpresso_6.1.4_194/lpcxpresso/tools/bin/../lib/gcc/arm-none-eabi/4.6.2/../../../../arm-none-eabi/lib/armv7-m\libcr_semihost.a(_cr_check_heap.o)

.debug_frame    0x00000000      0xf0c
 .debug_frame   0x00000000       0x4c ./src/TEST_WDT.o
 .debug_frame   0x0000004c      0x158 ./src/cr_startup_lpc175x_6x.o
 .debug_frame   0x000001a4      0x13c ./src/main.o
 .debug_frame   0x000002e0       0xf0 ./FreeRTOS/src/croutine.o
 .debug_frame   0x000003d0       0x9c ./FreeRTOS/src/list.o
 .debug_frame   0x0000046c      0x21c ./FreeRTOS/src/queue.o
 .debug_frame   0x00000688      0x3c0 ./FreeRTOS/src/tasks.o
 .debug_frame   0x00000a48       0x68 ./FreeRTOS/port/memmang/heap_2.o
 .debug_frame   0x00000ab0      0x134 ./FreeRTOS/port/lpcxpresso/m3/port.o
 .debug_frame   0x00000be4       0x30 ./FreeRTOS-IO/Device/LPC17xx/FreeRTOS_LPC17xx_DriverInterface.o
 .debug_frame   0x00000c14       0x50 ./FreeRTOS-IO/Device/LPC17xx/FreeRTOS_LPC17xx_wdt.o
 .debug_frame   0x00000c64       0x50 ./FreeRTOS-IO/Common/FreeRTOS_DriverInterface.o
 .debug_frame   0x00000cb4       0x3c C:\Users\desd56\Desktop\final\final_code v2\CMSISv2p00_LPC17xx\Debug\libCMSISv2p00_LPC17xx.a(system_LPC17xx.o)
 .debug_frame   0x00000cf0      0x10c C:\Users\desd56\Desktop\final\final_code v2\17xx.Firmware\Debug\lib17xx.Firmware.a(lpc17xx_wdt.o)
 .debug_frame   0x00000dfc       0xe4 C:\Users\desd56\Desktop\final\final_code v2\17xx.Firmware\Debug\lib17xx.Firmware.a(lpc17xx_clkpwr.o)
 .debug_frame   0x00000ee0       0x2c C:\Users\desd56\Desktop\final\final_code v2\17xx.Firmware\Debug\lib17xx.Firmware.a(lpc17xx_libcfg_default.o)
